2026-02-17 18:30:58,794 [main] INFO  com.polarion.core.boot.impl.AppLaunchersManager - Using logging context STANDALONE
2026-02-17 18:30:58,796 [main] INFO  com.polarion.core.boot.impl.AppLaunchersManager - Launchers manager started...
2026-02-17 18:30:58,796 [main] INFO  com.polarion.core.boot.impl.AppLaunchersManager - Using home directory /opt/polarion/polarion
2026-02-17 18:30:58,796 [main] INFO  com.polarion.core.boot.impl.AppLaunchersManager - Using root directory /opt/polarion
2026-02-17 18:30:58,796 [main] INFO  com.polarion.core.boot.impl.AppLaunchersManager - Using workspace directory /opt/polarion/data/workspace
2026-02-17 18:30:58,797 [main] INFO  com.polarion.core.boot.impl.AppLaunchersManager - Using config directory /opt/polarion/data/workspace/.config
2026-02-17 18:30:58,799 [main] INFO  com.polarion.core.boot.impl.AppLaunchersManager - Esapi config directory/opt/polarion/polarion/plugins/com.polarion.core.util_3.26.6/resources/esapi/
2026-02-17 18:30:58,799 [main] INFO  com.polarion.core.boot.impl.AppLaunchersManager - Loading external properties ...
2026-02-17 18:30:58,799 [main] INFO  com.polarion.core.boot.impl.AppLaunchersManager - Using external property file /opt/polarion/etc/polarion.properties
2026-02-17 18:30:58,800 [main] INFO  com.polarion.core.boot.impl.AppLaunchersManager - Loading internal properties ...
2026-02-17 18:30:58,801 [main] INFO  com.polarion.core.boot.impl.AppLaunchersManager - Siemens Analytics is enabled: false
2026-02-17 18:30:58,801 [main] INFO  com.polarion.core.boot.impl.AppLaunchersManager - Using Siemens Analytics production server: false
2026-02-17 18:30:58,802 [main] INFO  com.polarion.core.boot.impl.AppLaunchersManager - Host: debian12-nehbabsq-19041 (10.249.245.196)
2026-02-17 18:30:58,818 [main] INFO  com.polarion.core.boot.impl.AppLaunchersManager - Product: com.polarion.alm
2026-02-17 18:30:58,818 [main] INFO  com.polarion.core.boot.impl.AppLaunchersManager - Version: 3.26.6
2026-02-17 18:30:58,818 [main] INFO  com.polarion.core.boot.impl.AppLaunchersManager - Build: 20260216-1021-DPP-1189260-526927e6
2026-02-17 18:30:58,818 [main] INFO  com.polarion.core.boot.impl.AppLaunchersManager - Extensions: [WikiScriptingTools]
2026-02-17 18:30:58,821 [main] INFO  com.polarion.core.boot.impl.AppLaunchersManager - Workspace location: /opt/polarion/data/workspace
2026-02-17 18:30:58,822 [main] INFO  com.polarion.core.boot.impl.AppLaunchersManager - Workspace lock acquired
2026-02-17 18:30:58,822 [main] INFO  com.polarion.core.boot.impl.AppLaunchersManager - Found applications: [polarion.server, polarion.coordinator, polarion.rt]
2026-02-17 18:30:58,822 [main] INFO  com.polarion.core.boot.impl.AppLaunchersManager - Starting application: polarion.server
2026-02-17 18:30:58,829 [main] INFO  com.polarion.core.boot.impl.AppLaunchersManager - Application extension successfully read
2026-02-17 18:30:58,841 [main] INFO  com.polarion.platform.internal.SystemStatistics - Initializing monitoring, isThreadCpuTimeSupported: true, isThreadContentionMonitoringSupported: true, isThreadAllocatedMemorySupported: true
2026-02-17 18:30:58,844 [main] INFO  com.polarion.platform.internal.SystemStatistics - State before enabling: isThreadCpuTimeEnabled: true, isThreadContentionMonitoringEnabled: false, isThreadAllocatedMemoryEnabled: true
2026-02-17 18:30:58,845 [main] INFO  com.polarion.platform.internal.SystemStatistics - State after enabling: isThreadCpuTimeEnabled: true, isThreadContentionMonitoringEnabled: false, isThreadAllocatedMemoryEnabled: true
2026-02-17 18:30:58,850 [main] INFO  com.polarion.platform.startup - ****************************************************************
2026-02-17 18:30:58,850 [main] INFO  com.polarion.platform.startup -                 Polarion starting, please wait!                 
2026-02-17 18:30:58,850 [main] INFO  com.polarion.platform.startup - ****************************************************************
2026-02-17 18:30:58,851 [main] INFO  com.polarion.platform.startup - JVM version: 21.0.8+9-LTS
2026-02-17 18:30:58,851 [main] INFO  com.polarion.platform.startup - Server start mode: normal
2026-02-17 18:30:58,896 [main] INFO  com.siemens.polarion.secrets.manager.crypto.impl.CryptoService - secrets-manager: secrets-manager is : FILE
2026-02-17 18:30:58,903 [main] INFO  com.siemens.polarion.secrets.manager.impl.FileBackedSecretsManager - secrets-manager: Reading secret version null from path: default.rt.sharedSecret.key
2026-02-17 18:30:58,904 [main] INFO  com.siemens.polarion.secrets.manager.operations.impl.ReadFileBackedSecretOperation - secrets-manager: Reading secret with key : default.rt.sharedSecret.key and version : null
2026-02-17 18:30:59,167 [main] INFO  com.siemens.polarion.secrets.manager.impl.FileBackedSecretsManager - secrets-manager: Reading secret version null from path: admin.user.password.key
2026-02-17 18:30:59,168 [main] INFO  com.siemens.polarion.secrets.manager.operations.impl.ReadFileBackedSecretOperation - secrets-manager: Reading secret with key : admin.user.password.key and version : null
2026-02-17 18:30:59,170 [main] INFO  com.polarion.platform.startup - ------------------------------
2026-02-17 18:30:59,176 [main] INFO  com.polarion.platform.startup - Platform startup (Phase: 1/9)
2026-02-17 18:30:59,177 [main] INFO  com.polarion.psvn.launcher.PolarionSVNApplication - **** Java system properties listing: 
2026-02-17 18:30:59,203 [main] INFO  com.polarion.psvn.launcher.PolarionSVNApplication - adminPasswd = admin
2026-02-17 18:30:59,203 [main] INFO  com.polarion.psvn.launcher.PolarionSVNApplication - adminUser = admin
2026-02-17 18:30:59,203 [main] INFO  com.polarion.psvn.launcher.PolarionSVNApplication - announcer.smtp.auth = false
2026-02-17 18:30:59,203 [main] INFO  com.polarion.psvn.launcher.PolarionSVNApplication - announcer.smtp.host = gtinotify.net.plm.eds.com
2026-02-17 18:30:59,203 [main] INFO  com.polarion.psvn.launcher.PolarionSVNApplication - announcer.smtp.password = **PASSWORD**HIDDEN**
2026-02-17 18:30:59,203 [main] INFO  com.polarion.psvn.launcher.PolarionSVNApplication - announcer.smtp.port = 25
2026-02-17 18:30:59,203 [main] INFO  com.polarion.psvn.launcher.PolarionSVNApplication - announcer.smtp.user = 
2026-02-17 18:30:59,203 [main] INFO  com.polarion.psvn.launcher.PolarionSVNApplication - base.url = https://debian12-nehbabsq-19041.polarion.net.plm.eds.com
2026-02-17 18:30:59,203 [main] INFO  com.polarion.psvn.launcher.PolarionSVNApplication - bfh.jobs.workdir = /opt/polarion/data/workspace/polarion-data/jobs
2026-02-17 18:30:59,203 [main] INFO  com.polarion.psvn.launcher.PolarionSVNApplication - BIRDir = /opt/polarion/data/BIR
2026-02-17 18:30:59,203 [main] INFO  com.polarion.psvn.launcher.PolarionSVNApplication - calculated.fields.mode = async
2026-02-17 18:30:59,203 [main] INFO  com.polarion.psvn.launcher.PolarionSVNApplication - com.polarion.activation.activationHelpLink = https://polarion.plm.automation.siemens.com/getlicense
2026-02-17 18:30:59,203 [main] INFO  com.polarion.psvn.launcher.PolarionSVNApplication - com.polarion.activation.server = https://license.polarion.com/licenseGenerator/generator/generate
2026-02-17 18:30:59,203 [main] INFO  com.polarion.psvn.launcher.PolarionSVNApplication - com.polarion.application = polarion.server
2026-02-17 18:30:59,203 [main] INFO  com.polarion.psvn.launcher.PolarionSVNApplication - com.polarion.config = /opt/polarion/data/workspace/.config
2026-02-17 18:30:59,203 [main] INFO  com.polarion.psvn.launcher.PolarionSVNApplication - com.polarion.data = /opt/polarion/data
2026-02-17 18:30:59,204 [main] INFO  com.polarion.psvn.launcher.PolarionSVNApplication - com.polarion.eclipse = /opt/polarion/polarion
2026-02-17 18:30:59,204 [main] INFO  com.polarion.psvn.launcher.PolarionSVNApplication - com.polarion.home = /opt/polarion/polarion
2026-02-17 18:30:59,204 [main] INFO  com.polarion.psvn.launcher.PolarionSVNApplication - com.polarion.licenseDir = /opt/polarion/polarion/license
2026-02-17 18:30:59,204 [main] INFO  com.polarion.psvn.launcher.PolarionSVNApplication - com.polarion.logs.main = /opt/polarion/data/logs/main
2026-02-17 18:30:59,204 [main] INFO  com.polarion.psvn.launcher.PolarionSVNApplication - com.polarion.platform.internalPG = polarion:polarion@localhost:5433
2026-02-17 18:30:59,204 [main] INFO  com.polarion.psvn.launcher.PolarionSVNApplication - com.polarion.platform.monitoring.notifications.disabled = true
2026-02-17 18:30:59,204 [main] INFO  com.polarion.psvn.launcher.PolarionSVNApplication - com.polarion.platform.monitoring.notifications.receivers = 
2026-02-17 18:30:59,204 [main] INFO  com.polarion.psvn.launcher.PolarionSVNApplication - com.polarion.platform.monitoring.notifications.sender = 
2026-02-17 18:30:59,204 [main] INFO  com.polarion.psvn.launcher.PolarionSVNApplication - com.polarion.platform.monitoring.notifications.subject.prefix = 
2026-02-17 18:30:59,204 [main] INFO  com.polarion.psvn.launcher.PolarionSVNApplication - com.polarion.platform.persistence.notifications.disabled = false
2026-02-17 18:30:59,204 [main] INFO  com.polarion.psvn.launcher.PolarionSVNApplication - com.polarion.propertyFile = /opt/polarion/etc/polarion.properties
2026-02-17 18:30:59,204 [main] INFO  com.polarion.psvn.launcher.PolarionSVNApplication - com.polarion.root = /opt/polarion
2026-02-17 18:30:59,204 [main] INFO  com.polarion.psvn.launcher.PolarionSVNApplication - com.polarion.scripting.allowedSecurityServiceMethods = *
2026-02-17 18:30:59,204 [main] INFO  com.polarion.psvn.launcher.PolarionSVNApplication - com.polarion.scripting.job.allowedSecurityServiceMethods = *
2026-02-17 18:30:59,204 [main] INFO  com.polarion.psvn.launcher.PolarionSVNApplication - com.polarion.workspace = /opt/polarion/data/workspace
2026-02-17 18:30:59,204 [main] INFO  com.polarion.psvn.launcher.PolarionSVNApplication - com.siemens.polarion.analytics.enabled = false
2026-02-17 18:30:59,204 [main] INFO  com.polarion.psvn.launcher.PolarionSVNApplication - com.siemens.polarion.analytics.useProductionServer = false
2026-02-17 18:30:59,204 [main] INFO  com.polarion.psvn.launcher.PolarionSVNApplication - com.siemens.polarion.collaborationNotifications.enabled = true
2026-02-17 18:30:59,204 [main] INFO  com.polarion.psvn.launcher.PolarionSVNApplication - com.siemens.polarion.document.listStyle = 1ai
2026-02-17 18:30:59,204 [main] INFO  com.polarion.psvn.launcher.PolarionSVNApplication - com.siemens.polarion.documentation.baseUrl = https://internal.docs.sw.siemens.com
2026-02-17 18:30:59,204 [main] INFO  com.polarion.psvn.launcher.PolarionSVNApplication - com.siemens.polarion.license.salt.enabled = true
2026-02-17 18:30:59,205 [main] INFO  com.polarion.psvn.launcher.PolarionSVNApplication - com.siemens.polarion.license.salt.server = 29000@czprglcsv6s004.net.plm.eds.com;29000@di2iesnn0375wv0.net.plm.eds.com
2026-02-17 18:30:59,205 [main] INFO  com.polarion.psvn.launcher.PolarionSVNApplication - com.siemens.polarion.loggingContext = STANDALONE
2026-02-17 18:30:59,205 [main] INFO  com.polarion.psvn.launcher.PolarionSVNApplication - com.siemens.polarion.preview.thumbnailsDataDir = /opt/polarion/data/workspace/previews-data/thumbnails
2026-02-17 18:30:59,205 [main] INFO  com.polarion.psvn.launcher.PolarionSVNApplication - com.siemens.polarion.scripting.monitoringDb.connectionUri = postgresql://polarion:9mundNQU/0EjEZIK@localhost:5434/polarionmonitoring
2026-02-17 18:30:59,205 [main] INFO  com.polarion.psvn.launcher.PolarionSVNApplication - com.siemens.polarion.xcelerator.accEndpointUrl = https://acc.collab.sws.siemens.com
2026-02-17 18:30:59,205 [main] INFO  com.polarion.psvn.launcher.PolarionSVNApplication - com.siemens.polarion.xcelerator.baseDomain = sws.siemens.com
2026-02-17 18:30:59,205 [main] INFO  com.polarion.psvn.launcher.PolarionSVNApplication - com.siemens.polarion.xcelerator.shareEndpointUrl = https://share.sws.siemens.com
2026-02-17 18:30:59,205 [main] INFO  com.polarion.psvn.launcher.PolarionSVNApplication - content.types.user.table = /opt/polarion/polarion/plugins/com.polarion.core.boot_3.26.6/content-types.properties
2026-02-17 18:30:59,205 [main] INFO  com.polarion.psvn.launcher.PolarionSVNApplication - controlHostname = debian12-nehbabsq-19041.polarion.net.plm.eds.com
2026-02-17 18:30:59,205 [main] INFO  com.polarion.psvn.launcher.PolarionSVNApplication - controlPort = 8887
2026-02-17 18:30:59,205 [main] INFO  com.polarion.psvn.launcher.PolarionSVNApplication - createproject.default.location = Sandbox/
2026-02-17 18:30:59,205 [main] INFO  com.polarion.psvn.launcher.PolarionSVNApplication - createproject.default.useUserId = true
2026-02-17 18:30:59,205 [main] INFO  com.polarion.psvn.launcher.PolarionSVNApplication - createproject.limitedAccessMessage = You may create a project in the Sandbox project group (only). Please fill in the required properties below. For example:<br/><table><tr><td>Location:</td><td>Sandbox/MyFirstProject</td></tr><tr><td>ID:</td><td>MyFirstProject</td></tr></table><br/>Or use the suggested defaults.
2026-02-17 18:30:59,205 [main] INFO  com.polarion.psvn.launcher.PolarionSVNApplication - debug = false
2026-02-17 18:30:59,205 [main] INFO  com.polarion.psvn.launcher.PolarionSVNApplication - default.project.template.ALM = alm_vmodel
2026-02-17 18:30:59,205 [main] INFO  com.polarion.psvn.launcher.PolarionSVNApplication - default.project.template.Pro = alm_vmodel
2026-02-17 18:30:59,205 [main] INFO  com.polarion.psvn.launcher.PolarionSVNApplication - default.project.template.QA = qa_vmodel
2026-02-17 18:30:59,205 [main] INFO  com.polarion.psvn.launcher.PolarionSVNApplication - default.project.template.Requirements = req_vmodel
2026-02-17 18:30:59,205 [main] INFO  com.polarion.psvn.launcher.PolarionSVNApplication - default.project.template.XAdvanced = alm_vmodel
2026-02-17 18:30:59,205 [main] INFO  com.polarion.psvn.launcher.PolarionSVNApplication - default.project.template.XAutomotive = alm_vmodel
2026-02-17 18:30:59,205 [main] INFO  com.polarion.psvn.launcher.PolarionSVNApplication - default.project.template.XBase = alm_vmodel
2026-02-17 18:30:59,205 [main] INFO  com.polarion.psvn.launcher.PolarionSVNApplication - default.project.template.XEnterprise = alm_vmodel
2026-02-17 18:30:59,206 [main] INFO  com.polarion.psvn.launcher.PolarionSVNApplication - default.project.template.XEssentials = alm_vmodel
2026-02-17 18:30:59,206 [main] INFO  com.polarion.psvn.launcher.PolarionSVNApplication - default.project.template.XExtended = alm_vmodel
2026-02-17 18:30:59,206 [main] INFO  com.polarion.psvn.launcher.PolarionSVNApplication - default.project.template.XPremium = alm_vmodel
2026-02-17 18:30:59,206 [main] INFO  com.polarion.psvn.launcher.PolarionSVNApplication - default.project.template.XPro = alm_vmodel
2026-02-17 18:30:59,206 [main] INFO  com.polarion.psvn.launcher.PolarionSVNApplication - default.project.template.XStandard = alm_vmodel
2026-02-17 18:30:59,206 [main] INFO  com.polarion.psvn.launcher.PolarionSVNApplication - derby.system.home = /opt/polarion/data/logs/derby
2026-02-17 18:30:59,206 [main] INFO  com.polarion.psvn.launcher.PolarionSVNApplication - ds.delayed.keepInstances = true
2026-02-17 18:30:59,206 [main] INFO  com.polarion.psvn.launcher.PolarionSVNApplication - ds.delayed.keepInstances.default = true
2026-02-17 18:30:59,206 [main] INFO  com.polarion.psvn.launcher.PolarionSVNApplication - eclipse.application = com.polarion.core.boot.app
2026-02-17 18:30:59,206 [main] INFO  com.polarion.psvn.launcher.PolarionSVNApplication - eclipse.commands = -nosplash
-data
/opt/polarion/data/workspace
-configuration
/opt/polarion/data/workspace/.config

2026-02-17 18:30:59,206 [main] INFO  com.polarion.psvn.launcher.PolarionSVNApplication - eclipse.home.location = file:/opt/polarion/polarion/
2026-02-17 18:30:59,206 [main] INFO  com.polarion.psvn.launcher.PolarionSVNApplication - eclipse.startTime = 1771349457700
2026-02-17 18:30:59,206 [main] INFO  com.polarion.psvn.launcher.PolarionSVNApplication - eclipse.stateSaveDelayInterval = 30000
2026-02-17 18:30:59,206 [main] INFO  com.polarion.psvn.launcher.PolarionSVNApplication - enableCreateAccountForm = false
2026-02-17 18:30:59,206 [main] INFO  com.polarion.psvn.launcher.PolarionSVNApplication - equinox.init.uuid = true
2026-02-17 18:30:59,206 [main] INFO  com.polarion.psvn.launcher.PolarionSVNApplication - error.report.email = polarionsvn.bugs@polarion.com
2026-02-17 18:30:59,206 [main] INFO  com.polarion.psvn.launcher.PolarionSVNApplication - file.encoding = UTF-8
2026-02-17 18:30:59,206 [main] INFO  com.polarion.psvn.launcher.PolarionSVNApplication - file.separator = /
2026-02-17 18:30:59,206 [main] INFO  com.polarion.psvn.launcher.PolarionSVNApplication - gosh.args = --nointeractive
2026-02-17 18:30:59,206 [main] INFO  com.polarion.psvn.launcher.PolarionSVNApplication - htpasswd.path = htpasswd
2026-02-17 18:30:59,207 [main] INFO  com.polarion.psvn.launcher.PolarionSVNApplication - index.activities = /opt/polarion/data/workspace/polarion-data/index
2026-02-17 18:30:59,207 [main] INFO  com.polarion.psvn.launcher.PolarionSVNApplication - java.awt.headless = true
2026-02-17 18:30:59,207 [main] INFO  com.polarion.psvn.launcher.PolarionSVNApplication - java.class.path = /opt/polarion/polarion/plugins/org.eclipse.equinox.launcher_1.6.500.v20230717-2134.jar
2026-02-17 18:30:59,207 [main] INFO  com.polarion.psvn.launcher.PolarionSVNApplication - java.class.version = 65.0
2026-02-17 18:30:59,207 [main] INFO  com.polarion.psvn.launcher.PolarionSVNApplication - java.home = /usr/java/jdk-21
2026-02-17 18:30:59,207 [main] INFO  com.polarion.psvn.launcher.PolarionSVNApplication - java.io.tmpdir = /tmp
2026-02-17 18:30:59,207 [main] INFO  com.polarion.psvn.launcher.PolarionSVNApplication - java.library.path = /usr/java/packages/lib:/usr/lib64:/lib64:/lib:/usr/lib
2026-02-17 18:30:59,207 [main] INFO  com.polarion.psvn.launcher.PolarionSVNApplication - java.runtime.name = OpenJDK Runtime Environment
2026-02-17 18:30:59,207 [main] INFO  com.polarion.psvn.launcher.PolarionSVNApplication - java.runtime.version = 21.0.8+9-LTS
2026-02-17 18:30:59,207 [main] INFO  com.polarion.psvn.launcher.PolarionSVNApplication - java.sdk.home = /usr/java/default/
2026-02-17 18:30:59,207 [main] INFO  com.polarion.psvn.launcher.PolarionSVNApplication - java.security.policy = /opt/polarion/polarion/policy
2026-02-17 18:30:59,207 [main] INFO  com.polarion.psvn.launcher.PolarionSVNApplication - java.specification.name = Java Platform API Specification
2026-02-17 18:30:59,207 [main] INFO  com.polarion.psvn.launcher.PolarionSVNApplication - java.specification.vendor = Oracle Corporation
2026-02-17 18:30:59,207 [main] INFO  com.polarion.psvn.launcher.PolarionSVNApplication - java.specification.version = 21
2026-02-17 18:30:59,207 [main] INFO  com.polarion.psvn.launcher.PolarionSVNApplication - java.vendor = Eclipse Adoptium
2026-02-17 18:30:59,207 [main] INFO  com.polarion.psvn.launcher.PolarionSVNApplication - java.vendor.url = https://adoptium.net/
2026-02-17 18:30:59,207 [main] INFO  com.polarion.psvn.launcher.PolarionSVNApplication - java.vendor.url.bug = https://github.com/adoptium/adoptium-support/issues
2026-02-17 18:30:59,207 [main] INFO  com.polarion.psvn.launcher.PolarionSVNApplication - java.vendor.version = Temurin-21.0.8+9
2026-02-17 18:30:59,207 [main] INFO  com.polarion.psvn.launcher.PolarionSVNApplication - java.version = 21.0.8
2026-02-17 18:30:59,207 [main] INFO  com.polarion.psvn.launcher.PolarionSVNApplication - java.version.date = 2025-07-15
2026-02-17 18:30:59,207 [main] INFO  com.polarion.psvn.launcher.PolarionSVNApplication - java.vm.compressedOopsMode = Zero based
2026-02-17 18:30:59,208 [main] INFO  com.polarion.psvn.launcher.PolarionSVNApplication - java.vm.info = mixed mode, sharing
2026-02-17 18:30:59,208 [main] INFO  com.polarion.psvn.launcher.PolarionSVNApplication - java.vm.name = OpenJDK 64-Bit Server VM
2026-02-17 18:30:59,208 [main] INFO  com.polarion.psvn.launcher.PolarionSVNApplication - java.vm.specification.name = Java Virtual Machine Specification
2026-02-17 18:30:59,208 [main] INFO  com.polarion.psvn.launcher.PolarionSVNApplication - java.vm.specification.vendor = Oracle Corporation
2026-02-17 18:30:59,208 [main] INFO  com.polarion.psvn.launcher.PolarionSVNApplication - java.vm.specification.version = 21
2026-02-17 18:30:59,208 [main] INFO  com.polarion.psvn.launcher.PolarionSVNApplication - java.vm.vendor = Eclipse Adoptium
2026-02-17 18:30:59,208 [main] INFO  com.polarion.psvn.launcher.PolarionSVNApplication - java.vm.version = 21.0.8+9-LTS
2026-02-17 18:30:59,208 [main] INFO  com.polarion.psvn.launcher.PolarionSVNApplication - javasvn.timeout = 10000
2026-02-17 18:30:59,208 [main] INFO  com.polarion.psvn.launcher.PolarionSVNApplication - jdk.debug = release
2026-02-17 18:30:59,208 [main] INFO  com.polarion.psvn.launcher.PolarionSVNApplication - jdk.jfr.repository = /tmp/2026_02_17_18_30_57_49878
2026-02-17 18:30:59,208 [main] INFO  com.polarion.psvn.launcher.PolarionSVNApplication - ldap.bind.password = **PASSWORD**HIDDEN**
2026-02-17 18:30:59,208 [main] INFO  com.polarion.psvn.launcher.PolarionSVNApplication - licenseForNewUserAccount = concurrentALM
2026-02-17 18:30:59,208 [main] INFO  com.polarion.psvn.launcher.PolarionSVNApplication - line.separator = 

2026-02-17 18:30:59,208 [main] INFO  com.polarion.psvn.launcher.PolarionSVNApplication - log4j2.contextSelector = org.apache.logging.log4j.core.selector.BasicContextSelector
2026-02-17 18:30:59,208 [main] INFO  com.polarion.psvn.launcher.PolarionSVNApplication - log4j2.loggerContextFactory = org.apache.logging.log4j.core.impl.Log4jContextFactory
2026-02-17 18:30:59,208 [main] INFO  com.polarion.psvn.launcher.PolarionSVNApplication - logDir = /opt/polarion/data/logs/main/
2026-02-17 18:30:59,208 [main] INFO  com.polarion.psvn.launcher.PolarionSVNApplication - login = polarion
2026-02-17 18:30:59,208 [main] INFO  com.polarion.psvn.launcher.PolarionSVNApplication - logStartTime = 20260217-1830-58
2026-02-17 18:30:59,208 [main] INFO  com.polarion.psvn.launcher.PolarionSVNApplication - mavenConfigDir = /opt/polarion/polarion/../maven
2026-02-17 18:30:59,208 [main] INFO  com.polarion.psvn.launcher.PolarionSVNApplication - minimalPasswordLength = **PASSWORD**HIDDEN**
2026-02-17 18:30:59,209 [main] INFO  com.polarion.psvn.launcher.PolarionSVNApplication - native.encoding = UTF-8
2026-02-17 18:30:59,209 [main] INFO  com.polarion.psvn.launcher.PolarionSVNApplication - org.eclipse.equinox.simpleconfigurator.configUrl = file:org.eclipse.equinox.simpleconfigurator/bundles.info
2026-02-17 18:30:59,209 [main] INFO  com.polarion.psvn.launcher.PolarionSVNApplication - org.eclipse.lyo.oslc4j.strictDatatypes = false
2026-02-17 18:30:59,209 [main] INFO  com.polarion.psvn.launcher.PolarionSVNApplication - org.osgi.framework.executionenvironment = OSGi/Minimum-1.0, OSGi/Minimum-1.1, OSGi/Minimum-1.2, JavaSE/compact1-1.8, JavaSE/compact2-1.8, JavaSE/compact3-1.8, JRE-1.1, J2SE-1.2, J2SE-1.3, J2SE-1.4, J2SE-1.5, JavaSE-1.6, JavaSE-1.7, JavaSE-1.8, JavaSE-9, JavaSE-10, JavaSE-11, JavaSE-12, JavaSE-13, JavaSE-14, JavaSE-15, JavaSE-16, JavaSE-17, JavaSE-18, JavaSE-19, JavaSE-20, JavaSE-21
2026-02-17 18:30:59,209 [main] INFO  com.polarion.psvn.launcher.PolarionSVNApplication - org.osgi.framework.language = en
2026-02-17 18:30:59,209 [main] INFO  com.polarion.psvn.launcher.PolarionSVNApplication - org.osgi.framework.os.name = Linux
2026-02-17 18:30:59,209 [main] INFO  com.polarion.psvn.launcher.PolarionSVNApplication - org.osgi.framework.os.version = 6.1.0
2026-02-17 18:30:59,209 [main] INFO  com.polarion.psvn.launcher.PolarionSVNApplication - org.osgi.framework.processor = x86-64
2026-02-17 18:30:59,209 [main] INFO  com.polarion.psvn.launcher.PolarionSVNApplication - org.osgi.framework.storage = /opt/polarion/data/workspace/.config
2026-02-17 18:30:59,209 [main] INFO  com.polarion.psvn.launcher.PolarionSVNApplication - org.osgi.framework.system.capabilities = osgi.ee; osgi.ee="OSGi/Minimum"; version:List<Version>="1.0, 1.1, 1.2", osgi.ee; osgi.ee="JRE"; version:List<Version>="1.0, 1.1", osgi.ee; osgi.ee="JavaSE"; version:List<Version>="1.0, 1.1, 1.2, 1.3, 1.4, 1.5, 1.6, 1.7, 1.8, 9.0, 10.0, 11.0, 12.0, 13.0, 14.0, 15.0, 16.0, 17.0, 18.0, 19.0, 20.0, 21.0",osgi.ee; osgi.ee="JavaSE/compact1"; version:List<Version>="1.8, 9.0, 10.0, 11.0, 12.0, 13.0, 14.0, 15.0, 16.0, 17.0, 18.0, 19.0, 20.0, 21.0",osgi.ee; osgi.ee="JavaSE/compact2"; version:List<Version>="1.8, 9.0, 10.0, 11.0, 12.0, 13.0, 14.0, 15.0, 16.0, 17.0, 18.0, 19.0, 20.0, 21.0",osgi.ee; osgi.ee="JavaSE/compact3"; version:List<Version>="1.8, 9.0, 10.0, 11.0, 12.0, 13.0, 14.0, 15.0, 16.0, 17.0, 18.0, 19.0, 20.0, 21.0"
2026-02-17 18:30:59,209 [main] INFO  com.polarion.psvn.launcher.PolarionSVNApplication - org.osgi.framework.system.packages = com.sun.java.accessibility.util, com.sun.jdi, com.sun.jdi.connect, com.sun.jdi.connect.spi, com.sun.jdi.event, com.sun.jdi.request, com.sun.management, com.sun.net.httpserver, com.sun.net.httpserver.spi, com.sun.nio.file, com.sun.nio.sctp, com.sun.security.auth, com.sun.security.auth.callback, com.sun.security.auth.login, com.sun.security.auth.module, com.sun.security.jgss, com.sun.source.doctree, com.sun.source.tree, com.sun.source.util, com.sun.tools.attach, com.sun.tools.attach.spi, com.sun.tools.javac, com.sun.tools.jconsole, java.applet, java.awt, java.awt.color, java.awt.datatransfer, java.awt.desktop, java.awt.dnd, java.awt.event, java.awt.font, java.awt.geom, java.awt.im, java.awt.im.spi, java.awt.image, java.awt.image.renderable, java.awt.print, java.beans, java.beans.beancontext, java.io, java.lang, java.lang.annotation, java.lang.constant, java.lang.foreign, java.lang.instrument, java.lang.invoke, java.lang.management, java.lang.module, java.lang.ref, java.lang.reflect, java.lang.runtime, java.math, java.net, java.net.http, java.net.spi, java.nio, java.nio.channels, java.nio.channels.spi, java.nio.charset, java.nio.charset.spi, java.nio.file, java.nio.file.attribute, java.nio.file.spi, java.rmi, java.rmi.dgc, java.rmi.registry, java.rmi.server, java.security, java.security.cert, java.security.interfaces, java.security.spec, java.sql, java.text, java.text.spi, java.time, java.time.chrono, java.time.format, java.time.temporal, java.time.zone, java.util, java.util.concurrent, java.util.concurrent.atomic, java.util.concurrent.locks, java.util.function, java.util.jar, java.util.logging, java.util.prefs, java.util.random, java.util.regex, java.util.spi, java.util.stream, java.util.zip, javax.accessibility, javax.annotation.processing, javax.crypto, javax.crypto.interfaces, javax.crypto.spec, javax.imageio, javax.imageio.event, javax.imageio.metadata, javax.imageio.plugins.bmp, javax.imageio.plugins.jpeg, javax.imageio.plugins.tiff, javax.imageio.spi, javax.imageio.stream, javax.lang.model, javax.lang.model.element, javax.lang.model.type, javax.lang.model.util, javax.management, javax.management.loading, javax.management.modelmbean, javax.management.monitor, javax.management.openmbean, javax.management.relation, javax.management.remote, javax.management.remote.rmi, javax.management.timer, javax.naming, javax.naming.directory, javax.naming.event, javax.naming.ldap, javax.naming.ldap.spi, javax.naming.spi, javax.net, javax.net.ssl, javax.print, javax.print.attribute, javax.print.attribute.standard, javax.print.event, javax.rmi.ssl, javax.script, javax.security.auth, javax.security.auth.callback, javax.security.auth.kerberos, javax.security.auth.login, javax.security.auth.spi, javax.security.auth.x500, javax.security.cert, javax.security.sasl, javax.smartcardio, javax.sound.midi, javax.sound.midi.spi, javax.sound.sampled, javax.sound.sampled.spi, javax.sql, javax.sql.rowset, javax.sql.rowset.serial, javax.sql.rowset.spi, javax.swing, javax.swing.border, javax.swing.colorchooser, javax.swing.event, javax.swing.filechooser, javax.swing.plaf, javax.swing.plaf.basic, javax.swing.plaf.metal, javax.swing.plaf.multi, javax.swing.plaf.nimbus, javax.swing.plaf.synth, javax.swing.table, javax.swing.text, javax.swing.text.html, javax.swing.text.html.parser, javax.swing.text.rtf, javax.swing.tree, javax.swing.undo, javax.tools, javax.transaction.xa, javax.xml, javax.xml.catalog, javax.xml.crypto, javax.xml.crypto.dom, javax.xml.crypto.dsig, javax.xml.crypto.dsig.dom, javax.xml.crypto.dsig.keyinfo, javax.xml.crypto.dsig.spec, javax.xml.datatype, javax.xml.namespace, javax.xml.parsers, javax.xml.stream, javax.xml.stream.events, javax.xml.stream.util, javax.xml.transform, javax.xml.transform.dom, javax.xml.transform.sax, javax.xml.transform.stax, javax.xml.transform.stream, javax.xml.validation, javax.xml.xpath, jdk.dynalink, jdk.dynalink.beans, jdk.dynalink.linker, jdk.dynalink.linker.support, jdk.dynalink.support, jdk.javadoc.doclet, jdk.jfr, jdk.jfr.consumer, jdk.jshell, jdk.jshell.execution, jdk.jshell.spi, jdk.jshell.tool, jdk.management.jfr, jdk.net, jdk.nio, jdk.nio.mapmode, jdk.security.jarsigner, jdk.swing.interop, netscape.javascript, org.ietf.jgss, org.w3c.dom, org.w3c.dom.bootstrap, org.w3c.dom.css, org.w3c.dom.events, org.w3c.dom.html, org.w3c.dom.ls, org.w3c.dom.ranges, org.w3c.dom.stylesheets, org.w3c.dom.traversal, org.w3c.dom.views, org.w3c.dom.xpath, org.xml.sax, org.xml.sax.ext, org.xml.sax.helpers, sun.misc, sun.reflect
2026-02-17 18:30:59,209 [main] INFO  com.polarion.psvn.launcher.PolarionSVNApplication - org.osgi.framework.uuid = 84248c24-6fd9-46af-bd41-76ae9b662292
2026-02-17 18:30:59,209 [main] INFO  com.polarion.psvn.launcher.PolarionSVNApplication - org.osgi.framework.vendor = Eclipse
2026-02-17 18:30:59,209 [main] INFO  com.polarion.psvn.launcher.PolarionSVNApplication - org.osgi.framework.version = 1.10.0
2026-02-17 18:30:59,209 [main] INFO  com.polarion.psvn.launcher.PolarionSVNApplication - org.osgi.supports.framework.extension = true
2026-02-17 18:30:59,209 [main] INFO  com.polarion.psvn.launcher.PolarionSVNApplication - org.osgi.supports.framework.fragment = true
2026-02-17 18:30:59,209 [main] INFO  com.polarion.psvn.launcher.PolarionSVNApplication - org.osgi.supports.framework.requirebundle = true
2026-02-17 18:30:59,210 [main] INFO  com.polarion.psvn.launcher.PolarionSVNApplication - org.owasp.esapi.resources = /opt/polarion/polarion/plugins/com.polarion.core.util_3.26.6/resources/esapi/
2026-02-17 18:30:59,210 [main] INFO  com.polarion.psvn.launcher.PolarionSVNApplication - org.xsocket.connection.client.readbuffer.usedirect = true
2026-02-17 18:30:59,210 [main] INFO  com.polarion.psvn.launcher.PolarionSVNApplication - org.xsocket.connection.server.readbuffer.usedirect = true
2026-02-17 18:30:59,210 [main] INFO  com.polarion.psvn.launcher.PolarionSVNApplication - os.arch = amd64
2026-02-17 18:30:59,210 [main] INFO  com.polarion.psvn.launcher.PolarionSVNApplication - os.name = Linux
2026-02-17 18:30:59,210 [main] INFO  com.polarion.psvn.launcher.PolarionSVNApplication - os.version = 6.1.0-40-amd64
2026-02-17 18:30:59,210 [main] INFO  com.polarion.psvn.launcher.PolarionSVNApplication - osgi.arch = x86_64
2026-02-17 18:30:59,210 [main] INFO  com.polarion.psvn.launcher.PolarionSVNApplication - osgi.bundles = org.eclipse.equinox.common@1:start,com.siemens.polarion.eclipse.configurator@1:start,org.eclipse.equinox.simpleconfigurator@1:start,org.eclipse.core.runtime@3:start
2026-02-17 18:30:59,210 [main] INFO  com.polarion.psvn.launcher.PolarionSVNApplication - osgi.bundles.defaultStartLevel = 4
2026-02-17 18:30:59,210 [main] INFO  com.polarion.psvn.launcher.PolarionSVNApplication - osgi.compatibility.bootdelegation = true
2026-02-17 18:30:59,210 [main] INFO  com.polarion.psvn.launcher.PolarionSVNApplication - osgi.compatibility.bootdelegation.default = true
2026-02-17 18:30:59,210 [main] INFO  com.polarion.psvn.launcher.PolarionSVNApplication - osgi.configuration.area = file:/opt/polarion/data/workspace/.config/
2026-02-17 18:30:59,210 [main] INFO  com.polarion.psvn.launcher.PolarionSVNApplication - osgi.framework = file:/opt/polarion/polarion/plugins/org.eclipse.osgi_3.18.500.v20230801-1826.jar
2026-02-17 18:30:59,210 [main] INFO  com.polarion.psvn.launcher.PolarionSVNApplication - osgi.framework.shape = jar
2026-02-17 18:30:59,210 [main] INFO  com.polarion.psvn.launcher.PolarionSVNApplication - osgi.framework.useSystemProperties = true
2026-02-17 18:30:59,210 [main] INFO  com.polarion.psvn.launcher.PolarionSVNApplication - osgi.install.area = file:/opt/polarion/polarion/
2026-02-17 18:30:59,210 [main] INFO  com.polarion.psvn.launcher.PolarionSVNApplication - osgi.instance.area = file:/opt/polarion/data/workspace/
2026-02-17 18:30:59,210 [main] INFO  com.polarion.psvn.launcher.PolarionSVNApplication - osgi.logfile = /opt/polarion/data/workspace/.metadata/.log
2026-02-17 18:30:59,210 [main] INFO  com.polarion.psvn.launcher.PolarionSVNApplication - osgi.nl = en_US
2026-02-17 18:30:59,210 [main] INFO  com.polarion.psvn.launcher.PolarionSVNApplication - osgi.os = linux
2026-02-17 18:30:59,210 [main] INFO  com.polarion.psvn.launcher.PolarionSVNApplication - osgi.parentClassloader = ext
2026-02-17 18:30:59,211 [main] INFO  com.polarion.psvn.launcher.PolarionSVNApplication - osgi.sharedConfiguration.area = file:/opt/polarion/polarion/configuration/
2026-02-17 18:30:59,211 [main] INFO  com.polarion.psvn.launcher.PolarionSVNApplication - osgi.syspath = /opt/polarion/polarion/plugins
2026-02-17 18:30:59,211 [main] INFO  com.polarion.psvn.launcher.PolarionSVNApplication - osgi.tracefile = /opt/polarion/data/workspace/.metadata/trace.log
2026-02-17 18:30:59,211 [main] INFO  com.polarion.psvn.launcher.PolarionSVNApplication - osgi.ws = gtk
2026-02-17 18:30:59,211 [main] INFO  com.polarion.psvn.launcher.PolarionSVNApplication - password = **PASSWORD**HIDDEN**
2026-02-17 18:30:59,211 [main] INFO  com.polarion.psvn.launcher.PolarionSVNApplication - path.separator = :
2026-02-17 18:30:59,211 [main] INFO  com.polarion.psvn.launcher.PolarionSVNApplication - pdfbox.fontcache = /opt/polarion/data/workspace/polarion-data
2026-02-17 18:30:59,211 [main] INFO  com.polarion.psvn.launcher.PolarionSVNApplication - pdfexport.config = /opt/polarion/polarion/configuration/pdfexport.xml
2026-02-17 18:30:59,211 [main] INFO  com.polarion.psvn.launcher.PolarionSVNApplication - polarion.build.default.deploy.repository.id = polarion-shared
2026-02-17 18:30:59,211 [main] INFO  com.polarion.psvn.launcher.PolarionSVNApplication - polarion.build.default.deploy.repository.url = file:///opt/polarion/data/shared-maven-repo
2026-02-17 18:30:59,211 [main] INFO  com.polarion.psvn.launcher.PolarionSVNApplication - polarion.build.maven.location.maven2 = /opt/polarion/polarion/../maven/distribution
2026-02-17 18:30:59,211 [main] INFO  com.polarion.psvn.launcher.PolarionSVNApplication - polarion.global.doc.cache.size = 100
2026-02-17 18:30:59,211 [main] INFO  com.polarion.psvn.launcher.PolarionSVNApplication - polarion.global.doc.cache.with.history = false
2026-02-17 18:30:59,211 [main] INFO  com.polarion.psvn.launcher.PolarionSVNApplication - polarion.tx.doc.cache.size = 100
2026-02-17 18:30:59,211 [main] INFO  com.polarion.psvn.launcher.PolarionSVNApplication - productLink.com.polarion.alm = https://polarion.plm.automation.siemens.com/products/polarion-alm
2026-02-17 18:30:59,211 [main] INFO  com.polarion.psvn.launcher.PolarionSVNApplication - productLink.com.polarion.qa = https://polarion.plm.automation.siemens.com/products/polarion-qa
2026-02-17 18:30:59,211 [main] INFO  com.polarion.psvn.launcher.PolarionSVNApplication - productLink.com.polarion.requirements = https://polarion.plm.automation.siemens.com/products/polarion-requirements
2026-02-17 18:30:59,211 [main] INFO  com.polarion.psvn.launcher.PolarionSVNApplication - repo = https://debian12-nehbabsq-19041.polarion.net.plm.eds.com/repointernal
2026-02-17 18:30:59,211 [main] INFO  com.polarion.psvn.launcher.PolarionSVNApplication - repoSystem = svn://localhost/
2026-02-17 18:30:59,211 [main] INFO  com.polarion.psvn.launcher.PolarionSVNApplication - rolesForNewUserAccount = user
2026-02-17 18:30:59,212 [main] INFO  com.polarion.psvn.launcher.PolarionSVNApplication - RRDir = /opt/polarion/data/RR
2026-02-17 18:30:59,212 [main] INFO  com.polarion.psvn.launcher.PolarionSVNApplication - SDKDir = /opt/polarion/polarion/SDK
2026-02-17 18:30:59,212 [main] INFO  com.polarion.psvn.launcher.PolarionSVNApplication - secure.approvals = false
2026-02-17 18:30:59,212 [main] INFO  com.polarion.psvn.launcher.PolarionSVNApplication - shutdownCatchPhrase = shutdown
2026-02-17 18:30:59,212 [main] INFO  com.polarion.psvn.launcher.PolarionSVNApplication - simple.profiler.enabled = false
2026-02-17 18:30:59,212 [main] INFO  com.polarion.psvn.launcher.PolarionSVNApplication - skip.data.preloading = false
2026-02-17 18:30:59,212 [main] INFO  com.polarion.psvn.launcher.PolarionSVNApplication - stderr.encoding = UTF-8
2026-02-17 18:30:59,212 [main] INFO  com.polarion.psvn.launcher.PolarionSVNApplication - stdout.encoding = UTF-8
2026-02-17 18:30:59,212 [main] INFO  com.polarion.psvn.launcher.PolarionSVNApplication - storeUrl.com.polarion.requirements = https://polarion.plm.automation.siemens.com/products/licensing?product=REQUIREMENTS
2026-02-17 18:30:59,212 [main] INFO  com.polarion.psvn.launcher.PolarionSVNApplication - sun.arch.data.model = 64
2026-02-17 18:30:59,212 [main] INFO  com.polarion.psvn.launcher.PolarionSVNApplication - sun.boot.library.path = /usr/java/jdk-21/lib
2026-02-17 18:30:59,212 [main] INFO  com.polarion.psvn.launcher.PolarionSVNApplication - sun.cpu.endian = little
2026-02-17 18:30:59,212 [main] INFO  com.polarion.psvn.launcher.PolarionSVNApplication - sun.io.unicode.encoding = UnicodeLittle
2026-02-17 18:30:59,212 [main] INFO  com.polarion.psvn.launcher.PolarionSVNApplication - sun.java.command = org.eclipse.core.launcher.Main -nosplash -data /opt/polarion/data/workspace -configuration /opt/polarion/data/workspace/.config
2026-02-17 18:30:59,212 [main] INFO  com.polarion.psvn.launcher.PolarionSVNApplication - sun.java.launcher = SUN_STANDARD
2026-02-17 18:30:59,212 [main] INFO  com.polarion.psvn.launcher.PolarionSVNApplication - sun.jnu.encoding = UTF-8
2026-02-17 18:30:59,212 [main] INFO  com.polarion.psvn.launcher.PolarionSVNApplication - sun.management.compiler = HotSpot 64-Bit Tiered Compilers
2026-02-17 18:30:59,212 [main] INFO  com.polarion.psvn.launcher.PolarionSVNApplication - support.contact = https://support.sw.siemens.com/
2026-02-17 18:30:59,212 [main] INFO  com.polarion.psvn.launcher.PolarionSVNApplication - support.license.email = gds_licensing.disw@siemens.com
2026-02-17 18:30:59,213 [main] INFO  com.polarion.psvn.launcher.PolarionSVNApplication - support.sales.email = sales@polarion.com
2026-02-17 18:30:59,213 [main] INFO  com.polarion.psvn.launcher.PolarionSVNApplication - svnkit.http.encoding = UTF-8
2026-02-17 18:30:59,213 [main] INFO  com.polarion.psvn.launcher.PolarionSVNApplication - svnkit.library.gnome-keyring.enabled = false
2026-02-17 18:30:59,213 [main] INFO  com.polarion.psvn.launcher.PolarionSVNApplication - TomcatService.ajp13-port = 8889
2026-02-17 18:30:59,213 [main] INFO  com.polarion.psvn.launcher.PolarionSVNApplication - TomcatService.request.safeListedHosts = *
2026-02-17 18:30:59,213 [main] INFO  com.polarion.psvn.launcher.PolarionSVNApplication - user.country = US
2026-02-17 18:30:59,213 [main] INFO  com.polarion.psvn.launcher.PolarionSVNApplication - user.dir = /opt/polarion/data
2026-02-17 18:30:59,213 [main] INFO  com.polarion.psvn.launcher.PolarionSVNApplication - user.home = /opt/polarion/data
2026-02-17 18:30:59,213 [main] INFO  com.polarion.psvn.launcher.PolarionSVNApplication - user.language = en
2026-02-17 18:30:59,213 [main] INFO  com.polarion.psvn.launcher.PolarionSVNApplication - user.name = polarion
2026-02-17 18:30:59,213 [main] INFO  com.polarion.psvn.launcher.PolarionSVNApplication - user.timezone = Europe/Prague
2026-02-17 18:30:59,213 [main] INFO  com.polarion.psvn.launcher.PolarionSVNApplication - userAccountVault = /opt/polarion/data/workspace/user-account-vault
2026-02-17 18:30:59,213 [main] INFO  com.polarion.psvn.launcher.PolarionSVNApplication - workDir = /opt/polarion/data/workspace/polarion-data
2026-02-17 18:30:59,213 [main] INFO  com.polarion.psvn.launcher.PolarionSVNApplication - **** END of Java system properties
2026-02-17 18:30:59,216 [main] INFO  com.polarion.psvn.launcher.PolarionSVNApplication - XML parsers factory: com.sun.org.apache.xerces.internal.jaxp.DocumentBuilderFactoryImpl
2026-02-17 18:30:59,218 [main] INFO  com.polarion.psvn.launcher.internal.platform.PlatformService - Starting Platform...
2026-02-17 18:30:59,229 [main] INFO  PolarionLicensing - Trying to connect to SALT Server: 29000@czprglcsv6s004.net.plm.eds.com;29000@di2iesnn0375wv0.net.plm.eds.com
2026-02-17 18:30:59,929 [main] INFO  PolarionLicensing - Connected to SALT Server: 29000@czprglcsv6s004.net.plm.eds.com;29000@di2iesnn0375wv0.net.plm.eds.com
2026-02-17 18:30:59,939 [main] INFO  com.polarion.platform.hivemind.EclipseHiveMindPlatform - Processing bundles:
2026-02-17 18:30:59,941 [main] INFO  com.polarion.platform.hivemind.EclipseHiveMindPlatform -   [0] - org.eclipse.osgi
2026-02-17 18:30:59,946 [main] INFO  com.polarion.platform.hivemind.EclipseHiveMindPlatform -   [1] - org.eclipse.equinox.common
2026-02-17 18:30:59,946 [main] INFO  com.polarion.platform.hivemind.EclipseHiveMindPlatform -   [2] - com.siemens.polarion.eclipse.configurator
2026-02-17 18:30:59,947 [main] INFO  com.polarion.platform.hivemind.EclipseHiveMindPlatform -   [3] - org.eclipse.equinox.simpleconfigurator
2026-02-17 18:30:59,947 [main] INFO  com.polarion.platform.hivemind.EclipseHiveMindPlatform -   [4] - org.eclipse.core.runtime
2026-02-17 18:30:59,948 [main] INFO  com.polarion.platform.hivemind.EclipseHiveMindPlatform -   [5] - antlr
2026-02-17 18:30:59,948 [main] INFO  com.polarion.platform.hivemind.EclipseHiveMindPlatform -   [6] - antlr-runtime
2026-02-17 18:30:59,948 [main] INFO  com.polarion.platform.hivemind.EclipseHiveMindPlatform -   [7] - antlr4
2026-02-17 18:30:59,949 [main] INFO  com.polarion.platform.hivemind.EclipseHiveMindPlatform -   [8] - antlr4-runtime
2026-02-17 18:30:59,949 [main] INFO  com.polarion.platform.hivemind.EclipseHiveMindPlatform -   [9] - bcpkix
2026-02-17 18:30:59,953 [main] INFO  com.polarion.platform.hivemind.EclipseHiveMindPlatform -   [10] - bcprov.patched
2026-02-17 18:30:59,963 [main] INFO  com.polarion.platform.hivemind.EclipseHiveMindPlatform -   [11] - bcutil
2026-02-17 18:30:59,965 [main] INFO  com.polarion.platform.hivemind.EclipseHiveMindPlatform -   [12] - checker-qual
2026-02-17 18:30:59,966 [main] INFO  com.polarion.platform.hivemind.EclipseHiveMindPlatform -   [13] - com.auth0.java-jwt
2026-02-17 18:30:59,967 [main] INFO  com.polarion.platform.hivemind.EclipseHiveMindPlatform -   [14] - com.azure.core
2026-02-17 18:30:59,967 [main] INFO  com.polarion.platform.hivemind.EclipseHiveMindPlatform -   [15] - com.azure.core.amqp
2026-02-17 18:30:59,967 [main] INFO  com.polarion.platform.hivemind.EclipseHiveMindPlatform -   [16] - com.azure.core.http.jdk.httpclient
2026-02-17 18:30:59,968 [main] INFO  com.polarion.platform.hivemind.EclipseHiveMindPlatform -   [17] - com.azure.json
2026-02-17 18:30:59,968 [main] INFO  com.polarion.platform.hivemind.EclipseHiveMindPlatform -   [18] - com.azure.messaging.eventhubs
2026-02-17 18:30:59,968 [main] INFO  com.polarion.platform.hivemind.EclipseHiveMindPlatform -   [19] - com.azure.messaging.eventhubs.checkpointstore.blob
2026-02-17 18:30:59,969 [main] INFO  com.polarion.platform.hivemind.EclipseHiveMindPlatform -   [20] - com.azure.storage.blob
2026-02-17 18:30:59,969 [main] INFO  com.polarion.platform.hivemind.EclipseHiveMindPlatform -   [21] - com.azure.storage.common
2026-02-17 18:30:59,970 [main] INFO  com.polarion.platform.hivemind.EclipseHiveMindPlatform -   [22] - com.azure.storage.internal.avro
2026-02-17 18:30:59,970 [main] INFO  com.polarion.platform.hivemind.EclipseHiveMindPlatform -   [23] - com.azure.xml
2026-02-17 18:30:59,970 [main] INFO  com.polarion.platform.hivemind.EclipseHiveMindPlatform -   [24] - com.fasterxml.classmate
2026-02-17 18:30:59,971 [main] INFO  com.polarion.platform.hivemind.EclipseHiveMindPlatform -   [25] - com.fasterxml.jackson.annotations
2026-02-17 18:30:59,971 [main] INFO  com.polarion.platform.hivemind.EclipseHiveMindPlatform -   [26] - com.fasterxml.jackson.core
2026-02-17 18:30:59,971 [main] INFO  com.polarion.platform.hivemind.EclipseHiveMindPlatform -   [27] - com.fasterxml.jackson.databind
2026-02-17 18:30:59,971 [main] INFO  com.polarion.platform.hivemind.EclipseHiveMindPlatform -   [28] - com.fasterxml.jackson.dataformat.xml
2026-02-17 18:30:59,972 [main] INFO  com.polarion.platform.hivemind.EclipseHiveMindPlatform -   [29] - com.fasterxml.jackson.datatype-jsr310
2026-02-17 18:30:59,972 [main] INFO  com.polarion.platform.hivemind.EclipseHiveMindPlatform -   [30] - com.fasterxml.jackson.jaxrs.base
2026-02-17 18:30:59,977 [main] INFO  com.polarion.platform.hivemind.EclipseHiveMindPlatform -   [31] - com.fasterxml.jackson.jaxrs.json.provider
2026-02-17 18:30:59,977 [main] INFO  com.polarion.platform.hivemind.EclipseHiveMindPlatform -   [32] - com.fasterxml.jackson.jaxrs.xml.provider
2026-02-17 18:30:59,977 [main] INFO  com.polarion.platform.hivemind.EclipseHiveMindPlatform -   [33] - com.fasterxml.jackson.module.jaxb.annotations
2026-02-17 18:30:59,978 [main] INFO  com.polarion.platform.hivemind.EclipseHiveMindPlatform -   [34] - com.fasterxml.woodstox.core
2026-02-17 18:30:59,978 [main] INFO  com.polarion.platform.hivemind.EclipseHiveMindPlatform -   [35] - com.google.errorprone.annotations
2026-02-17 18:30:59,978 [main] INFO  com.polarion.platform.hivemind.EclipseHiveMindPlatform -   [36] - com.google.gson
2026-02-17 18:30:59,979 [main] INFO  com.polarion.platform.hivemind.EclipseHiveMindPlatform -   [37] - com.google.guava
2026-02-17 18:30:59,979 [main] INFO  com.polarion.platform.hivemind.EclipseHiveMindPlatform -   [38] - com.google.guava.failureaccess
2026-02-17 18:30:59,980 [main] INFO  com.polarion.platform.hivemind.EclipseHiveMindPlatform -   [39] - com.ibm.icu
2026-02-17 18:30:59,980 [main] INFO  com.polarion.platform.hivemind.EclipseHiveMindPlatform -   [40] - com.icl.saxon.patched
2026-02-17 18:30:59,981 [main] INFO  com.polarion.platform.hivemind.EclipseHiveMindPlatform -   [41] - com.jayway.jsonpath.json-path
2026-02-17 18:30:59,981 [main] INFO  com.polarion.platform.hivemind.EclipseHiveMindPlatform -   [42] - com.jcraft.jsch
2026-02-17 18:30:59,981 [main] INFO  com.polarion.platform.hivemind.EclipseHiveMindPlatform -   [43] - com.microsoft.azure.qpid.proton.j.extensions
2026-02-17 18:30:59,982 [main] INFO  com.polarion.platform.hivemind.EclipseHiveMindPlatform -   [44] - com.networknt.json-schema-validator
2026-02-17 18:30:59,982 [main] INFO  com.polarion.platform.hivemind.EclipseHiveMindPlatform -   [45] - com.nimbusds.content-type
2026-02-17 18:30:59,982 [main] INFO  com.polarion.platform.hivemind.EclipseHiveMindPlatform -   [46] - com.nimbusds.lang-tag
2026-02-17 18:30:59,991 [main] INFO  com.polarion.platform.hivemind.EclipseHiveMindPlatform -   [47] - com.nimbusds.nimbus-jose-jwt
2026-02-17 18:30:59,991 [main] INFO  com.polarion.platform.hivemind.EclipseHiveMindPlatform -   [48] - com.oracle.database.ojdbc11
2026-02-17 18:30:59,992 [main] INFO  com.polarion.platform.hivemind.EclipseHiveMindPlatform -   [49] - com.oracle.database.orai18n
2026-02-17 18:30:59,992 [main] INFO  com.polarion.platform.hivemind.EclipseHiveMindPlatform -   [50] - com.polarion.alm.builder
2026-02-17 18:30:59,996 [main] INFO  com.polarion.platform.hivemind.EclipseHiveMindPlatform - Add bundle com.polarion.alm.builder to HiveMind
2026-02-17 18:30:59,996 [main] INFO  com.polarion.platform.hivemind.EclipseHiveMindPlatform -   [51] - com.polarion.alm.checker
2026-02-17 18:30:59,996 [main] INFO  com.polarion.platform.hivemind.EclipseHiveMindPlatform - Add bundle com.polarion.alm.checker to HiveMind
2026-02-17 18:30:59,996 [main] INFO  com.polarion.platform.hivemind.EclipseHiveMindPlatform -   [52] - com.polarion.alm.extension.vcontext
2026-02-17 18:31:00,005 [main] INFO  com.polarion.platform.hivemind.EclipseHiveMindPlatform - Add bundle com.polarion.alm.extension.vcontext to HiveMind
2026-02-17 18:31:00,005 [main] INFO  com.polarion.platform.hivemind.EclipseHiveMindPlatform -   [53] - com.polarion.alm.impex
2026-02-17 18:31:00,016 [main] INFO  com.polarion.platform.hivemind.EclipseHiveMindPlatform - Add bundle com.polarion.alm.impex to HiveMind
2026-02-17 18:31:00,016 [main] INFO  com.polarion.platform.hivemind.EclipseHiveMindPlatform -   [54] - com.polarion.alm.install
2026-02-17 18:31:00,018 [main] INFO  com.polarion.platform.hivemind.EclipseHiveMindPlatform -   [55] - com.polarion.alm.oslc
2026-02-17 18:31:00,026 [main] INFO  com.polarion.platform.hivemind.EclipseHiveMindPlatform - Add bundle com.polarion.alm.oslc to HiveMind
2026-02-17 18:31:00,026 [main] INFO  com.polarion.platform.hivemind.EclipseHiveMindPlatform -   [56] - com.polarion.alm.projects
2026-02-17 18:31:00,027 [main] INFO  com.polarion.platform.hivemind.EclipseHiveMindPlatform - Add bundle com.polarion.alm.projects to HiveMind
2026-02-17 18:31:00,027 [main] INFO  com.polarion.platform.hivemind.EclipseHiveMindPlatform -   [57] - com.polarion.alm.qcentre
2026-02-17 18:31:00,028 [main] INFO  com.polarion.platform.hivemind.EclipseHiveMindPlatform - Add bundle com.polarion.alm.qcentre to HiveMind
2026-02-17 18:31:00,028 [main] INFO  com.polarion.platform.hivemind.EclipseHiveMindPlatform -   [58] - com.polarion.alm.tracker
2026-02-17 18:31:00,031 [main] INFO  com.polarion.platform.hivemind.EclipseHiveMindPlatform - Add bundle com.polarion.alm.tracker to HiveMind
2026-02-17 18:31:00,031 [main] INFO  com.polarion.platform.hivemind.EclipseHiveMindPlatform -   [59] - com.polarion.alm.ui
2026-02-17 18:31:00,039 [main] INFO  com.polarion.platform.hivemind.EclipseHiveMindPlatform - Add bundle com.polarion.alm.ui to HiveMind
2026-02-17 18:31:00,039 [main] INFO  com.polarion.platform.hivemind.EclipseHiveMindPlatform -   [60] - com.polarion.alm.ui.diagrams.mxgraph
2026-02-17 18:31:00,039 [main] INFO  com.polarion.platform.hivemind.EclipseHiveMindPlatform -   [61] - com.polarion.alm.wiki
2026-02-17 18:31:00,043 [main] INFO  com.polarion.platform.hivemind.EclipseHiveMindPlatform - Add bundle com.polarion.alm.wiki to HiveMind
2026-02-17 18:31:00,043 [main] INFO  com.polarion.platform.hivemind.EclipseHiveMindPlatform -   [62] - com.polarion.alm.ws
2026-02-17 18:31:00,043 [main] INFO  com.polarion.platform.hivemind.EclipseHiveMindPlatform -   [63] - com.polarion.alm.ws.client
2026-02-17 18:31:00,044 [main] INFO  com.polarion.platform.hivemind.EclipseHiveMindPlatform -   [64] - com.polarion.cluster
2026-02-17 18:31:00,045 [main] INFO  com.polarion.platform.hivemind.EclipseHiveMindPlatform - Add bundle com.polarion.cluster to HiveMind
2026-02-17 18:31:00,046 [main] INFO  com.polarion.platform.hivemind.EclipseHiveMindPlatform -   [65] - com.polarion.core.boot
2026-02-17 18:31:00,046 [main] INFO  com.polarion.platform.hivemind.EclipseHiveMindPlatform -   [66] - com.polarion.core.util
2026-02-17 18:31:00,048 [main] INFO  com.polarion.platform.hivemind.EclipseHiveMindPlatform -   [67] - com.polarion.fop
2026-02-17 18:31:00,049 [main] INFO  com.polarion.platform.hivemind.EclipseHiveMindPlatform -   [68] - com.polarion.platform
2026-02-17 18:31:00,051 [main] INFO  com.polarion.platform.hivemind.EclipseHiveMindPlatform - Add bundle com.polarion.platform to HiveMind
2026-02-17 18:31:00,051 [main] INFO  com.polarion.platform.hivemind.EclipseHiveMindPlatform -   [69] - com.polarion.platform.guice
2026-02-17 18:31:00,054 [main] INFO  com.polarion.platform.hivemind.EclipseHiveMindPlatform - Add bundle com.polarion.platform.guice to HiveMind
2026-02-17 18:31:00,054 [main] INFO  com.polarion.platform.hivemind.EclipseHiveMindPlatform -   [70] - com.polarion.platform.hivemind
2026-02-17 18:31:00,055 [main] INFO  com.polarion.platform.hivemind.EclipseHiveMindPlatform - Add bundle com.polarion.platform.hivemind to HiveMind
2026-02-17 18:31:00,055 [main] INFO  com.polarion.platform.hivemind.EclipseHiveMindPlatform -   [71] - com.polarion.platform.jobs
2026-02-17 18:31:00,056 [main] INFO  com.polarion.platform.hivemind.EclipseHiveMindPlatform - Add bundle com.polarion.platform.jobs to HiveMind
2026-02-17 18:31:00,056 [main] INFO  com.polarion.platform.hivemind.EclipseHiveMindPlatform -   [72] - com.polarion.platform.monitoring
2026-02-17 18:31:00,057 [main] INFO  com.polarion.platform.hivemind.EclipseHiveMindPlatform - Add bundle com.polarion.platform.monitoring to HiveMind
2026-02-17 18:31:00,057 [main] INFO  com.polarion.platform.hivemind.EclipseHiveMindPlatform -   [73] - com.polarion.platform.persistence
2026-02-17 18:31:00,059 [main] INFO  com.polarion.platform.hivemind.EclipseHiveMindPlatform - Add bundle com.polarion.platform.persistence to HiveMind
2026-02-17 18:31:00,059 [main] INFO  com.polarion.platform.hivemind.EclipseHiveMindPlatform -   [74] - com.polarion.platform.repository
2026-02-17 18:31:00,061 [main] INFO  com.polarion.platform.hivemind.EclipseHiveMindPlatform - Add bundle com.polarion.platform.repository to HiveMind
2026-02-17 18:31:00,061 [main] INFO  com.polarion.platform.hivemind.EclipseHiveMindPlatform -   [75] - com.polarion.platform.repository.driver.svn
2026-02-17 18:31:00,062 [main] INFO  com.polarion.platform.hivemind.EclipseHiveMindPlatform - Add bundle com.polarion.platform.repository.driver.svn to HiveMind
2026-02-17 18:31:00,062 [main] INFO  com.polarion.platform.hivemind.EclipseHiveMindPlatform -   [76] - com.polarion.platform.repository.external
2026-02-17 18:31:00,062 [main] INFO  com.polarion.platform.hivemind.EclipseHiveMindPlatform - Add bundle com.polarion.platform.repository.external to HiveMind
2026-02-17 18:31:00,062 [main] INFO  com.polarion.platform.hivemind.EclipseHiveMindPlatform -   [77] - com.polarion.platform.repository.external.git
2026-02-17 18:31:00,063 [main] INFO  com.polarion.platform.hivemind.EclipseHiveMindPlatform - Add bundle com.polarion.platform.repository.external.git to HiveMind
2026-02-17 18:31:00,064 [main] INFO  com.polarion.platform.hivemind.EclipseHiveMindPlatform -   [78] - com.polarion.platform.repository.external.svn
2026-02-17 18:31:00,065 [main] INFO  com.polarion.platform.hivemind.EclipseHiveMindPlatform - Add bundle com.polarion.platform.repository.external.svn to HiveMind
2026-02-17 18:31:00,065 [main] INFO  com.polarion.platform.hivemind.EclipseHiveMindPlatform -   [79] - com.polarion.platform.sql
2026-02-17 18:31:00,067 [main] INFO  com.polarion.platform.hivemind.EclipseHiveMindPlatform - Add bundle com.polarion.platform.sql to HiveMind
2026-02-17 18:31:00,067 [main] INFO  com.polarion.platform.hivemind.EclipseHiveMindPlatform -   [80] - com.polarion.portal.tomcat
2026-02-17 18:31:00,075 [main] INFO  com.polarion.platform.hivemind.EclipseHiveMindPlatform -   [81] - com.polarion.psvn.launcher
2026-02-17 18:31:00,075 [main] INFO  com.polarion.platform.hivemind.EclipseHiveMindPlatform - Add bundle com.polarion.psvn.launcher to HiveMind
2026-02-17 18:31:00,075 [main] INFO  com.polarion.platform.hivemind.EclipseHiveMindPlatform -   [82] - com.polarion.psvn.translations.en
2026-02-17 18:31:00,076 [main] INFO  com.polarion.platform.hivemind.EclipseHiveMindPlatform -   [83] - com.polarion.purevariants
2026-02-17 18:31:00,082 [main] INFO  com.polarion.platform.hivemind.EclipseHiveMindPlatform - Add bundle com.polarion.purevariants to HiveMind
2026-02-17 18:31:00,083 [main] INFO  com.polarion.platform.hivemind.EclipseHiveMindPlatform -   [84] - com.polarion.qcentre
2026-02-17 18:31:00,084 [main] INFO  com.polarion.platform.hivemind.EclipseHiveMindPlatform -   [85] - com.polarion.scripting
2026-02-17 18:31:00,087 [main] INFO  com.polarion.platform.hivemind.EclipseHiveMindPlatform - Add bundle com.polarion.scripting to HiveMind
2026-02-17 18:31:00,087 [main] INFO  com.polarion.platform.hivemind.EclipseHiveMindPlatform -   [86] - com.polarion.scripting.servlet
2026-02-17 18:31:00,088 [main] INFO  com.polarion.platform.hivemind.EclipseHiveMindPlatform -   [87] - com.polarion.subterra.base
2026-02-17 18:31:00,092 [main] INFO  com.polarion.platform.hivemind.EclipseHiveMindPlatform -   [88] - com.polarion.subterra.index
2026-02-17 18:31:00,095 [main] INFO  com.polarion.platform.hivemind.EclipseHiveMindPlatform - Add bundle com.polarion.subterra.index to HiveMind
2026-02-17 18:31:00,095 [main] INFO  com.polarion.platform.hivemind.EclipseHiveMindPlatform -   [89] - com.polarion.subterra.persistence
2026-02-17 18:31:00,097 [main] INFO  com.polarion.platform.hivemind.EclipseHiveMindPlatform - Add bundle com.polarion.subterra.persistence to HiveMind
2026-02-17 18:31:00,097 [main] INFO  com.polarion.platform.hivemind.EclipseHiveMindPlatform -   [90] - com.polarion.subterra.persistence.document
2026-02-17 18:31:00,098 [main] INFO  com.polarion.platform.hivemind.EclipseHiveMindPlatform - Add bundle com.polarion.subterra.persistence.document to HiveMind
2026-02-17 18:31:00,098 [main] INFO  com.polarion.platform.hivemind.EclipseHiveMindPlatform -   [91] - com.polarion.synchronizer
2026-02-17 18:31:00,100 [main] INFO  com.polarion.platform.hivemind.EclipseHiveMindPlatform - Add bundle com.polarion.synchronizer to HiveMind
2026-02-17 18:31:00,100 [main] INFO  com.polarion.platform.hivemind.EclipseHiveMindPlatform -   [92] - com.polarion.synchronizer.proxy.hpalm
2026-02-17 18:31:00,102 [main] INFO  com.polarion.platform.hivemind.EclipseHiveMindPlatform -   [93] - com.polarion.synchronizer.proxy.jira
2026-02-17 18:31:00,103 [main] INFO  com.polarion.platform.hivemind.EclipseHiveMindPlatform -   [94] - com.polarion.synchronizer.proxy.polarion
2026-02-17 18:31:00,104 [main] INFO  com.polarion.platform.hivemind.EclipseHiveMindPlatform -   [95] - com.polarion.synchronizer.proxy.reqif
2026-02-17 18:31:00,111 [main] INFO  com.polarion.platform.hivemind.EclipseHiveMindPlatform -   [96] - com.polarion.synchronizer.ui
2026-02-17 18:31:00,112 [main] INFO  com.polarion.platform.hivemind.EclipseHiveMindPlatform -   [97] - com.polarion.usdp.persistence
2026-02-17 18:31:00,114 [main] INFO  com.polarion.platform.hivemind.EclipseHiveMindPlatform - Add bundle com.polarion.usdp.persistence to HiveMind
2026-02-17 18:31:00,114 [main] INFO  com.polarion.platform.hivemind.EclipseHiveMindPlatform -   [98] - com.siemens.des.logger.api
2026-02-17 18:31:00,115 [main] INFO  com.polarion.platform.hivemind.EclipseHiveMindPlatform -   [99] - com.siemens.plm.bitools.analytics
2026-02-17 18:31:00,116 [main] INFO  com.polarion.platform.hivemind.EclipseHiveMindPlatform -   [100] - com.siemens.polarion.annotations
2026-02-17 18:31:00,117 [main] INFO  com.polarion.platform.hivemind.EclipseHiveMindPlatform -   [101] - com.siemens.polarion.ct.collectors.git
2026-02-17 18:31:00,117 [main] INFO  com.polarion.platform.hivemind.EclipseHiveMindPlatform - Add bundle com.siemens.polarion.ct.collectors.git to HiveMind
2026-02-17 18:31:00,117 [main] INFO  com.polarion.platform.hivemind.EclipseHiveMindPlatform -   [102] - com.siemens.polarion.db.migration
2026-02-17 18:31:00,117 [main] INFO  com.polarion.platform.hivemind.EclipseHiveMindPlatform -   [103] - com.siemens.polarion.integration.ci
2026-02-17 18:31:00,119 [main] INFO  com.polarion.platform.hivemind.EclipseHiveMindPlatform - Add bundle com.siemens.polarion.integration.ci to HiveMind
2026-02-17 18:31:00,119 [main] INFO  com.polarion.platform.hivemind.EclipseHiveMindPlatform -   [104] - com.siemens.polarion.msteamsintegration
2026-02-17 18:31:00,120 [main] INFO  com.polarion.platform.hivemind.EclipseHiveMindPlatform -   [105] - com.siemens.polarion.previewer
2026-02-17 18:31:00,121 [main] INFO  com.polarion.platform.hivemind.EclipseHiveMindPlatform - Add bundle com.siemens.polarion.previewer to HiveMind
2026-02-17 18:31:00,121 [main] INFO  com.polarion.platform.hivemind.EclipseHiveMindPlatform -   [106] - com.siemens.polarion.previewer.external
2026-02-17 18:31:00,122 [main] INFO  com.polarion.platform.hivemind.EclipseHiveMindPlatform - Add bundle com.siemens.polarion.previewer.external to HiveMind
2026-02-17 18:31:00,122 [main] INFO  com.polarion.platform.hivemind.EclipseHiveMindPlatform -   [107] - com.siemens.polarion.rest
2026-02-17 18:31:00,126 [main] INFO  com.polarion.platform.hivemind.EclipseHiveMindPlatform - Add bundle com.siemens.polarion.rest to HiveMind
2026-02-17 18:31:00,126 [main] INFO  com.polarion.platform.hivemind.EclipseHiveMindPlatform -   [108] - com.siemens.polarion.rt
2026-02-17 18:31:00,127 [main] INFO  com.polarion.platform.hivemind.EclipseHiveMindPlatform -   [109] - com.siemens.polarion.rt.api
2026-02-17 18:31:00,127 [main] INFO  com.polarion.platform.hivemind.EclipseHiveMindPlatform -   [110] - com.siemens.polarion.rt.collectors.git
2026-02-17 18:31:00,128 [main] INFO  com.polarion.platform.hivemind.EclipseHiveMindPlatform -   [111] - com.siemens.polarion.rt.communication.common
2026-02-17 18:31:00,128 [main] INFO  com.polarion.platform.hivemind.EclipseHiveMindPlatform -   [112] - com.siemens.polarion.rt.communication.polarion
2026-02-17 18:31:00,129 [main] INFO  com.polarion.platform.hivemind.EclipseHiveMindPlatform - Add bundle com.siemens.polarion.rt.communication.polarion to HiveMind
2026-02-17 18:31:00,129 [main] INFO  com.polarion.platform.hivemind.EclipseHiveMindPlatform -   [113] - com.siemens.polarion.rt.communication.rt
2026-02-17 18:31:00,129 [main] INFO  com.polarion.platform.hivemind.EclipseHiveMindPlatform -   [114] - com.siemens.polarion.rt.parsers.c
2026-02-17 18:31:00,130 [main] INFO  com.polarion.platform.hivemind.EclipseHiveMindPlatform -   [115] - com.siemens.polarion.rt.ui
2026-02-17 18:31:00,130 [main] INFO  com.polarion.platform.hivemind.EclipseHiveMindPlatform -   [116] - com.siemens.polarion.salt.wrapper
2026-02-17 18:31:00,130 [main] INFO  com.polarion.platform.hivemind.EclipseHiveMindPlatform -   [117] - com.siemens.polarion.secrets.manager
2026-02-17 18:31:00,131 [main] INFO  com.polarion.platform.hivemind.EclipseHiveMindPlatform -   [118] - com.siemens.polarion.svnwebclient
2026-02-17 18:31:00,131 [main] INFO  com.polarion.platform.hivemind.EclipseHiveMindPlatform -   [119] - com.siemens.polarion.synchronizer.proxy.tfs
2026-02-17 18:31:00,132 [main] INFO  com.polarion.platform.hivemind.EclipseHiveMindPlatform -   [120] - com.siemens.polarion.tcconfigurator
2026-02-17 18:31:00,133 [main] INFO  com.polarion.platform.hivemind.EclipseHiveMindPlatform - Add bundle com.siemens.polarion.tcconfigurator to HiveMind
2026-02-17 18:31:00,133 [main] INFO  com.polarion.platform.hivemind.EclipseHiveMindPlatform -   [121] - com.siemens.polarion.teamcenter.authenticator
2026-02-17 18:31:00,135 [main] INFO  com.polarion.platform.hivemind.EclipseHiveMindPlatform -   [122] - com.siemens.polarion.variantsolver
2026-02-17 18:31:00,136 [main] INFO  com.polarion.platform.hivemind.EclipseHiveMindPlatform -   [123] - com.sun.activation.javax.activation.patched
2026-02-17 18:31:00,138 [main] INFO  com.polarion.platform.hivemind.EclipseHiveMindPlatform -   [124] - com.sun.istack.commons-runtime
2026-02-17 18:31:00,139 [main] INFO  com.polarion.platform.hivemind.EclipseHiveMindPlatform -   [125] - com.sun.jna
2026-02-17 18:31:00,140 [main] INFO  com.polarion.platform.hivemind.EclipseHiveMindPlatform -   [126] - com.sun.jna.platform
2026-02-17 18:31:00,141 [main] INFO  com.polarion.platform.hivemind.EclipseHiveMindPlatform -   [127] - com.sun.mail.javax.mail
2026-02-17 18:31:00,144 [main] INFO  com.polarion.platform.hivemind.EclipseHiveMindPlatform -   [128] - com.sun.xml.bind.jaxb-impl.patched
2026-02-17 18:31:00,147 [main] INFO  com.polarion.platform.hivemind.EclipseHiveMindPlatform -   [129] - com.trilead.ssh2
2026-02-17 18:31:00,147 [main] INFO  com.polarion.platform.hivemind.EclipseHiveMindPlatform -   [130] - com.zaxxer.hikariCP
2026-02-17 18:31:00,148 [main] INFO  com.polarion.platform.hivemind.EclipseHiveMindPlatform -   [131] - des-sdk-core
2026-02-17 18:31:00,148 [main] INFO  com.polarion.platform.hivemind.EclipseHiveMindPlatform -   [132] - des-sdk-dss
2026-02-17 18:31:00,149 [main] INFO  com.polarion.platform.hivemind.EclipseHiveMindPlatform -   [133] - io.dropwizard.metrics.core
2026-02-17 18:31:00,149 [main] INFO  com.polarion.platform.hivemind.EclipseHiveMindPlatform -   [134] - io.github.resilience4j.circuitbreaker
2026-02-17 18:31:00,149 [main] INFO  com.polarion.platform.hivemind.EclipseHiveMindPlatform -   [135] - io.github.resilience4j.core
2026-02-17 18:31:00,150 [main] INFO  com.polarion.platform.hivemind.EclipseHiveMindPlatform -   [136] - io.github.resilience4j.retry
2026-02-17 18:31:00,150 [main] INFO  com.polarion.platform.hivemind.EclipseHiveMindPlatform -   [137] - io.projectreactor.reactor.core
2026-02-17 18:31:00,151 [main] INFO  com.polarion.platform.hivemind.EclipseHiveMindPlatform -   [138] - io.vavr
2026-02-17 18:31:00,151 [main] INFO  com.polarion.platform.hivemind.EclipseHiveMindPlatform -   [139] - jakaroma
2026-02-17 18:31:00,152 [main] INFO  com.polarion.platform.hivemind.EclipseHiveMindPlatform -   [140] - jakarta.activation.api
2026-02-17 18:31:00,152 [main] INFO  com.polarion.platform.hivemind.EclipseHiveMindPlatform -   [141] - jakarta.validation.validation-api
2026-02-17 18:31:00,153 [main] INFO  com.polarion.platform.hivemind.EclipseHiveMindPlatform -   [142] - jakarta.ws.rs-api
2026-02-17 18:31:00,153 [main] INFO  com.polarion.platform.hivemind.EclipseHiveMindPlatform -   [143] - jakarta.xml.bind-api
2026-02-17 18:31:00,154 [main] INFO  com.polarion.platform.hivemind.EclipseHiveMindPlatform -   [144] - javassist
2026-02-17 18:31:00,154 [main] INFO  com.polarion.platform.hivemind.EclipseHiveMindPlatform -   [145] - javax.annotation-api
2026-02-17 18:31:00,154 [main] INFO  com.polarion.platform.hivemind.EclipseHiveMindPlatform -   [146] - javax.cache
2026-02-17 18:31:00,155 [main] INFO  com.polarion.platform.hivemind.EclipseHiveMindPlatform -   [147] - javax.inject
2026-02-17 18:31:00,155 [main] INFO  com.polarion.platform.hivemind.EclipseHiveMindPlatform -   [148] - javax.persistence-api
2026-02-17 18:31:00,156 [main] INFO  com.polarion.platform.hivemind.EclipseHiveMindPlatform -   [149] - javax.servlet
2026-02-17 18:31:00,156 [main] INFO  com.polarion.platform.hivemind.EclipseHiveMindPlatform -   [150] - javax.transaction
2026-02-17 18:31:00,156 [main] INFO  com.polarion.platform.hivemind.EclipseHiveMindPlatform -   [151] - jaxb-api.patched
2026-02-17 18:31:00,157 [main] INFO  com.polarion.platform.hivemind.EclipseHiveMindPlatform -   [152] - jcip-annotations
2026-02-17 18:31:00,158 [main] INFO  com.polarion.platform.hivemind.EclipseHiveMindPlatform -   [153] - kuromoji-core
2026-02-17 18:31:00,158 [main] INFO  com.polarion.platform.hivemind.EclipseHiveMindPlatform -   [154] - kuromoji-ipadic
2026-02-17 18:31:00,159 [main] INFO  com.polarion.platform.hivemind.EclipseHiveMindPlatform -   [155] - net.bytebuddy.byte-buddy
2026-02-17 18:31:00,165 [main] INFO  com.polarion.platform.hivemind.EclipseHiveMindPlatform -   [156] - net.java.dev.jna
2026-02-17 18:31:00,166 [main] INFO  com.polarion.platform.hivemind.EclipseHiveMindPlatform -   [157] - net.minidev.accessors-smart
2026-02-17 18:31:00,166 [main] INFO  com.polarion.platform.hivemind.EclipseHiveMindPlatform -   [158] - net.minidev.asm
2026-02-17 18:31:00,167 [main] INFO  com.polarion.platform.hivemind.EclipseHiveMindPlatform -   [159] - net.minidev.json-smart
2026-02-17 18:31:00,167 [main] INFO  com.polarion.platform.hivemind.EclipseHiveMindPlatform -   [160] - net.sf.saxon
2026-02-17 18:31:00,168 [main] INFO  com.polarion.platform.hivemind.EclipseHiveMindPlatform -   [161] - net.shibboleth.utilities.java.support
2026-02-17 18:31:00,171 [main] INFO  com.polarion.platform.hivemind.EclipseHiveMindPlatform -   [162] - net.sourceforge.cssparser
2026-02-17 18:31:00,172 [main] INFO  com.polarion.platform.hivemind.EclipseHiveMindPlatform -   [163] - net.sourceforge.htmlcleaner
2026-02-17 18:31:00,172 [main] INFO  com.polarion.platform.hivemind.EclipseHiveMindPlatform -   [164] - nu.xom
2026-02-17 18:31:00,172 [main] INFO  com.polarion.platform.hivemind.EclipseHiveMindPlatform -   [165] - oauth2-oidc-sdk
2026-02-17 18:31:00,173 [main] INFO  com.polarion.platform.hivemind.EclipseHiveMindPlatform -   [166] - org.abego.treelayout.core
2026-02-17 18:31:00,174 [main] INFO  com.polarion.platform.hivemind.EclipseHiveMindPlatform -   [167] - org.antlr.ST4
2026-02-17 18:31:00,174 [main] INFO  com.polarion.platform.hivemind.EclipseHiveMindPlatform -   [168] - org.apache.ant
2026-02-17 18:31:00,183 [main] INFO  com.polarion.platform.hivemind.EclipseHiveMindPlatform -   [169] - org.apache.avro
2026-02-17 18:31:00,183 [main] INFO  com.polarion.platform.hivemind.EclipseHiveMindPlatform -   [170] - org.apache.axis
2026-02-17 18:31:00,184 [main] INFO  com.polarion.platform.hivemind.EclipseHiveMindPlatform -   [171] - org.apache.batik.patched
2026-02-17 18:31:00,185 [main] INFO  com.polarion.platform.hivemind.EclipseHiveMindPlatform -   [172] - org.apache.commons.codec
2026-02-17 18:31:00,185 [main] INFO  com.polarion.platform.hivemind.EclipseHiveMindPlatform -   [173] - org.apache.commons.collections
2026-02-17 18:31:00,185 [main] INFO  com.polarion.platform.hivemind.EclipseHiveMindPlatform -   [174] - org.apache.commons.commons-beanutils
2026-02-17 18:31:00,186 [main] INFO  com.polarion.platform.hivemind.EclipseHiveMindPlatform -   [175] - org.apache.commons.commons-codec
2026-02-17 18:31:00,187 [main] INFO  com.polarion.platform.hivemind.EclipseHiveMindPlatform -   [176] - org.apache.commons.commons-collections4
2026-02-17 18:31:00,187 [main] INFO  com.polarion.platform.hivemind.EclipseHiveMindPlatform -   [177] - org.apache.commons.commons-compress
2026-02-17 18:31:00,189 [main] INFO  com.polarion.platform.hivemind.EclipseHiveMindPlatform -   [178] - org.apache.commons.commons-fileupload
2026-02-17 18:31:00,190 [main] INFO  com.polarion.platform.hivemind.EclipseHiveMindPlatform -   [179] - org.apache.commons.commons-io
2026-02-17 18:31:00,191 [main] INFO  com.polarion.platform.hivemind.EclipseHiveMindPlatform -   [180] - org.apache.commons.commons-text
2026-02-17 18:31:00,191 [main] INFO  com.polarion.platform.hivemind.EclipseHiveMindPlatform -   [181] - org.apache.commons.digester.patched
2026-02-17 18:31:00,192 [main] INFO  com.polarion.platform.hivemind.EclipseHiveMindPlatform -   [182] - org.apache.commons.exec
2026-02-17 18:31:00,192 [main] INFO  com.polarion.platform.hivemind.EclipseHiveMindPlatform -   [183] - org.apache.commons.io
2026-02-17 18:31:00,192 [main] INFO  com.polarion.platform.hivemind.EclipseHiveMindPlatform -   [184] - org.apache.commons.lang
2026-02-17 18:31:00,193 [main] INFO  com.polarion.platform.hivemind.EclipseHiveMindPlatform -   [185] - org.apache.commons.lang3
2026-02-17 18:31:00,193 [main] INFO  com.polarion.platform.hivemind.EclipseHiveMindPlatform -   [186] - org.apache.commons.logging
2026-02-17 18:31:00,194 [main] INFO  com.polarion.platform.hivemind.EclipseHiveMindPlatform -   [187] - org.apache.curator-client
2026-02-17 18:31:00,194 [main] INFO  com.polarion.platform.hivemind.EclipseHiveMindPlatform -   [188] - org.apache.curator-framework
2026-02-17 18:31:00,195 [main] INFO  com.polarion.platform.hivemind.EclipseHiveMindPlatform -   [189] - org.apache.curator-recipes
2026-02-17 18:31:00,195 [main] INFO  com.polarion.platform.hivemind.EclipseHiveMindPlatform -   [190] - org.apache.felix.scr
2026-02-17 18:31:00,196 [main] INFO  com.polarion.platform.hivemind.EclipseHiveMindPlatform -   [191] - org.apache.fop
2026-02-17 18:31:00,197 [main] INFO  com.polarion.platform.hivemind.EclipseHiveMindPlatform -   [192] - org.apache.hivemind
2026-02-17 18:31:00,199 [main] INFO  com.polarion.platform.hivemind.EclipseHiveMindPlatform - Add bundle org.apache.hivemind to HiveMind
2026-02-17 18:31:00,199 [main] INFO  com.polarion.platform.hivemind.EclipseHiveMindPlatform -   [193] - org.apache.httpcomponents.httpclient
2026-02-17 18:31:00,199 [main] INFO  com.polarion.platform.hivemind.EclipseHiveMindPlatform -   [194] - org.apache.httpcomponents.httpcore
2026-02-17 18:31:00,200 [main] INFO  com.polarion.platform.hivemind.EclipseHiveMindPlatform -   [195] - org.apache.httpcomponents.httpmime
2026-02-17 18:31:00,200 [main] INFO  com.polarion.platform.hivemind.EclipseHiveMindPlatform -   [196] - org.apache.kafka.kafka-clients
2026-02-17 18:31:00,200 [main] INFO  com.polarion.platform.hivemind.EclipseHiveMindPlatform -   [197] - org.apache.kafka.kafka-streams
2026-02-17 18:31:00,201 [main] INFO  com.polarion.platform.hivemind.EclipseHiveMindPlatform -   [198] - org.apache.logging.log4j.1.2-api
2026-02-17 18:31:00,202 [main] INFO  com.polarion.platform.hivemind.EclipseHiveMindPlatform -   [199] - org.apache.logging.log4j.api
2026-02-17 18:31:00,204 [main] INFO  com.polarion.platform.hivemind.EclipseHiveMindPlatform -   [200] - org.apache.logging.log4j.apiconf
2026-02-17 18:31:00,205 [main] INFO  com.polarion.platform.hivemind.EclipseHiveMindPlatform -   [201] - org.apache.logging.log4j.core
2026-02-17 18:31:00,207 [main] INFO  com.polarion.platform.hivemind.EclipseHiveMindPlatform -   [202] - org.apache.logging.log4j.slf4j-impl
2026-02-17 18:31:00,207 [main] INFO  com.polarion.platform.hivemind.EclipseHiveMindPlatform -   [203] - org.apache.lucene.analysis-common
2026-02-17 18:31:00,208 [main] INFO  com.polarion.platform.hivemind.EclipseHiveMindPlatform -   [204] - org.apache.lucene.core
2026-02-17 18:31:00,211 [main] INFO  com.polarion.platform.hivemind.EclipseHiveMindPlatform -   [205] - org.apache.lucene.grouping
2026-02-17 18:31:00,211 [main] INFO  com.polarion.platform.hivemind.EclipseHiveMindPlatform -   [206] - org.apache.lucene.queryparser
2026-02-17 18:31:00,212 [main] INFO  com.polarion.platform.hivemind.EclipseHiveMindPlatform -   [207] - org.apache.maven.core
2026-02-17 18:31:00,212 [main] INFO  com.polarion.platform.hivemind.EclipseHiveMindPlatform -   [208] - org.apache.maven.embedder
2026-02-17 18:31:00,213 [main] INFO  com.polarion.platform.hivemind.EclipseHiveMindPlatform -   [209] - org.apache.maven.model
2026-02-17 18:31:00,215 [main] INFO  com.polarion.platform.hivemind.EclipseHiveMindPlatform -   [210] - org.apache.maven.model.builder
2026-02-17 18:31:00,215 [main] INFO  com.polarion.platform.hivemind.EclipseHiveMindPlatform -   [211] - org.apache.oro
2026-02-17 18:31:00,215 [main] INFO  com.polarion.platform.hivemind.EclipseHiveMindPlatform -   [212] - org.apache.pdfbox.fontbox
2026-02-17 18:31:00,215 [main] INFO  com.polarion.platform.hivemind.EclipseHiveMindPlatform -   [213] - org.apache.poi
2026-02-17 18:31:00,218 [main] INFO  com.polarion.platform.hivemind.EclipseHiveMindPlatform -   [214] - org.apache.qpid.proton-j
2026-02-17 18:31:00,219 [main] INFO  com.polarion.platform.hivemind.EclipseHiveMindPlatform -   [215] - org.apache.santuario.xmlsec
2026-02-17 18:31:00,220 [main] INFO  com.polarion.platform.hivemind.EclipseHiveMindPlatform -   [216] - org.apache.tika.patched
2026-02-17 18:31:00,282 [main] INFO  com.polarion.platform.hivemind.EclipseHiveMindPlatform -   [217] - org.apache.velocity.engine-core
2026-02-17 18:31:00,284 [main] INFO  com.polarion.platform.hivemind.EclipseHiveMindPlatform -   [218] - org.apache.xalan
2026-02-17 18:31:00,286 [main] INFO  com.polarion.platform.hivemind.EclipseHiveMindPlatform -   [219] - org.apache.xercesImpl
2026-02-17 18:31:00,287 [main] INFO  com.polarion.platform.hivemind.EclipseHiveMindPlatform -   [220] - org.apache.xml.serializer
2026-02-17 18:31:00,287 [main] INFO  com.polarion.platform.hivemind.EclipseHiveMindPlatform -   [221] - org.apache.xmlgraphics.commons.patched
2026-02-17 18:31:00,287 [main] INFO  com.polarion.platform.hivemind.EclipseHiveMindPlatform -   [222] - org.apache.zookeeper
2026-02-17 18:31:00,288 [main] INFO  com.polarion.platform.hivemind.EclipseHiveMindPlatform -   [223] - org.codehaus.groovy
2026-02-17 18:31:00,289 [main] INFO  com.polarion.platform.hivemind.EclipseHiveMindPlatform -   [224] - org.codehaus.plexus.classworlds
2026-02-17 18:31:00,289 [main] INFO  com.polarion.platform.hivemind.EclipseHiveMindPlatform -   [225] - org.codehaus.plexus.utils
2026-02-17 18:31:00,289 [main] INFO  com.polarion.platform.hivemind.EclipseHiveMindPlatform -   [226] - org.codehaus.woodstox.stax2-api
2026-02-17 18:31:00,290 [main] INFO  com.polarion.platform.hivemind.EclipseHiveMindPlatform -   [227] - org.cryptacular
2026-02-17 18:31:00,290 [main] INFO  com.polarion.platform.hivemind.EclipseHiveMindPlatform -   [228] - org.dom4j
2026-02-17 18:31:00,290 [main] INFO  com.polarion.platform.hivemind.EclipseHiveMindPlatform -   [229] - org.eclipse.core.contenttype
2026-02-17 18:31:00,291 [main] INFO  com.polarion.platform.hivemind.EclipseHiveMindPlatform -   [230] - org.eclipse.core.expressions
2026-02-17 18:31:00,291 [main] INFO  com.polarion.platform.hivemind.EclipseHiveMindPlatform -   [231] - org.eclipse.core.filesystem
2026-02-17 18:31:00,292 [main] INFO  com.polarion.platform.hivemind.EclipseHiveMindPlatform -   [232] - org.eclipse.core.filesystem.linux.x86_64
2026-02-17 18:31:00,293 [main] INFO  com.polarion.platform.hivemind.EclipseHiveMindPlatform -   [233] - org.eclipse.core.jobs
2026-02-17 18:31:00,293 [main] INFO  com.polarion.platform.hivemind.EclipseHiveMindPlatform -   [234] - org.eclipse.core.net
2026-02-17 18:31:00,294 [main] INFO  com.polarion.platform.hivemind.EclipseHiveMindPlatform -   [235] - org.eclipse.core.net.linux
2026-02-17 18:31:00,294 [main] INFO  com.polarion.platform.hivemind.EclipseHiveMindPlatform -   [236] - org.eclipse.core.resources
2026-02-17 18:31:00,295 [main] INFO  com.polarion.platform.hivemind.EclipseHiveMindPlatform -   [237] - org.eclipse.equinox.app
2026-02-17 18:31:00,295 [main] INFO  com.polarion.platform.hivemind.EclipseHiveMindPlatform -   [238] - org.eclipse.equinox.event
2026-02-17 18:31:00,297 [main] INFO  com.polarion.platform.hivemind.EclipseHiveMindPlatform -   [239] - org.eclipse.equinox.launcher
2026-02-17 18:31:00,297 [main] INFO  com.polarion.platform.hivemind.EclipseHiveMindPlatform -   [240] - org.eclipse.equinox.launcher.gtk.linux.x86_64
2026-02-17 18:31:00,298 [main] INFO  com.polarion.platform.hivemind.EclipseHiveMindPlatform -   [241] - org.eclipse.equinox.preferences
2026-02-17 18:31:00,298 [main] INFO  com.polarion.platform.hivemind.EclipseHiveMindPlatform -   [242] - org.eclipse.equinox.registry
2026-02-17 18:31:00,298 [main] INFO  com.polarion.platform.hivemind.EclipseHiveMindPlatform -   [243] - org.eclipse.equinox.security
2026-02-17 18:31:00,300 [main] INFO  com.polarion.platform.hivemind.EclipseHiveMindPlatform -   [244] - org.eclipse.equinox.security.linux
2026-02-17 18:31:00,300 [main] INFO  com.polarion.platform.hivemind.EclipseHiveMindPlatform -   [245] - org.eclipse.jgit
2026-02-17 18:31:00,303 [main] INFO  com.polarion.platform.hivemind.EclipseHiveMindPlatform -   [246] - org.eclipse.osgi.services
2026-02-17 18:31:00,303 [main] INFO  com.polarion.platform.hivemind.EclipseHiveMindPlatform -   [247] - org.eclipse.osgi.util
2026-02-17 18:31:00,304 [main] INFO  com.polarion.platform.hivemind.EclipseHiveMindPlatform -   [248] - org.ehcache
2026-02-17 18:31:00,307 [main] INFO  com.polarion.platform.hivemind.EclipseHiveMindPlatform -   [249] - org.gitlab.java-gitlab-api
2026-02-17 18:31:00,307 [main] INFO  com.polarion.platform.hivemind.EclipseHiveMindPlatform -   [250] - org.glassfish.jersey
2026-02-17 18:31:00,311 [main] INFO  com.polarion.platform.hivemind.EclipseHiveMindPlatform -   [251] - org.graalvm.js
2026-02-17 18:31:00,312 [main] INFO  com.polarion.platform.hivemind.EclipseHiveMindPlatform -   [252] - org.graalvm.js-scriptengine
2026-02-17 18:31:00,312 [main] INFO  com.polarion.platform.hivemind.EclipseHiveMindPlatform -   [253] - org.graalvm.regex
2026-02-17 18:31:00,313 [main] INFO  com.polarion.platform.hivemind.EclipseHiveMindPlatform -   [254] - org.graalvm.sdk
2026-02-17 18:31:00,315 [main] INFO  com.polarion.platform.hivemind.EclipseHiveMindPlatform -   [255] - org.graalvm.truffle-api
2026-02-17 18:31:00,319 [main] INFO  com.polarion.platform.hivemind.EclipseHiveMindPlatform -   [256] - org.hibernate.common.hibernate-commons-annotations
2026-02-17 18:31:00,320 [main] INFO  com.polarion.platform.hivemind.EclipseHiveMindPlatform -   [257] - org.hibernate.orm.core
2026-02-17 18:31:00,321 [main] INFO  com.polarion.platform.hivemind.EclipseHiveMindPlatform -   [258] - org.hibernate.orm.hikaricp
2026-02-17 18:31:00,321 [main] INFO  com.polarion.platform.hivemind.EclipseHiveMindPlatform -   [259] - org.jboss.jandex
2026-02-17 18:31:00,321 [main] INFO  com.polarion.platform.hivemind.EclipseHiveMindPlatform -   [260] - org.jboss.logging
2026-02-17 18:31:00,321 [main] INFO  com.polarion.platform.hivemind.EclipseHiveMindPlatform -   [261] - org.json
2026-02-17 18:31:00,321 [main] INFO  com.polarion.platform.hivemind.EclipseHiveMindPlatform -   [262] - org.jsoup
2026-02-17 18:31:00,322 [main] INFO  com.polarion.platform.hivemind.EclipseHiveMindPlatform -   [263] - org.jsr-305
2026-02-17 18:31:00,322 [main] INFO  com.polarion.platform.hivemind.EclipseHiveMindPlatform -   [264] - org.jvnet.mimepull
2026-02-17 18:31:00,322 [main] INFO  com.polarion.platform.hivemind.EclipseHiveMindPlatform -   [265] - org.objectweb.asm
2026-02-17 18:31:00,323 [main] INFO  com.polarion.platform.hivemind.EclipseHiveMindPlatform -   [266] - org.objectweb.jotm
2026-02-17 18:31:00,323 [main] INFO  com.polarion.platform.hivemind.EclipseHiveMindPlatform -   [267] - org.opensaml.core
2026-02-17 18:31:00,324 [main] INFO  com.polarion.platform.hivemind.EclipseHiveMindPlatform -   [268] - org.opensaml.messaging.api
2026-02-17 18:31:00,324 [main] INFO  com.polarion.platform.hivemind.EclipseHiveMindPlatform -   [269] - org.opensaml.messaging.impl
2026-02-17 18:31:00,324 [main] INFO  com.polarion.platform.hivemind.EclipseHiveMindPlatform -   [270] - org.opensaml.profile.api
2026-02-17 18:31:00,325 [main] INFO  com.polarion.platform.hivemind.EclipseHiveMindPlatform -   [271] - org.opensaml.profile.impl
2026-02-17 18:31:00,325 [main] INFO  com.polarion.platform.hivemind.EclipseHiveMindPlatform -   [272] - org.opensaml.saml.api
2026-02-17 18:31:00,325 [main] INFO  com.polarion.platform.hivemind.EclipseHiveMindPlatform -   [273] - org.opensaml.saml.impl
2026-02-17 18:31:00,325 [main] INFO  com.polarion.platform.hivemind.EclipseHiveMindPlatform -   [274] - org.opensaml.security.api
2026-02-17 18:31:00,325 [main] INFO  com.polarion.platform.hivemind.EclipseHiveMindPlatform -   [275] - org.opensaml.security.impl
2026-02-17 18:31:00,326 [main] INFO  com.polarion.platform.hivemind.EclipseHiveMindPlatform -   [276] - org.opensaml.soap.api
2026-02-17 18:31:00,326 [main] INFO  com.polarion.platform.hivemind.EclipseHiveMindPlatform -   [277] - org.opensaml.soap.impl
2026-02-17 18:31:00,326 [main] INFO  com.polarion.platform.hivemind.EclipseHiveMindPlatform -   [278] - org.opensaml.storage.api
2026-02-17 18:31:00,326 [main] INFO  com.polarion.platform.hivemind.EclipseHiveMindPlatform -   [279] - org.opensaml.storage.impl
2026-02-17 18:31:00,327 [main] INFO  com.polarion.platform.hivemind.EclipseHiveMindPlatform -   [280] - org.opensaml.xmlsec.api
2026-02-17 18:31:00,327 [main] INFO  com.polarion.platform.hivemind.EclipseHiveMindPlatform -   [281] - org.opensaml.xmlsec.impl
2026-02-17 18:31:00,327 [main] INFO  com.polarion.platform.hivemind.EclipseHiveMindPlatform -   [282] - org.osgi.service.cm
2026-02-17 18:31:00,328 [main] INFO  com.polarion.platform.hivemind.EclipseHiveMindPlatform -   [283] - org.osgi.service.component
2026-02-17 18:31:00,328 [main] INFO  com.polarion.platform.hivemind.EclipseHiveMindPlatform -   [284] - org.osgi.service.device
2026-02-17 18:31:00,328 [main] INFO  com.polarion.platform.hivemind.EclipseHiveMindPlatform -   [285] - org.osgi.service.event
2026-02-17 18:31:00,328 [main] INFO  com.polarion.platform.hivemind.EclipseHiveMindPlatform -   [286] - org.osgi.service.metatype
2026-02-17 18:31:00,328 [main] INFO  com.polarion.platform.hivemind.EclipseHiveMindPlatform -   [287] - org.osgi.service.prefs
2026-02-17 18:31:00,328 [main] INFO  com.polarion.platform.hivemind.EclipseHiveMindPlatform -   [288] - org.osgi.service.provisioning
2026-02-17 18:31:00,329 [main] INFO  com.polarion.platform.hivemind.EclipseHiveMindPlatform -   [289] - org.osgi.service.upnp
2026-02-17 18:31:00,329 [main] INFO  com.polarion.platform.hivemind.EclipseHiveMindPlatform -   [290] - org.osgi.service.useradmin
2026-02-17 18:31:00,329 [main] INFO  com.polarion.platform.hivemind.EclipseHiveMindPlatform -   [291] - org.osgi.service.wireadmin
2026-02-17 18:31:00,329 [main] INFO  com.polarion.platform.hivemind.EclipseHiveMindPlatform -   [292] - org.osgi.util.function
2026-02-17 18:31:00,329 [main] INFO  com.polarion.platform.hivemind.EclipseHiveMindPlatform -   [293] - org.osgi.util.measurement
2026-02-17 18:31:00,329 [main] INFO  com.polarion.platform.hivemind.EclipseHiveMindPlatform -   [294] - org.osgi.util.position
2026-02-17 18:31:00,330 [main] INFO  com.polarion.platform.hivemind.EclipseHiveMindPlatform -   [295] - org.osgi.util.promise
2026-02-17 18:31:00,330 [main] INFO  com.polarion.platform.hivemind.EclipseHiveMindPlatform -   [296] - org.osgi.util.xml
2026-02-17 18:31:00,330 [main] INFO  com.polarion.platform.hivemind.EclipseHiveMindPlatform -   [297] - org.owasp.esapi
2026-02-17 18:31:00,331 [main] INFO  com.polarion.platform.hivemind.EclipseHiveMindPlatform -   [298] - org.postgresql
2026-02-17 18:31:00,331 [main] INFO  com.polarion.platform.hivemind.EclipseHiveMindPlatform -   [299] - org.reactive.streams
2026-02-17 18:31:00,331 [main] INFO  com.polarion.platform.hivemind.EclipseHiveMindPlatform -   [300] - org.rocksdb.rocksdbjni
2026-02-17 18:31:00,331 [main] INFO  com.polarion.platform.hivemind.EclipseHiveMindPlatform -   [301] - org.springframework.data-commons
2026-02-17 18:31:00,331 [main] INFO  com.polarion.platform.hivemind.EclipseHiveMindPlatform -   [302] - org.springframework.data-jpa
2026-02-17 18:31:00,332 [main] INFO  com.polarion.platform.hivemind.EclipseHiveMindPlatform -   [303] - org.springframework.spring-aop
2026-02-17 18:31:00,332 [main] INFO  com.polarion.platform.hivemind.EclipseHiveMindPlatform -   [304] - org.springframework.spring-beans
2026-02-17 18:31:00,332 [main] INFO  com.polarion.platform.hivemind.EclipseHiveMindPlatform -   [305] - org.springframework.spring-context
2026-02-17 18:31:00,333 [main] INFO  com.polarion.platform.hivemind.EclipseHiveMindPlatform -   [306] - org.springframework.spring-core
2026-02-17 18:31:00,333 [main] INFO  com.polarion.platform.hivemind.EclipseHiveMindPlatform -   [307] - org.springframework.spring-expression
2026-02-17 18:31:00,333 [main] INFO  com.polarion.platform.hivemind.EclipseHiveMindPlatform -   [308] - org.springframework.spring-jdbc
2026-02-17 18:31:00,333 [main] INFO  com.polarion.platform.hivemind.EclipseHiveMindPlatform -   [309] - org.springframework.spring-orm
2026-02-17 18:31:00,333 [main] INFO  com.polarion.platform.hivemind.EclipseHiveMindPlatform -   [310] - org.springframework.spring-tx
2026-02-17 18:31:00,334 [main] INFO  com.polarion.platform.hivemind.EclipseHiveMindPlatform -   [311] - org.springframework.spring-web
2026-02-17 18:31:00,334 [main] INFO  com.polarion.platform.hivemind.EclipseHiveMindPlatform -   [312] - org.springframework.spring-webmvc
2026-02-17 18:31:00,334 [main] INFO  com.polarion.platform.hivemind.EclipseHiveMindPlatform -   [313] - org.tmatesoft.sqljet
2026-02-17 18:31:00,334 [main] INFO  com.polarion.platform.hivemind.EclipseHiveMindPlatform -   [314] - org.tmatesoft.svnkit
2026-02-17 18:31:00,335 [main] INFO  com.polarion.platform.hivemind.EclipseHiveMindPlatform -   [315] - org.xerial.snappy
2026-02-17 18:31:00,335 [main] INFO  com.polarion.platform.hivemind.EclipseHiveMindPlatform -   [316] - org.xmlresolver.xmlresolver
2026-02-17 18:31:00,335 [main] INFO  com.polarion.platform.hivemind.EclipseHiveMindPlatform -   [317] - quartz
2026-02-17 18:31:00,336 [main] INFO  com.polarion.platform.hivemind.EclipseHiveMindPlatform -   [318] - saaj-api
2026-02-17 18:31:00,336 [main] INFO  com.polarion.platform.hivemind.EclipseHiveMindPlatform -   [319] - sdk-lifecycle-collab
2026-02-17 18:31:00,336 [main] INFO  com.polarion.platform.hivemind.EclipseHiveMindPlatform -   [320] - sdk-lifecycle-docmgmt
2026-02-17 18:31:00,336 [main] INFO  com.polarion.platform.hivemind.EclipseHiveMindPlatform -   [321] - siemens.des.clientsecurity
2026-02-17 18:31:00,336 [main] INFO  com.polarion.platform.hivemind.EclipseHiveMindPlatform -   [322] - slf4j.api
2026-02-17 18:31:00,336 [main] INFO  com.polarion.platform.hivemind.EclipseHiveMindPlatform -   [323] - xml-apis
2026-02-17 18:31:00,336 [main] INFO  com.polarion.platform.hivemind.EclipseHiveMindPlatform -   [324] - xml.apis.ext.patched
2026-02-17 18:31:00,337 [main] INFO  com.polarion.platform.hivemind.EclipseHiveMindPlatform -   [325] - xstream
2026-02-17 18:31:00,338 [main] INFO  com.polarion.platform.hivemind.EclipseHiveMindPlatform -   [326] - z3-solver_4.15.2.patched
2026-02-17 18:31:00,726 [main] INFO  com.siemens.polarion.secrets.manager.impl.FileBackedSecretsManager - secrets-manager: Reading secret version null from path: rpc.encrypt.decrypt.key
2026-02-17 18:31:00,726 [main] INFO  com.siemens.polarion.secrets.manager.operations.impl.ReadFileBackedSecretOperation - secrets-manager: Reading secret with key : rpc.encrypt.decrypt.key and version : null
2026-02-17 18:31:00,765 [main] INFO  com.polarion.core.util.remote.server.SocketRemoteControlServer - Remote control server socket is ready to listen on debian12-nehbabsq-19041.polarion.net.plm.eds.com/10.249.245.196:8887
2026-02-17 18:31:00,770 [xServer:8887] INFO  org.xsocket.connection.Server - server listening on debian12-nehbabsq-19041.polarion.net.plm.eds.com:8887 (xSocket 2.5.3)
2026-02-17 18:31:20,106 [main] INFO  PolarionLicensing - Removing allocations by null
2026-02-17 18:31:20,114 [main] INFO  PolarionLicensing - STATS:concurrentVariantsUser,current:0,peak:0,limit:120000
2026-02-17 18:31:20,114 [main] INFO  PolarionLicensing - STATS:concurrentVariantConfiguratorUser,current:0,peak:0,limit:0
2026-02-17 18:31:20,116 [main] INFO  PolarionLicensing - STATS:concurrentSafeUser,current:0,peak:0,limit:120000
2026-02-17 18:31:20,116 [main] INFO  PolarionLicensing - STATS:concurrentRhapsodyUser,current:0,peak:0,limit:120000
2026-02-17 18:31:20,116 [main] INFO  PolarionLicensing - STATS:concurrentCopilotUser,current:0,peak:0,limit:120000
2026-02-17 18:31:20,117 [main] INFO  PolarionLicensing - STATS:concurrentAutomotiveUser,current:0,peak:0,limit:0
2026-02-17 18:31:20,122 [main] INFO  PolarionLicensing - 1 namedReviewerUser assignments (out of 120000) loaded: [admin]
2026-02-17 18:31:20,124 [main] INFO  PolarionLicensing - 1 concurrentReviewerUser assignments (out of -1) loaded: [admin]
2026-02-17 18:31:20,124 [main] INFO  PolarionLicensing - STATS:concurrentReviewerUser,current:0,peak:0,limit:120000
2026-02-17 18:31:20,124 [main] INFO  PolarionLicensing - 0 namedXReviewerUser assignments (out of 0) loaded: []
2026-02-17 18:31:20,124 [main] INFO  PolarionLicensing - 0 concurrentXReviewerUser assignments (out of 0) loaded: []
2026-02-17 18:31:20,124 [main] INFO  PolarionLicensing - STATS:concurrentXReviewerUser,current:0,peak:0,limit:0
2026-02-17 18:31:20,124 [main] INFO  PolarionLicensing - 0 namedXBaseUser assignments (out of 0) loaded: []
2026-02-17 18:31:20,124 [main] INFO  PolarionLicensing - 0 concurrentXBaseUser assignments (out of 0) loaded: []
2026-02-17 18:31:20,126 [main] INFO  PolarionLicensing - STATS:concurrentXBaseUser,current:0,peak:0,limit:0
2026-02-17 18:31:20,127 [main] INFO  PolarionLicensing - 0 namedXEssentialsUser assignments (out of 0) loaded: []
2026-02-17 18:31:20,127 [main] INFO  PolarionLicensing - 0 concurrentXEssentialsUser assignments (out of 0) loaded: []
2026-02-17 18:31:20,127 [main] INFO  PolarionLicensing - STATS:concurrentXEssentialsUser,current:0,peak:0,limit:0
2026-02-17 18:31:20,127 [main] INFO  PolarionLicensing - 0 namedXProUser assignments (out of 0) loaded: []
2026-02-17 18:31:20,127 [main] INFO  PolarionLicensing - 0 concurrentXProUser assignments (out of 0) loaded: []
2026-02-17 18:31:20,127 [main] INFO  PolarionLicensing - STATS:concurrentXProUser,current:0,peak:0,limit:0
2026-02-17 18:31:20,127 [main] INFO  PolarionLicensing - 0 namedXStandardUser assignments (out of 0) loaded: []
2026-02-17 18:31:20,127 [main] INFO  PolarionLicensing - 0 concurrentXStandardUser assignments (out of 0) loaded: []
2026-02-17 18:31:20,127 [main] INFO  PolarionLicensing - STATS:concurrentXStandardUser,current:0,peak:0,limit:0
2026-02-17 18:31:20,127 [main] INFO  PolarionLicensing - 0 namedXEnterpriseUser assignments (out of 0) loaded: []
2026-02-17 18:31:20,127 [main] INFO  PolarionLicensing - 0 concurrentXEnterpriseUser assignments (out of 0) loaded: []
2026-02-17 18:31:20,127 [main] INFO  PolarionLicensing - STATS:concurrentXEnterpriseUser,current:0,peak:0,limit:0
2026-02-17 18:31:20,127 [main] INFO  PolarionLicensing - 0 namedXAdvancedUser assignments (out of 0) loaded: []
2026-02-17 18:31:20,128 [main] INFO  PolarionLicensing - 0 concurrentXAdvancedUser assignments (out of 0) loaded: []
2026-02-17 18:31:20,129 [main] INFO  PolarionLicensing - STATS:concurrentXAdvancedUser,current:0,peak:0,limit:0
2026-02-17 18:31:20,129 [main] INFO  PolarionLicensing - 0 namedXExtendedUser assignments (out of 0) loaded: []
2026-02-17 18:31:20,129 [main] INFO  PolarionLicensing - 0 concurrentXExtendedUser assignments (out of 0) loaded: []
2026-02-17 18:31:20,129 [main] INFO  PolarionLicensing - STATS:concurrentXExtendedUser,current:0,peak:0,limit:0
2026-02-17 18:31:20,129 [main] INFO  PolarionLicensing - 0 namedXPremiumUser assignments (out of 0) loaded: []
2026-02-17 18:31:20,129 [main] INFO  PolarionLicensing - 0 concurrentXPremiumUser assignments (out of 0) loaded: []
2026-02-17 18:31:20,129 [main] INFO  PolarionLicensing - STATS:concurrentXPremiumUser,current:0,peak:0,limit:0
2026-02-17 18:31:20,129 [main] INFO  PolarionLicensing - 0 namedXAutomotiveUser assignments (out of 0) loaded: []
2026-02-17 18:31:20,129 [main] INFO  PolarionLicensing - 0 concurrentXAutomotiveUser assignments (out of 0) loaded: []
2026-02-17 18:31:20,129 [main] INFO  PolarionLicensing - STATS:concurrentXAutomotiveUser,current:0,peak:0,limit:0
2026-02-17 18:31:20,129 [main] INFO  PolarionLicensing - 1 namedProUser assignments (out of 120000) loaded: [admin]
2026-02-17 18:31:20,129 [main] INFO  PolarionLicensing - 1 concurrentProUser assignments (out of -1) loaded: [admin]
2026-02-17 18:31:20,129 [main] INFO  PolarionLicensing - STATS:concurrentProUser,current:0,peak:0,limit:120000
2026-02-17 18:31:20,129 [main] INFO  PolarionLicensing - 1 namedRequirementsUser assignments (out of 120000) loaded: [admin]
2026-02-17 18:31:20,130 [main] INFO  PolarionLicensing - 1 concurrentRequirementsUser assignments (out of -1) loaded: [admin]
2026-02-17 18:31:20,130 [main] INFO  PolarionLicensing - STATS:concurrentRequirementsUser,current:0,peak:0,limit:120000
2026-02-17 18:31:20,130 [main] INFO  PolarionLicensing - 1 namedQAUser assignments (out of 120000) loaded: [admin]
2026-02-17 18:31:20,130 [main] INFO  PolarionLicensing - 1 concurrentQAUser assignments (out of -1) loaded: [admin]
2026-02-17 18:31:20,130 [main] INFO  PolarionLicensing - STATS:concurrentQAUser,current:0,peak:0,limit:120000
2026-02-17 18:31:20,130 [main] INFO  PolarionLicensing - 1 namedALMUser assignments (out of 120000) loaded: [admin]
2026-02-17 18:31:20,130 [main] INFO  PolarionLicensing - 3 concurrentALMUser assignments (out of -1) loaded: [admin, neha, neha123]
2026-02-17 18:31:20,130 [main] INFO  PolarionLicensing - STATS:concurrentALMUser,current:0,peak:0,limit:120000
2026-02-17 18:31:20,138 [main] INFO  com.polarion.platform.internal.cache.CacheConfigurator - EHCache uses internal configuration
2026-02-17 18:31:20,667 [main] INFO  com.polarion.platform.internal.cache.CachingProviderHandler - The caches has been shutdown properly and will be reused from previous run.
2026-02-17 18:31:20,849 [main] WARN  org.ehcache.impl.internal.executor.PooledExecutionService - No default pool configured, services requiring thread pools must be configured explicitly using named thread pools
2026-02-17 18:31:20,902 [main] INFO  org.ehcache.impl.internal.store.disk.OffHeapDiskStore - The index for data file ehcache-disk-store.data is more recent than the data file itself by 36537890ms : this is harmless.
2026-02-17 18:31:20,937 [main] INFO  org.ehcache.impl.internal.store.disk.OffHeapDiskStore - The index for data file ehcache-disk-store.data is more recent than the data file itself by 2180184ms : this is harmless.
2026-02-17 18:31:20,950 [main] INFO  org.ehcache.impl.internal.store.disk.OffHeapDiskStore - The index for data file ehcache-disk-store.data is more recent than the data file itself by 7ms : this is harmless.
2026-02-17 18:31:20,971 [main] INFO  org.ehcache.impl.internal.store.disk.OffHeapDiskStore - The index for data file ehcache-disk-store.data is more recent than the data file itself by 11ms : this is harmless.
2026-02-17 18:31:20,996 [main] INFO  org.ehcache.impl.internal.store.disk.OffHeapDiskStore - The index for data file ehcache-disk-store.data is more recent than the data file itself by 20520012ms : this is harmless.
2026-02-17 18:31:21,001 [main] INFO  org.ehcache.impl.internal.store.disk.OffHeapDiskStore - The index for data file ehcache-disk-store.data is more recent than the data file itself by 9ms : this is harmless.
2026-02-17 18:31:21,004 [main] INFO  org.ehcache.impl.internal.store.disk.OffHeapDiskStore - The index for data file ehcache-disk-store.data is more recent than the data file itself by 36537910ms : this is harmless.
2026-02-17 18:31:21,007 [main] INFO  org.ehcache.impl.internal.store.disk.OffHeapDiskStore - The index for data file ehcache-disk-store.data is more recent than the data file itself by 36537907ms : this is harmless.
2026-02-17 18:31:21,010 [main] INFO  org.ehcache.impl.internal.store.disk.OffHeapDiskStore - The index for data file ehcache-disk-store.data is more recent than the data file itself by 7ms : this is harmless.
2026-02-17 18:31:21,016 [main] INFO  org.ehcache.impl.internal.store.disk.OffHeapDiskStore - The index for data file ehcache-disk-store.data is more recent than the data file itself by 21516941ms : this is harmless.
2026-02-17 18:31:21,020 [main] INFO  org.ehcache.impl.internal.store.disk.OffHeapDiskStore - The index for data file ehcache-disk-store.data is more recent than the data file itself by 6ms : this is harmless.
2026-02-17 18:31:21,023 [main] INFO  org.ehcache.impl.internal.store.disk.OffHeapDiskStore - The index for data file ehcache-disk-store.data is more recent than the data file itself by 20520015ms : this is harmless.
2026-02-17 18:31:21,026 [main] INFO  org.ehcache.impl.internal.store.disk.OffHeapDiskStore - The index for data file ehcache-disk-store.data is more recent than the data file itself by 7ms : this is harmless.
2026-02-17 18:31:21,030 [main] INFO  org.ehcache.impl.internal.store.disk.OffHeapDiskStore - The index for data file ehcache-disk-store.data is more recent than the data file itself by 2180180ms : this is harmless.
2026-02-17 18:31:21,035 [main] INFO  org.ehcache.impl.internal.store.disk.OffHeapDiskStore - The index for data file ehcache-disk-store.data is more recent than the data file itself by 6ms : this is harmless.
2026-02-17 18:31:21,049 [main] INFO  org.ehcache.impl.internal.store.disk.OffHeapDiskStore - The index for data file ehcache-disk-store.data is more recent than the data file itself by 21516891ms : this is harmless.
2026-02-17 18:31:21,055 [main] INFO  org.ehcache.impl.internal.store.disk.OffHeapDiskStore - The index for data file ehcache-disk-store.data is more recent than the data file itself by 2180172ms : this is harmless.
2026-02-17 18:31:21,058 [main] INFO  org.ehcache.impl.internal.store.disk.OffHeapDiskStore - The index for data file ehcache-disk-store.data is more recent than the data file itself by 36537910ms : this is harmless.
2026-02-17 18:31:21,061 [main] INFO  org.ehcache.impl.internal.store.disk.OffHeapDiskStore - The index for data file ehcache-disk-store.data is more recent than the data file itself by 21516888ms : this is harmless.
2026-02-17 18:31:21,063 [main] INFO  org.ehcache.impl.internal.store.disk.OffHeapDiskStore - The index for data file ehcache-disk-store.data is more recent than the data file itself by 36537905ms : this is harmless.
2026-02-17 18:31:21,065 [main] INFO  org.ehcache.sizeof.filters.AnnotationSizeOfFilter - Using regular expression provided through VM argument org.ehcache.sizeof.filters.AnnotationSizeOfFilter.pattern for IgnoreSizeOf annotation : ^.*cache\..*IgnoreSizeOf$
2026-02-17 18:31:21,077 [main] INFO  org.ehcache.sizeof.impl.JvmInformation - Detected JVM data model settings of: 64-Bit OpenJDK JVM with Compressed OOPs
2026-02-17 18:31:21,090 [main] INFO  org.ehcache.sizeof.impl.AgentLoader - Failed to attach to VM and load the agent: class java.io.IOException: Can not attach to current VM
2026-02-17 18:31:21,098 [main] INFO  org.ehcache.impl.internal.store.disk.OffHeapDiskStore - The index for data file ehcache-disk-store.data is more recent than the data file itself by 739306ms : this is harmless.
2026-02-17 18:31:21,102 [main] INFO  org.ehcache.impl.internal.store.disk.OffHeapDiskStore - The index for data file ehcache-disk-store.data is more recent than the data file itself by 5ms : this is harmless.
2026-02-17 18:31:21,105 [main] INFO  org.ehcache.impl.internal.store.disk.OffHeapDiskStore - The index for data file ehcache-disk-store.data is more recent than the data file itself by 36537863ms : this is harmless.
2026-02-17 18:31:21,107 [main] INFO  org.ehcache.impl.internal.store.disk.OffHeapDiskStore - The index for data file ehcache-disk-store.data is more recent than the data file itself by 36537860ms : this is harmless.
2026-02-17 18:31:21,111 [main] INFO  org.ehcache.impl.internal.store.disk.OffHeapDiskStore - The index for data file ehcache-disk-store.data is more recent than the data file itself by 3099202ms : this is harmless.
2026-02-17 18:31:21,140 [main] INFO  org.ehcache.impl.internal.store.disk.OffHeapDiskStore - The index for data file ehcache-disk-store.data is more recent than the data file itself by 6ms : this is harmless.
2026-02-17 18:31:21,143 [main] INFO  org.ehcache.impl.internal.store.disk.OffHeapDiskStore - The index for data file ehcache-disk-store.data is more recent than the data file itself by 36537839ms : this is harmless.
2026-02-17 18:31:21,145 [main] INFO  org.ehcache.impl.internal.store.disk.OffHeapDiskStore - The index for data file ehcache-disk-store.data is more recent than the data file itself by 36537841ms : this is harmless.
2026-02-17 18:31:21,148 [main] INFO  org.ehcache.impl.internal.store.disk.OffHeapDiskStore - The index for data file ehcache-disk-store.data is more recent than the data file itself by 14ms : this is harmless.
2026-02-17 18:31:21,326 [main] INFO  com.zaxxer.hikari.HikariDataSource - HikariPool-systemDB - Starting...
2026-02-17 18:31:21,384 [main] INFO  com.zaxxer.hikari.pool.HikariPool - HikariPool-systemDB - Added connection org.postgresql.jdbc.PgConnection@24244ea
2026-02-17 18:31:21,385 [main] INFO  com.zaxxer.hikari.HikariDataSource - HikariPool-systemDB - Start completed.
2026-02-17 18:31:21,416 [main] INFO  com.polarion.platform.startup - Current authentication configuration source is xml file: /opt/polarion/data/authentication/authentication.xml
2026-02-17 18:31:21,496 [main] INFO  (SECURITY) com.polarion.platform.internal.security.auth.LoginFlowUserPassword - [AUTH-0001] - User 'polarion' authenticated. Source: system.
2026-02-17 18:31:21,506 [main] INFO  com.siemens.polarion.secrets.manager.impl.FileBackedSecretsManager - secrets-manager: Reading secret version null from path: svnauth.password.generation.key
2026-02-17 18:31:21,506 [main] INFO  com.siemens.polarion.secrets.manager.operations.impl.ReadFileBackedSecretOperation - secrets-manager: Reading secret with key : svnauth.password.generation.key and version : null
2026-02-17 18:31:21,507 [main] INFO  com.siemens.polarion.secrets.manager.impl.FileBackedSecretsManager - secrets-manager: Reading secret version null from path: svn.sso.auth.encrypt.decrypt.key
2026-02-17 18:31:21,507 [main] INFO  com.siemens.polarion.secrets.manager.operations.impl.ReadFileBackedSecretOperation - secrets-manager: Reading secret with key : svn.sso.auth.encrypt.decrypt.key and version : null
2026-02-17 18:31:21,530 [main] INFO  com.polarion.platform.cluster.ClusterService - Initializing cluster service
2026-02-17 18:31:21,531 [main] INFO  com.polarion.platform.cluster.ClusterService - Cluster service is disabled.
2026-02-17 18:31:21,537 [main] INFO  com.siemens.polarion.secrets.manager.impl.FileBackedSecretsManager - secrets-manager: Reading secret version null from path: usercredentials.encrypt.decrypt.key
2026-02-17 18:31:21,537 [main] INFO  com.siemens.polarion.secrets.manager.operations.impl.ReadFileBackedSecretOperation - secrets-manager: Reading secret with key : usercredentials.encrypt.decrypt.key and version : null
2026-02-17 18:31:21,542 [main] INFO  (SECURITY) com.polarion.platform.internal.security.auth.LoginFlowUserPassword - [AUTH-0001] - User 'polarion' logged in. Source: system.
2026-02-17 18:31:21,546 [main] INFO  PolarionLicensing - Reloading users file
2026-02-17 18:31:21,546 [main] INFO  PolarionLicensing - Clearing old data
2026-02-17 18:31:21,546 [main] INFO  PolarionLicensing - Filling new data
2026-02-17 18:31:21,551 [main] INFO  PolarionLicensing - 1 namedReviewerUser assignments (out of 120000) loaded: [admin]
2026-02-17 18:31:21,551 [main] INFO  PolarionLicensing - 1 concurrentReviewerUser assignments (out of -1) loaded: [admin]
2026-02-17 18:31:21,552 [main] INFO  PolarionLicensing - 0 namedXReviewerUser assignments (out of 0) loaded: []
2026-02-17 18:31:21,552 [main] INFO  PolarionLicensing - 0 concurrentXReviewerUser assignments (out of 0) loaded: []
2026-02-17 18:31:21,552 [main] INFO  PolarionLicensing - 0 namedXBaseUser assignments (out of 0) loaded: []
2026-02-17 18:31:21,552 [main] INFO  PolarionLicensing - 0 concurrentXBaseUser assignments (out of 0) loaded: []
2026-02-17 18:31:21,552 [main] INFO  PolarionLicensing - 0 namedXEssentialsUser assignments (out of 0) loaded: []
2026-02-17 18:31:21,552 [main] INFO  PolarionLicensing - 0 concurrentXEssentialsUser assignments (out of 0) loaded: []
2026-02-17 18:31:21,552 [main] INFO  PolarionLicensing - 0 namedXProUser assignments (out of 0) loaded: []
2026-02-17 18:31:21,552 [main] INFO  PolarionLicensing - 0 concurrentXProUser assignments (out of 0) loaded: []
2026-02-17 18:31:21,552 [main] INFO  PolarionLicensing - 0 namedXStandardUser assignments (out of 0) loaded: []
2026-02-17 18:31:21,552 [main] INFO  PolarionLicensing - 0 concurrentXStandardUser assignments (out of 0) loaded: []
2026-02-17 18:31:21,552 [main] INFO  PolarionLicensing - 0 namedXEnterpriseUser assignments (out of 0) loaded: []
2026-02-17 18:31:21,552 [main] INFO  PolarionLicensing - 0 concurrentXEnterpriseUser assignments (out of 0) loaded: []
2026-02-17 18:31:21,552 [main] INFO  PolarionLicensing - 0 namedXAdvancedUser assignments (out of 0) loaded: []
2026-02-17 18:31:21,552 [main] INFO  PolarionLicensing - 0 concurrentXAdvancedUser assignments (out of 0) loaded: []
2026-02-17 18:31:21,552 [main] INFO  PolarionLicensing - 0 namedXExtendedUser assignments (out of 0) loaded: []
2026-02-17 18:31:21,552 [main] INFO  PolarionLicensing - 0 concurrentXExtendedUser assignments (out of 0) loaded: []
2026-02-17 18:31:21,552 [main] INFO  PolarionLicensing - 0 namedXPremiumUser assignments (out of 0) loaded: []
2026-02-17 18:31:21,552 [main] INFO  PolarionLicensing - 0 concurrentXPremiumUser assignments (out of 0) loaded: []
2026-02-17 18:31:21,552 [main] INFO  PolarionLicensing - 0 namedXAutomotiveUser assignments (out of 0) loaded: []
2026-02-17 18:31:21,552 [main] INFO  PolarionLicensing - 0 concurrentXAutomotiveUser assignments (out of 0) loaded: []
2026-02-17 18:31:21,552 [main] INFO  PolarionLicensing - 1 namedProUser assignments (out of 120000) loaded: [admin]
2026-02-17 18:31:21,552 [main] INFO  PolarionLicensing - 1 concurrentProUser assignments (out of -1) loaded: [admin]
2026-02-17 18:31:21,552 [main] INFO  PolarionLicensing - 1 namedRequirementsUser assignments (out of 120000) loaded: [admin]
2026-02-17 18:31:21,552 [main] INFO  PolarionLicensing - 1 concurrentRequirementsUser assignments (out of -1) loaded: [admin]
2026-02-17 18:31:21,552 [main] INFO  PolarionLicensing - 1 namedQAUser assignments (out of 120000) loaded: [admin]
2026-02-17 18:31:21,552 [main] INFO  PolarionLicensing - 1 concurrentQAUser assignments (out of -1) loaded: [admin]
2026-02-17 18:31:21,552 [main] INFO  PolarionLicensing - 1 namedALMUser assignments (out of 120000) loaded: [admin]
2026-02-17 18:31:21,553 [main] INFO  PolarionLicensing - 3 concurrentALMUser assignments (out of -1) loaded: [admin, neha, neha123]
2026-02-17 18:31:21,554 [main] INFO  PolarionLicensing - checkAllocation took  [ TIME 0.000697 s. ]
2026-02-17 18:31:21,554 [main] INFO  PolarionLicensing - Filling new data - done
2026-02-17 18:31:21,554 [main] INFO  PolarionLicensing - Verifying new data
2026-02-17 18:31:21,554 [main] INFO  PolarionLicensing - STATS:concurrentVariantsUser,current:0,peak:0,limit:120000
2026-02-17 18:31:21,554 [main] INFO  PolarionLicensing - STATS:concurrentVariantConfiguratorUser,current:0,peak:0,limit:0
2026-02-17 18:31:21,554 [main] INFO  PolarionLicensing - STATS:concurrentSafeUser,current:0,peak:0,limit:120000
2026-02-17 18:31:21,554 [main] INFO  PolarionLicensing - STATS:concurrentRhapsodyUser,current:0,peak:0,limit:120000
2026-02-17 18:31:21,554 [main] INFO  PolarionLicensing - STATS:concurrentCopilotUser,current:0,peak:0,limit:120000
2026-02-17 18:31:21,554 [main] INFO  PolarionLicensing - STATS:concurrentAutomotiveUser,current:0,peak:0,limit:0
2026-02-17 18:31:21,554 [main] INFO  PolarionLicensing - STATS:concurrentReviewerUser,current:0,peak:0,limit:120000
2026-02-17 18:31:21,554 [main] INFO  PolarionLicensing - STATS:concurrentXReviewerUser,current:0,peak:0,limit:0
2026-02-17 18:31:21,554 [main] INFO  PolarionLicensing - STATS:concurrentXBaseUser,current:0,peak:0,limit:0
2026-02-17 18:31:21,554 [main] INFO  PolarionLicensing - STATS:concurrentXEssentialsUser,current:0,peak:0,limit:0
2026-02-17 18:31:21,554 [main] INFO  PolarionLicensing - STATS:concurrentXProUser,current:0,peak:0,limit:0
2026-02-17 18:31:21,554 [main] INFO  PolarionLicensing - STATS:concurrentXStandardUser,current:0,peak:0,limit:0
2026-02-17 18:31:21,554 [main] INFO  PolarionLicensing - STATS:concurrentXEnterpriseUser,current:0,peak:0,limit:0
2026-02-17 18:31:21,554 [main] INFO  PolarionLicensing - STATS:concurrentXAdvancedUser,current:0,peak:0,limit:0
2026-02-17 18:31:21,554 [main] INFO  PolarionLicensing - STATS:concurrentXExtendedUser,current:0,peak:0,limit:0
2026-02-17 18:31:21,554 [main] INFO  PolarionLicensing - STATS:concurrentXPremiumUser,current:0,peak:0,limit:0
2026-02-17 18:31:21,554 [main] INFO  PolarionLicensing - STATS:concurrentXAutomotiveUser,current:0,peak:0,limit:0
2026-02-17 18:31:21,554 [main] INFO  PolarionLicensing - STATS:concurrentProUser,current:0,peak:0,limit:120000
2026-02-17 18:31:21,554 [main] INFO  PolarionLicensing - STATS:concurrentRequirementsUser,current:0,peak:0,limit:120000
2026-02-17 18:31:21,554 [main] INFO  PolarionLicensing - STATS:concurrentQAUser,current:0,peak:0,limit:120000
2026-02-17 18:31:21,554 [main] INFO  PolarionLicensing - STATS:concurrentALMUser,current:0,peak:0,limit:120000
2026-02-17 18:31:21,554 [main] INFO  PolarionLicensing - Verifying new data - done
2026-02-17 18:31:21,554 [main] INFO  PolarionLicensing - Reloading users file ... took  [ TIME 0.00826 s. ]
2026-02-17 18:31:21,556 [main] INFO  PolarionLicensing - 
*******************************************************************
 Polarion successfully activated
*******************************************************************
2026-02-17 18:31:21,590 [main] INFO  com.polarion.platform.internal.i18n.LanguageContributor - Localization file /META-INF/messages_en.properties read successfully (9145 messages)
2026-02-17 18:31:22,345 [main] INFO  com.polarion.platform.sql.internal.SqlModule - Initializing database...
2026-02-17 18:31:22,552 [main] INFO  com.polarion.platform.sql.internal.PgServerInfo - PG server listening on localhost:5435
2026-02-17 18:31:22,553 [main] INFO  com.siemens.polarion.secrets.manager.impl.FileBackedSecretsManager - secrets-manager: Reading secret version null from path: admin.user.login.key
2026-02-17 18:31:22,553 [main] INFO  com.siemens.polarion.secrets.manager.operations.impl.ReadFileBackedSecretOperation - secrets-manager: Reading secret with key : admin.user.login.key and version : null
2026-02-17 18:31:22,554 [main] INFO  com.siemens.polarion.secrets.manager.impl.FileBackedSecretsManager - secrets-manager: Reading secret version null from path: admin.user.password.key
2026-02-17 18:31:22,554 [main] INFO  com.siemens.polarion.secrets.manager.operations.impl.ReadFileBackedSecretOperation - secrets-manager: Reading secret with key : admin.user.password.key and version : null
2026-02-17 18:31:22,554 [main] INFO  com.siemens.polarion.secrets.manager.impl.FileBackedSecretsManager - secrets-manager: Reading secret version null from path: ro.user.login.key
2026-02-17 18:31:22,554 [main] INFO  com.siemens.polarion.secrets.manager.operations.impl.ReadFileBackedSecretOperation - secrets-manager: Reading secret with key : ro.user.login.key and version : null
2026-02-17 18:31:22,555 [main] INFO  com.siemens.polarion.secrets.manager.impl.FileBackedSecretsManager - secrets-manager: Reading secret version null from path: ro.user.password.key
2026-02-17 18:31:22,555 [main] INFO  com.siemens.polarion.secrets.manager.operations.impl.ReadFileBackedSecretOperation - secrets-manager: Reading secret with key : ro.user.password.key and version : null
2026-02-17 18:31:22,556 [main] INFO  com.siemens.polarion.secrets.manager.impl.FileBackedSecretsManager - secrets-manager: Reading secret version null from path: external.user.login.key
2026-02-17 18:31:22,556 [main] INFO  com.siemens.polarion.secrets.manager.operations.impl.ReadFileBackedSecretOperation - secrets-manager: Reading secret with key : external.user.login.key and version : null
2026-02-17 18:31:22,792 [main] INFO  com.polarion.platform.sql.internal.PgConnection - JDBC url of database 'polarion' is: jdbc:postgresql://localhost:5433/polarion
2026-02-17 18:31:22,792 [main] INFO  com.polarion.platform.sql.internal.PgConnection - JDBC url of database 'polarion' is: jdbc:postgresql://localhost:5433/polarion
2026-02-17 18:31:22,801 [main] INFO  com.polarion.platform.sql.internal.PgConnection - JDBC url of database 'polarion_history' is: jdbc:postgresql://localhost:5433/polarion_history
2026-02-17 18:31:22,826 [main] INFO  com.polarion.platform.sql.internal.SqlModule - Initializing database finished [ TIME 0.48 s. ]
2026-02-17 18:31:23,007 [main] WARN  org.apache.lucene.store.MMapDirectory - You are running with Java 20 or later. To make full use of MMapDirectory, please update Apache Lucene.
2026-02-17 18:31:23,114 [main] INFO  com.polarion.platform.startup - Opening historical database...
2026-02-17 18:31:23,131 [main] INFO  com.zaxxer.hikari.HikariDataSource - HikariPool - pg polarion_history - Starting...
2026-02-17 18:31:23,136 [main] INFO  com.zaxxer.hikari.pool.HikariPool - HikariPool - pg polarion_history - Added connection org.postgresql.jdbc.PgConnection@49e4b332
2026-02-17 18:31:23,136 [main] INFO  com.zaxxer.hikari.HikariDataSource - HikariPool - pg polarion_history - Start completed.
2026-02-17 18:31:23,183 [main] INFO  com.polarion.platform.startup - Opening of historical database finished [ TIME 0.0688 s. ]
2026-02-17 18:31:23,183 [main] INFO  com.polarion.platform.startup - Opening head database...
2026-02-17 18:31:23,189 [main] INFO  com.zaxxer.hikari.HikariDataSource - HikariPool - pg polarion - Starting...
2026-02-17 18:31:23,193 [main] INFO  com.zaxxer.hikari.pool.HikariPool - HikariPool - pg polarion - Added connection org.postgresql.jdbc.PgConnection@47523643
2026-02-17 18:31:23,193 [main] INFO  com.zaxxer.hikari.HikariDataSource - HikariPool - pg polarion - Start completed.
2026-02-17 18:31:23,231 [main] INFO  com.polarion.platform.startup - Opening of head database finished [ TIME 0.0482 s. ]
2026-02-17 18:31:23,232 [main] INFO  com.polarion.psvn.launcher.internal.platform.PlatformService - Platform boot started
2026-02-17 18:31:23,243 [main | u:p] INFO  com.polarion.platform.internal.service.repository.PlatformRepositoryService - Repository Service Created
2026-02-17 18:31:23,244 [main | u:p] INFO  com.polarion.platform.internal.service.repository.PlatformRepositoryService - Repository Service Initialized
2026-02-17 18:31:23,259 [main | u:p] INFO  com.polarion.core.util.profiling.SimpleProfiler - Initialization
2026-02-17 18:31:23,299 [main | u:p] INFO  org.objectweb.jotm - JOTM started with a local transaction factory which is not bound.
2026-02-17 18:31:23,299 [main | u:p] INFO  org.objectweb.jotm - CAROL initialization
2026-02-17 18:31:23,307 [main | u:p] INFO  com.polarion.platform.internal.service.repository.listeners.job.PullingJob - lastFullyProcessedRevision [95]
2026-02-17 18:31:23,309 [main | u:p] INFO  com.polarion.platform.internal.service.repository.PlatformRepositoryService - END initializeService
2026-02-17 18:31:23,310 [main | u:p] INFO  com.polarion.psvn.launcher.internal.platform.PlatformService - Polarion startup estimation:  [ TIME 31 s. ]
2026-02-17 18:31:23,310 [main | u:p] INFO  com.polarion.platform.startup -  -- Polarion startup estimation:  [ TIME 31 s. ]
2026-02-17 18:31:23,318 [main | u:p] INFO  com.polarion.platform.monitoring - Full monitoring results are stored in file /opt/polarion/data/workspace/monitoring/results.txt
2026-02-17 18:31:23,377 [main | u:p] INFO  com.polarion.platform.monitoring - Executing actions from stage PREBOOT
2026-02-17 18:31:23,380 [main | u:p] INFO  com.polarion.platform.monitoring - Executing action 'system.info.disk.data.free'
2026-02-17 18:31:23,389 [main | u:p] INFO  com.polarion.platform.monitoring - system.info.disk.data.free (Free data disk '/opt/polarion/data' space) = Disk Space 
19.38 GB
 [Tue Feb 17 18:31:23 CET 2026]
2026-02-17 18:31:23,419 [main | u:p] INFO  com.polarion.platform.monitoring - Executing action 'system.info.jvm.version'
2026-02-17 18:31:23,420 [main | u:p] INFO  com.polarion.platform.monitoring - system.info.jvm.version (JVM Version) = JVM Version 
Eclipse Adoptium OpenJDK 64-Bit Server VM 21.0.8+9-LTS
 [Tue Feb 17 18:31:23 CET 2026]
2026-02-17 18:31:23,425 [main | u:p] INFO  com.polarion.platform.monitoring - Executing action 'system.info.os.version'
2026-02-17 18:31:23,427 [main | u:p] INFO  com.polarion.platform.monitoring - system.info.os.version (OS Version) = OS Version 
Linux 6.1.0-40-amd64 amd64
 [Tue Feb 17 18:31:23 CET 2026]
2026-02-17 18:31:23,436 [main | u:p] INFO  com.polarion.platform.monitoring - Finished with actions from stage PREBOOT: {OK=3}
2026-02-17 18:31:23,437 [main | u:p] INFO  com.polarion.platform.startup - Platform startup ... took  [ TIME 24.6 s. ]
2026-02-17 18:31:23,440 [main | u:p] INFO  TXLOGGER - Summary for 'Platform startup': transactions: 0, svn: 0.0175 s [97% checkPath (1x)] (3x), LastFullyProcessedRevisionRegistry: 0.00147 s [100% getOrWaitForLastRegisteredRevision (1x)] (1x), authentication: 0.000915 s [100% reloadUsers (1x)] (1x)
2026-02-17 18:31:23,440 [main | u:p] INFO  com.polarion.psvn.launcher.internal.platform.PlatformService - calling ILowLevelPersistence.boot to start persistence
2026-02-17 18:31:23,454 [main | u:p] INFO  com.polarion.platform.persistence.internal.pe.LowLevelDataService - Persistence initialization started
2026-02-17 18:31:23,587 [main | u:p] INFO  com.polarion.platform.persistence.internal.CustomFieldsService - Custom fields control field is not set for prototype: BaselineCollection
2026-02-17 18:31:23,587 [main | u:p] INFO  com.polarion.platform.persistence.internal.CustomFieldsService - Custom fields control field is not set for prototype: TestRun
2026-02-17 18:31:23,587 [main | u:p] INFO  com.polarion.platform.persistence.internal.CustomFieldsService - Custom fields control field is not set for prototype: Plan
2026-02-17 18:31:23,590 [main | u:p] INFO  com.polarion.platform.startup - ------------------------------
2026-02-17 18:31:23,590 [main | u:p] INFO  com.polarion.platform.startup - Context initialization (Phase: 2/9)
2026-02-17 18:31:23,605 [main | u:p] INFO  com.polarion.platform.repository.internal.context.RepositoryContextService - Context recognition started
2026-02-17 18:31:23,605 [main | u:p] INFO  com.polarion.platform.startup - ------------------------------
2026-02-17 18:31:23,605 [main | u:p] INFO  com.polarion.platform.startup - Context recognition (Phase: 3/9)
2026-02-17 18:31:23,610 [main | u:p] INFO  com.polarion.platform.repository.internal.context.RepositoryContextService - Context recognition finished [ TIME 0.00466 s. ]
2026-02-17 18:31:23,610 [main | u:p] INFO  com.polarion.platform.repository.internal.context.RepositoryContextService - Context tree: 
ROOT_CTX_NAME (ContextNature[Root], ContextId[context [global]])
+-default (ContextNature[Repository], ContextId[cluster default, context [global]])
  +-PNB (ContextNature[Project], ContextId[cluster default, context PNB])
  +-Demo Projects (ContextNature[ProjectGroup], ContextId[cluster default, context --Demo Projects])
  | +-drivepilot (ContextNature[Project], ContextId[cluster default, context drivepilot])
  | +-elibrary (ContextNature[Project], ContextId[cluster default, context elibrary])
  +-library (ContextNature[Project], ContextId[cluster default, context library])
  +-PurVarient_ProjectA (ContextNature[Project], ContextId[cluster default, context PurVarient_ProjectA])
  +-PurVarient_ProjectB (ContextNature[Project], ContextId[cluster default, context PurVarient_ProjectB])
  +-PurVarient_ProjectC (ContextNature[Project], ContextId[cluster default, context PurVarient_ProjectC])
  +-zcdv (ContextNature[Project], ContextId[cluster default, context zcdv])
  +-qsdwfe (ContextNature[Project], ContextId[cluster default, context qsdwfe])
2026-02-17 18:31:23,610 [main | u:p] INFO  com.polarion.platform.startup - Context recognition ... took  [ TIME 0.17 s. ]
2026-02-17 18:31:23,610 [main | u:p] INFO  TXLOGGER - Summary for 'Context recognition': transactions: 0, svn: 0.00667 s [49% info (4x), 26% getDir2 content (2x), 25% getFile content (1x)] (7x)
2026-02-17 18:31:23,614 [pool-4-thread-1] INFO  com.polarion.platform.startup -  -- Initializing context: [GLOBAL] (1/12) ...
2026-02-17 18:31:23,615 [pool-4-thread-1] INFO  com.polarion.platform.persistence.internal.pe.contextinitializer.ContextInitializationStateTracker - Initializing context: [GLOBAL] (1/12) ...
2026-02-17 18:31:23,619 [pool-4-thread-1] INFO  com.polarion.platform.persistence.internal.pe.contextinitializer.ContextInitializationStateTracker - Initializing context: [GLOBAL] (1/12) TOOK  [ TIME 0.00314 s. ]
2026-02-17 18:31:23,619 [pool-4-thread-2] INFO  com.polarion.platform.startup -  -- Initializing cluster: default (2/12) ...
2026-02-17 18:31:23,620 [pool-4-thread-1] INFO  com.polarion.platform.startup -  -- Initializing context: PNB (3/12) ...
2026-02-17 18:31:23,620 [pool-4-thread-2] INFO  com.polarion.platform.persistence.internal.pe.contextinitializer.ContextInitializationStateTracker - Initializing cluster: default (2/12) ...
2026-02-17 18:31:23,620 [pool-4-thread-1] INFO  com.polarion.platform.persistence.internal.pe.contextinitializer.ContextInitializationStateTracker - Initializing context: PNB (3/12) ...
2026-02-17 18:31:23,716 [pool-4-thread-2] INFO  com.polarion.subterra.persistence.document.internal.ObjectMapsOnDisk - lastIdUsedMap is already populated for /opt/polarion/data/workspace/polarion-data/object-maps/_
2026-02-17 18:31:23,717 [pool-4-thread-2] INFO  com.polarion.platform.persistence.internal.pe.contextinitializer.ContextInitializationStateTracker - Initializing cluster: default (2/12) TOOK  [ TIME 0.097 s. ]
2026-02-17 18:31:23,717 [pool-4-thread-2] INFO  com.polarion.platform.startup -  -- Initializing context: elibrary (4/12) ...
2026-02-17 18:31:23,717 [pool-4-thread-2] INFO  com.polarion.platform.persistence.internal.pe.contextinitializer.ContextInitializationStateTracker - Initializing context: elibrary (4/12) ...
2026-02-17 18:31:23,721 [pool-4-thread-1] INFO  com.polarion.platform.repository.driver.svn.internal.JavaSvnDriver - notExistingTargetPathsCache: caching not existing path '/PNB/documents'
2026-02-17 18:31:23,722 [pool-4-thread-1] INFO  com.polarion.subterra.persistence.document.internal.ObjectMapsOnDisk - lastIdUsedMap is already populated for /opt/polarion/data/workspace/polarion-data/object-maps/_PNB
2026-02-17 18:31:23,723 [pool-4-thread-1] INFO  com.polarion.platform.persistence.internal.pe.contextinitializer.ContextInitializationStateTracker - Initializing context: PNB (3/12) TOOK  [ TIME 0.103 s. ]
2026-02-17 18:31:23,723 [pool-4-thread-1] INFO  com.polarion.platform.startup -  -- Initializing context: drivepilot (5/12) ...
2026-02-17 18:31:23,723 [pool-4-thread-1] INFO  com.polarion.platform.persistence.internal.pe.contextinitializer.ContextInitializationStateTracker - Initializing context: drivepilot (5/12) ...
2026-02-17 18:31:23,823 [pool-4-thread-1] INFO  com.polarion.platform.repository.driver.svn.internal.JavaSvnDriver - notExistingTargetPathsCache: caching not existing path '/Demo Projects/drivepilot/documents'
2026-02-17 18:31:23,824 [pool-4-thread-2] INFO  com.polarion.platform.repository.driver.svn.internal.JavaSvnDriver - notExistingTargetPathsCache: caching not existing path '/Demo Projects/elibrary/documents'
2026-02-17 18:31:23,824 [pool-4-thread-2] INFO  com.polarion.subterra.persistence.document.internal.ObjectMapsOnDisk - lastIdUsedMap is already populated for /opt/polarion/data/workspace/polarion-data/object-maps/_elibrary
2026-02-17 18:31:23,824 [pool-4-thread-2] INFO  com.polarion.platform.persistence.internal.pe.contextinitializer.ContextInitializationStateTracker - Initializing context: elibrary (4/12) TOOK  [ TIME 0.108 s. ]
2026-02-17 18:31:23,824 [pool-4-thread-2] INFO  com.polarion.platform.startup -  -- Initializing context: qsdwfe (6/12) ...
2026-02-17 18:31:23,824 [pool-4-thread-2] INFO  com.polarion.platform.persistence.internal.pe.contextinitializer.ContextInitializationStateTracker - Initializing context: qsdwfe (6/12) ...
2026-02-17 18:31:23,860 [pool-4-thread-2] INFO  com.polarion.platform.repository.driver.svn.internal.JavaSvnDriver - notExistingTargetPathsCache: caching not existing path '/qsdwfe/documents'
2026-02-17 18:31:23,861 [pool-4-thread-2] INFO  com.polarion.subterra.persistence.document.internal.ObjectMapsOnDisk - lastIdUsedMap is already populated for /opt/polarion/data/workspace/polarion-data/object-maps/_qsdwfe
2026-02-17 18:31:23,862 [pool-4-thread-2] INFO  com.polarion.platform.persistence.internal.pe.contextinitializer.ContextInitializationStateTracker - Initializing context: qsdwfe (6/12) TOOK  [ TIME 0.0371 s. ]
2026-02-17 18:31:23,862 [pool-4-thread-2] INFO  com.polarion.platform.startup -  -- Initializing context: zcdv (7/12) ...
2026-02-17 18:31:23,862 [pool-4-thread-2] INFO  com.polarion.platform.persistence.internal.pe.contextinitializer.ContextInitializationStateTracker - Initializing context: zcdv (7/12) ...
2026-02-17 18:31:23,867 [pool-4-thread-1] INFO  com.polarion.subterra.persistence.document.internal.ObjectMapsOnDisk - lastIdUsedMap is already populated for /opt/polarion/data/workspace/polarion-data/object-maps/_drivepilot
2026-02-17 18:31:23,867 [pool-4-thread-1] INFO  com.polarion.platform.persistence.internal.pe.contextinitializer.ContextInitializationStateTracker - Initializing context: drivepilot (5/12) TOOK  [ TIME 0.144 s. ]
2026-02-17 18:31:23,867 [pool-4-thread-1] INFO  com.polarion.platform.startup -  -- Initializing context: PurVarient_ProjectC (8/12) ...
2026-02-17 18:31:23,867 [pool-4-thread-1] INFO  com.polarion.platform.persistence.internal.pe.contextinitializer.ContextInitializationStateTracker - Initializing context: PurVarient_ProjectC (8/12) ...
2026-02-17 18:31:23,888 [pool-4-thread-1] INFO  com.polarion.platform.repository.driver.svn.internal.JavaSvnDriver - notExistingTargetPathsCache: caching not existing path '/PurVarient_ProjectC/documents'
2026-02-17 18:31:23,889 [pool-4-thread-1] INFO  com.polarion.subterra.persistence.document.internal.ObjectMapsOnDisk - lastIdUsedMap is already populated for /opt/polarion/data/workspace/polarion-data/object-maps/_PurVarient_ProjectC
2026-02-17 18:31:23,890 [pool-4-thread-1] INFO  com.polarion.platform.persistence.internal.pe.contextinitializer.ContextInitializationStateTracker - Initializing context: PurVarient_ProjectC (8/12) TOOK  [ TIME 0.0228 s. ]
2026-02-17 18:31:23,890 [pool-4-thread-1] INFO  com.polarion.platform.startup -  -- Initializing context: PurVarient_ProjectB (9/12) ...
2026-02-17 18:31:23,890 [pool-4-thread-1] INFO  com.polarion.platform.persistence.internal.pe.contextinitializer.ContextInitializationStateTracker - Initializing context: PurVarient_ProjectB (9/12) ...
2026-02-17 18:31:23,891 [pool-4-thread-2] INFO  com.polarion.platform.repository.driver.svn.internal.JavaSvnDriver - notExistingTargetPathsCache: caching not existing path '/zcdv/documents'
2026-02-17 18:31:23,893 [pool-4-thread-2] INFO  com.polarion.subterra.persistence.document.internal.ObjectMapsOnDisk - lastIdUsedMap is already populated for /opt/polarion/data/workspace/polarion-data/object-maps/_zcdv
2026-02-17 18:31:23,894 [pool-4-thread-2] INFO  com.polarion.platform.persistence.internal.pe.contextinitializer.ContextInitializationStateTracker - Initializing context: zcdv (7/12) TOOK  [ TIME 0.0318 s. ]
2026-02-17 18:31:23,894 [pool-4-thread-2] INFO  com.polarion.platform.startup -  -- Initializing context: PurVarient_ProjectA (10/12) ...
2026-02-17 18:31:23,894 [pool-4-thread-2] INFO  com.polarion.platform.persistence.internal.pe.contextinitializer.ContextInitializationStateTracker - Initializing context: PurVarient_ProjectA (10/12) ...
2026-02-17 18:31:23,921 [pool-4-thread-1] INFO  com.polarion.platform.repository.driver.svn.internal.JavaSvnDriver - notExistingTargetPathsCache: caching not existing path '/PurVarient_ProjectB/documents'
2026-02-17 18:31:23,922 [pool-4-thread-1] INFO  com.polarion.subterra.persistence.document.internal.ObjectMapsOnDisk - lastIdUsedMap is already populated for /opt/polarion/data/workspace/polarion-data/object-maps/_PurVarient_ProjectB
2026-02-17 18:31:23,922 [pool-4-thread-1] INFO  com.polarion.platform.persistence.internal.pe.contextinitializer.ContextInitializationStateTracker - Initializing context: PurVarient_ProjectB (9/12) TOOK  [ TIME 0.0321 s. ]
2026-02-17 18:31:23,922 [pool-4-thread-1] INFO  com.polarion.platform.startup -  -- Initializing context: library (11/12) ...
2026-02-17 18:31:23,922 [pool-4-thread-1] INFO  com.polarion.platform.persistence.internal.pe.contextinitializer.ContextInitializationStateTracker - Initializing context: library (11/12) ...
2026-02-17 18:31:23,928 [pool-4-thread-2] INFO  com.polarion.platform.repository.driver.svn.internal.JavaSvnDriver - notExistingTargetPathsCache: caching not existing path '/PurVarient_ProjectA/documents'
2026-02-17 18:31:23,929 [pool-4-thread-2] INFO  com.polarion.subterra.persistence.document.internal.ObjectMapsOnDisk - lastIdUsedMap is already populated for /opt/polarion/data/workspace/polarion-data/object-maps/_PurVarient_ProjectA
2026-02-17 18:31:23,929 [pool-4-thread-2] INFO  com.polarion.platform.persistence.internal.pe.contextinitializer.ContextInitializationStateTracker - Initializing context: PurVarient_ProjectA (10/12) TOOK  [ TIME 0.0352 s. ]
2026-02-17 18:31:23,929 [pool-4-thread-2] INFO  com.polarion.platform.startup -  -- Initializing context: --Demo Projects (12/12) ...
2026-02-17 18:31:23,929 [pool-4-thread-2] INFO  com.polarion.platform.persistence.internal.pe.contextinitializer.ContextInitializationStateTracker - Initializing context: --Demo Projects (12/12) ...
2026-02-17 18:31:23,936 [pool-4-thread-2] INFO  com.polarion.platform.repository.driver.svn.internal.JavaSvnDriver - notExistingTargetPathsCache: caching not existing path '/Demo Projects/.polarion'
2026-02-17 18:31:23,937 [pool-4-thread-2] INFO  com.polarion.platform.repository.driver.svn.internal.JavaSvnDriver - notExistingTargetPathsCache: caching not existing path '/Demo Projects/modules'
2026-02-17 18:31:23,938 [pool-4-thread-2] INFO  com.polarion.platform.repository.driver.svn.internal.JavaSvnDriver - notExistingTargetPathsCache: caching not existing path '/Demo Projects/documents'
2026-02-17 18:31:23,939 [pool-4-thread-2] INFO  com.polarion.platform.repository.driver.svn.internal.JavaSvnDriver - notExistingTargetPathsCache: caching not existing path '/Demo Projects/_wiki'
2026-02-17 18:31:23,940 [pool-4-thread-2] INFO  com.polarion.subterra.persistence.document.internal.ObjectMapsOnDisk - lastIdUsedMap is already populated for /opt/polarion/data/workspace/polarion-data/object-maps/_--Demo Projects
2026-02-17 18:31:23,940 [pool-4-thread-2] INFO  com.polarion.platform.persistence.internal.pe.contextinitializer.ContextInitializationStateTracker - Initializing context: --Demo Projects (12/12) TOOK  [ TIME 0.0108 s. ]
2026-02-17 18:31:23,954 [pool-4-thread-1] INFO  com.polarion.platform.repository.driver.svn.internal.JavaSvnDriver - notExistingTargetPathsCache: caching not existing path '/library/documents'
2026-02-17 18:31:23,955 [pool-4-thread-1] INFO  com.polarion.subterra.persistence.document.internal.ObjectMapsOnDisk - lastIdUsedMap is already populated for /opt/polarion/data/workspace/polarion-data/object-maps/_library
2026-02-17 18:31:23,955 [pool-4-thread-1] INFO  com.polarion.platform.persistence.internal.pe.contextinitializer.ContextInitializationStateTracker - Initializing context: library (11/12) TOOK  [ TIME 0.0329 s. ]
2026-02-17 18:31:23,955 [main | u:p] INFO  com.polarion.platform.startup - Context initialization ... took  [ TIME 0.35 s. ]
2026-02-17 18:31:23,956 [main | u:p] INFO  TXLOGGER - Summary for 'Context initialization': transactions: 0, svn: 0.152 s [41% log2 (51x), 24% getLatestRevision (21x), 23% info (42x)] (140x)
2026-02-17 18:31:23,966 [main | u:p] INFO  com.polarion.platform.persistence.internal.pe.RevisionsPersistenceModule - Processing new revisions [START].
2026-02-17 18:31:23,966 [main | u:p] INFO  com.polarion.platform.startup - ------------------------------
2026-02-17 18:31:23,966 [main | u:p] INFO  com.polarion.platform.startup - Revisions processing (Phase: 4/9)
2026-02-17 18:31:24,142 [main | u:p] INFO  TXLOGGER - Tx 671b2a0872801_0_671b2a0872801_0_: finished. Total: 0.161 s, CPU [user: 0.12 s, system: 0.0153 s], Allocated memory: 20.2 MB
2026-02-17 18:31:24,169 [main | u:p | u:p] INFO  com.siemens.polarion.secrets.manager.impl.FileBackedSecretsManager - secrets-manager: Reading secret version null from path: userAccountFile.encrypt.decrypt.key
2026-02-17 18:31:24,169 [main | u:p | u:p] INFO  com.siemens.polarion.secrets.manager.operations.impl.ReadFileBackedSecretOperation - secrets-manager: Reading secret with key : userAccountFile.encrypt.decrypt.key and version : null
2026-02-17 18:31:24,171 [main | u:p | u:p] INFO  com.siemens.polarion.secrets.manager.impl.FileBackedSecretsManager - secrets-manager: Reading secret version null from path: userAccountFile.encrypt.decrypt.key
2026-02-17 18:31:24,172 [main | u:p | u:p] INFO  com.siemens.polarion.secrets.manager.operations.impl.ReadFileBackedSecretOperation - secrets-manager: Reading secret with key : userAccountFile.encrypt.decrypt.key and version : null
2026-02-17 18:31:24,295 [main | u:p] INFO  com.polarion.platform.startup -  -- Processing new revisions from repository default in context ContextId[context [global]]
2026-02-17 18:31:24,301 [Thread-14] INFO  com.polarion.platform.repository.driver.svn.internal.JavaSvnDriver - Just processing revision 95
2026-02-17 18:31:24,302 [main | u:p] INFO  com.polarion.platform.persistence.internal.pe.RevisionsPersistenceModule - Processing new revisions from repository default in context ContextId[context [global]] finished
2026-02-17 18:31:24,302 [main | u:p] INFO  com.polarion.platform.startup -  -- Processing new revisions from repository ID in context ContextId[cluster default, context drivepilot]
2026-02-17 18:31:24,367 [main | u:p] INFO  com.polarion.platform.persistence.internal.pe.RevisionsPersistenceModule - Processing new revisions from repository ID in context ContextId[cluster default, context drivepilot] finished
2026-02-17 18:31:24,369 [main | u:p] INFO  com.polarion.platform.persistence.internal.pe.RevisionsPersistenceModule - Processing new revisions [FINISHED].
2026-02-17 18:31:24,369 [main | u:p] INFO  com.polarion.platform.startup - Revisions processing ... took  [ TIME 0.41 s. ]
2026-02-17 18:31:24,369 [main | u:p] INFO  TXLOGGER - Summary for 'Revisions processing': transactions: 56, RepositoryConfigService: 0.311 s [100% getReadConfiguration (121x)] (121x), svn: 0.0666 s [84% info (130x)] (220x)
2026-02-17 18:31:24,393 [main | u:p] INFO  com.polarion.platform.startup - ------------------------------
2026-02-17 18:31:24,393 [main | u:p] INFO  com.polarion.platform.startup - Build artifacts recognition (Phase: 5/9)
2026-02-17 18:31:24,393 [main | u:p] INFO  com.polarion.alm.builder.internal.persistence.BuilderPersistenceModule - Inspecting repository for build artifacts-related changes (only new or removed contexts)
2026-02-17 18:31:24,393 [main | u:p] INFO  com.polarion.alm.builder.internal.persistence.BuilderPersistenceModule - ... repository inspection finished [ TIME 0.000362 s. ]
2026-02-17 18:31:24,393 [main | u:p] INFO  com.polarion.platform.startup - Build artifacts recognition ... took  [ TIME 0.02 s. ]
2026-02-17 18:31:24,393 [main | u:p] INFO  com.polarion.platform.startup - ------------------------------
2026-02-17 18:31:24,393 [main | u:p] INFO  com.polarion.platform.startup - BIR inspection (Phase: 6/9)
2026-02-17 18:31:24,394 [main | u:p] INFO  com.polarion.alm.builder.internal.persistence.BuilderPersistenceModule - Inspecting BIR for new or removed builds
2026-02-17 18:31:24,408 [main | u:p] INFO  com.polarion.alm.builder.internal.persistence.BuilderPersistenceModule - ... 0 build(s) were removed (including calculations from previous run)
2026-02-17 18:31:24,408 [main | u:p] INFO  com.polarion.alm.builder.internal.persistence.BuilderPersistenceModule - ... 0 build(s) were added or modified
2026-02-17 18:31:24,409 [main | u:p] INFO  com.polarion.alm.builder.internal.persistence.BuilderPersistenceModule - ... BIR inspection finished [ TIME 0.015 s. ]
2026-02-17 18:31:24,409 [main | u:p] INFO  com.polarion.platform.startup - BIR inspection ... took  [ TIME 0.02 s. ]
2026-02-17 18:31:24,416 [main | u:p] INFO  com.polarion.platform.sql.internal.util.TestRecordPersistor - Batch update of test record columns (test parameters, test step results, custom fields) completed successfully.
2026-02-17 18:31:24,416 [main | u:p] INFO  com.polarion.platform.startup - ------------------------------
2026-02-17 18:31:24,416 [main | u:p] INFO  com.polarion.platform.startup - Data indexing (Phase: 7/9)
2026-02-17 18:31:24,416 [main | u:p] INFO  com.polarion.platform.persistence.internal.pe.PersistenceEngineListener - Flushing startup index events, starting iterations.
2026-02-17 18:31:24,416 [main | u:p] INFO  com.polarion.platform.persistence.internal.pe.PersistenceEngineListener - Iteration 1 - processing 5 events
2026-02-17 18:31:24,422 [main | u:p] INFO  com.polarion.alm.tracker.internal.planning.PlanFieldsProvider - livePlanXMLLocation: Location[path /default/.reports/xml/live-plan.xml]
2026-02-17 18:31:24,444 [main | u:p] INFO  com.polarion.platform.persistence.internal.pe.PersistenceEngineListener -  - reindexing 1 existing objects and 0 deleted objects.
2026-02-17 18:31:24,526 [main | u:p] INFO  com.polarion.subterra.index.impl.lucene.LuceneIndexManager - creating index writer for index: User
2026-02-17 18:31:24,556 [main | u:p] INFO  com.polarion.subterra.index.impl.lucene.LuceneIndexManager - creating index writer for index: Category
2026-02-17 18:31:24,561 [main | u:p] INFO  com.polarion.subterra.index.impl.lucene.LuceneIndexManager - creating index writer for index: WikiPage
2026-02-17 18:31:24,562 [main | u:p] INFO  com.polarion.subterra.index.impl.lucene.LuceneIndexManager - creating index writer for index: Attachment
2026-02-17 18:31:24,568 [main | u:p] INFO  com.polarion.subterra.index.impl.lucene.LuceneIndexManager - creating index writer for index: RichPageAttachment
2026-02-17 18:31:24,574 [main | u:p] INFO  com.polarion.subterra.index.impl.lucene.LuceneIndexManager - creating index writer for index: WorkItem
2026-02-17 18:31:24,583 [main | u:p] INFO  com.polarion.subterra.index.impl.lucene.LuceneIndexManager - creating index writer for index: UserGroup
2026-02-17 18:31:24,584 [main | u:p] INFO  com.polarion.subterra.index.impl.lucene.LuceneIndexManager - creating index writer for index: RichPageComment
2026-02-17 18:31:24,585 [main | u:p] INFO  com.polarion.subterra.index.impl.lucene.LuceneIndexManager - creating index writer for index: BaselineCollection
2026-02-17 18:31:24,587 [main | u:p] INFO  com.polarion.subterra.index.impl.lucene.LuceneIndexManager - creating index writer for index: TestRun
2026-02-17 18:31:24,592 [main | u:p] INFO  com.polarion.subterra.index.impl.lucene.LuceneIndexManager - creating index writer for index: Build
2026-02-17 18:31:24,594 [main | u:p] INFO  com.polarion.subterra.index.impl.lucene.LuceneIndexManager - creating index writer for index: ModuleComment
2026-02-17 18:31:24,597 [main | u:p] INFO  com.polarion.subterra.index.impl.lucene.LuceneIndexManager - creating index writer for index: WatchList
2026-02-17 18:31:24,598 [main | u:p] INFO  com.polarion.subterra.index.impl.lucene.LuceneIndexManager - creating index writer for index: BuildArtifact
2026-02-17 18:31:24,603 [main | u:p] INFO  com.polarion.subterra.index.impl.lucene.LuceneIndexManager - creating index writer for index: Comment
2026-02-17 18:31:24,604 [main | u:p] INFO  com.polarion.subterra.index.impl.lucene.LuceneIndexManager - creating index writer for index: Script
2026-02-17 18:31:24,605 [main | u:p] INFO  com.polarion.subterra.index.impl.lucene.LuceneIndexManager - creating index writer for index: DocumentWorkflowSignature
2026-02-17 18:31:24,608 [main | u:p] INFO  com.polarion.subterra.index.impl.lucene.LuceneIndexManager - creating index writer for index: WikiPageAttachment
2026-02-17 18:31:24,609 [main | u:p] INFO  com.polarion.subterra.index.impl.lucene.LuceneIndexManager - creating index writer for index: TimePoint
2026-02-17 18:31:24,610 [main | u:p] INFO  com.polarion.subterra.index.impl.lucene.LuceneIndexManager - creating index writer for index: Baseline
2026-02-17 18:31:24,611 [main | u:p] INFO  com.polarion.subterra.index.impl.lucene.LuceneIndexManager - creating index writer for index: Plan
2026-02-17 18:31:24,613 [main | u:p] INFO  com.polarion.subterra.index.impl.lucene.LuceneIndexManager - creating index writer for index: TestRunAttachment
2026-02-17 18:31:24,614 [main | u:p] INFO  com.polarion.subterra.index.impl.lucene.LuceneIndexManager - creating index writer for index: WorkRecord
2026-02-17 18:31:24,615 [main | u:p] INFO  com.polarion.subterra.index.impl.lucene.LuceneIndexManager - creating index writer for index: WorkItem-OutlineNumbers
2026-02-17 18:31:24,620 [main | u:p] INFO  com.polarion.subterra.index.impl.lucene.LuceneIndexManager - creating index writer for index: Project
2026-02-17 18:31:24,637 [main | u:p] INFO  com.polarion.subterra.index.impl.lucene.LuceneIndexManager - creating index writer for index: ModuleAttachment
2026-02-17 18:31:24,639 [main | u:p] INFO  com.polarion.subterra.index.impl.lucene.LuceneIndexManager - creating index writer for index: TestRunComment
2026-02-17 18:31:24,640 [main | u:p] INFO  com.polarion.subterra.index.impl.lucene.LuceneIndexManager - creating index writer for index: Revision
2026-02-17 18:31:24,644 [main | u:p] INFO  com.polarion.subterra.index.impl.lucene.LuceneIndexManager - creating index writer for index: RichPage
2026-02-17 18:31:24,648 [main | u:p] INFO  com.polarion.subterra.index.impl.lucene.LuceneIndexManager - creating index writer for index: Module
2026-02-17 18:31:24,653 [main | u:p] INFO  com.polarion.subterra.index.impl.lucene.LuceneIndexManager - creating index writer for index: ProjectGroup
2026-02-17 18:31:24,657 [main | u:p] INFO  com.polarion.subterra.index.impl.lucene.LuceneIndexManager - creating index writer for index: User
2026-02-17 18:31:24,659 [main | u:p] INFO  com.polarion.subterra.index.impl.lucene.LuceneIndexManager - creating index writer for index: Category
2026-02-17 18:31:24,662 [main | u:p] INFO  com.polarion.subterra.index.impl.lucene.LuceneIndexManager - creating index writer for index: WikiPage
2026-02-17 18:31:24,662 [main | u:p] INFO  com.polarion.subterra.index.impl.lucene.LuceneIndexManager - creating index writer for index: Attachment
2026-02-17 18:31:24,665 [main | u:p] INFO  com.polarion.subterra.index.impl.lucene.LuceneIndexManager - creating index writer for index: RichPageAttachment
2026-02-17 18:31:24,669 [main | u:p] INFO  com.polarion.subterra.index.impl.lucene.LuceneIndexManager - creating index writer for index: WorkItem
2026-02-17 18:31:24,676 [main | u:p] INFO  com.polarion.subterra.index.impl.lucene.LuceneIndexManager - creating index writer for index: UserGroup
2026-02-17 18:31:24,676 [main | u:p] INFO  com.polarion.subterra.index.impl.lucene.LuceneIndexManager - creating index writer for index: RichPageComment
2026-02-17 18:31:24,677 [main | u:p] INFO  com.polarion.subterra.index.impl.lucene.LuceneIndexManager - creating index writer for index: BaselineCollection
2026-02-17 18:31:24,677 [main | u:p] INFO  com.polarion.subterra.index.impl.lucene.LuceneIndexManager - creating index writer for index: TestRun
2026-02-17 18:31:24,682 [main | u:p] INFO  com.polarion.subterra.index.impl.lucene.LuceneIndexManager - creating index writer for index: Build
2026-02-17 18:31:24,683 [main | u:p] INFO  com.polarion.subterra.index.impl.lucene.LuceneIndexManager - creating index writer for index: ModuleComment
2026-02-17 18:31:24,685 [main | u:p] INFO  com.polarion.subterra.index.impl.lucene.LuceneIndexManager - creating index writer for index: WatchList
2026-02-17 18:31:24,685 [main | u:p] INFO  com.polarion.subterra.index.impl.lucene.LuceneIndexManager - creating index writer for index: BuildArtifact
2026-02-17 18:31:24,689 [main | u:p] INFO  com.polarion.subterra.index.impl.lucene.LuceneIndexManager - creating index writer for index: Comment
2026-02-17 18:31:24,689 [main | u:p] INFO  com.polarion.subterra.index.impl.lucene.LuceneIndexManager - creating index writer for index: Script
2026-02-17 18:31:24,690 [main | u:p] INFO  com.polarion.subterra.index.impl.lucene.LuceneIndexManager - creating index writer for index: DocumentWorkflowSignature
2026-02-17 18:31:24,692 [main | u:p] INFO  com.polarion.subterra.index.impl.lucene.LuceneIndexManager - creating index writer for index: WikiPageAttachment
2026-02-17 18:31:24,692 [main | u:p] INFO  com.polarion.subterra.index.impl.lucene.LuceneIndexManager - creating index writer for index: TimePoint
2026-02-17 18:31:24,693 [main | u:p] INFO  com.polarion.subterra.index.impl.lucene.LuceneIndexManager - creating index writer for index: Baseline
2026-02-17 18:31:24,693 [main | u:p] INFO  com.polarion.subterra.index.impl.lucene.LuceneIndexManager - creating index writer for index: Plan
2026-02-17 18:31:24,694 [main | u:p] INFO  com.polarion.subterra.index.impl.lucene.LuceneIndexManager - creating index writer for index: TestRunAttachment
2026-02-17 18:31:24,695 [main | u:p] INFO  com.polarion.subterra.index.impl.lucene.LuceneIndexManager - creating index writer for index: WorkRecord
2026-02-17 18:31:24,695 [main | u:p] INFO  com.polarion.subterra.index.impl.lucene.LuceneIndexManager - creating index writer for index: WorkItem-OutlineNumbers
2026-02-17 18:31:24,696 [main | u:p] INFO  com.polarion.subterra.index.impl.lucene.LuceneIndexManager - creating index writer for index: Project
2026-02-17 18:31:24,699 [main | u:p] INFO  com.polarion.subterra.index.impl.lucene.LuceneIndexManager - creating index writer for index: ModuleAttachment
2026-02-17 18:31:24,700 [main | u:p] INFO  com.polarion.subterra.index.impl.lucene.LuceneIndexManager - creating index writer for index: TestRunComment
2026-02-17 18:31:24,700 [main | u:p] INFO  com.polarion.subterra.index.impl.lucene.LuceneIndexManager - creating index writer for index: Revision
2026-02-17 18:31:24,704 [main | u:p] INFO  com.polarion.subterra.index.impl.lucene.LuceneIndexManager - creating index writer for index: RichPage
2026-02-17 18:31:24,707 [main | u:p] INFO  com.polarion.subterra.index.impl.lucene.LuceneIndexManager - creating index writer for index: Module
2026-02-17 18:31:24,716 [main | u:p] INFO  com.polarion.subterra.index.impl.lucene.LuceneIndexManager - creating index writer for index: ProjectGroup
2026-02-17 18:31:24,721 [main | u:p] INFO  com.polarion.subterra.index.impl.ObjectIndex - Default, restricted indexes: [Category, WikiPageAttachment, WikiPage, TimePoint, Attachment, RichPageAttachment, Baseline, Plan, TestRunAttachment, WorkItem, Project, ModuleAttachment, BaselineCollection, TestRun, RichPage, Module]
2026-02-17 18:31:24,803 [main | u:p] INFO  com.polarion.platform.startup -  -- Refreshing 1 objects in index: Revision
2026-02-17 18:31:24,813 [main | u:p] INFO  com.polarion.platform.startup -  -- -- 1 from 1 objects were refreshed (100%)
2026-02-17 18:31:24,830 [PolarionDocIdCreator-0] INFO  com.polarion.subterra.index.impl.lucene.LuceneIndexPair - searcher manager created for index: User
2026-02-17 18:31:24,846 [PolarionDocIdCreator-0] INFO  com.polarion.subterra.index.impl.lucene.LuceneIndexPair - searcher manager created for index: Category
2026-02-17 18:31:24,851 [PolarionDocIdCreator-0] INFO  com.polarion.subterra.index.impl.lucene.LuceneIndexPair - searcher manager created for index: WikiPage
2026-02-17 18:31:24,861 [PolarionDocIdCreator-0] INFO  com.polarion.subterra.index.impl.lucene.LuceneIndexPair - searcher manager created for index: Attachment
2026-02-17 18:31:24,868 [PolarionDocIdCreator-0] INFO  com.polarion.subterra.index.impl.lucene.LuceneIndexPair - searcher manager created for index: RichPageAttachment
2026-02-17 18:31:24,892 [PolarionDocIdCreator-0] INFO  com.polarion.subterra.index.impl.lucene.LuceneIndexPair - searcher manager created for index: WorkItem
2026-02-17 18:31:24,910 [PolarionDocIdCreator-0] INFO  com.polarion.subterra.index.impl.lucene.LuceneIndexPair - searcher manager created for index: UserGroup
2026-02-17 18:31:24,915 [PolarionDocIdCreator-0] INFO  com.polarion.subterra.index.impl.lucene.LuceneIndexPair - searcher manager created for index: RichPageComment
2026-02-17 18:31:24,920 [PolarionDocIdCreator-0] INFO  com.polarion.subterra.index.impl.lucene.LuceneIndexPair - searcher manager created for index: BaselineCollection
2026-02-17 18:31:24,926 [PolarionDocIdCreator-0] INFO  com.polarion.subterra.index.impl.lucene.LuceneIndexPair - searcher manager created for index: TestRun
2026-02-17 18:31:24,927 [PolarionDocIdCreator-0] INFO  com.polarion.subterra.index.impl.lucene.LuceneIndexPair - searcher manager created for index: Build
2026-02-17 18:31:24,932 [PolarionDocIdCreator-0] INFO  com.polarion.subterra.index.impl.lucene.LuceneIndexPair - searcher manager created for index: ModuleComment
2026-02-17 18:31:24,933 [PolarionDocIdCreator-0] INFO  com.polarion.subterra.index.impl.lucene.LuceneIndexPair - searcher manager created for index: WatchList
2026-02-17 18:31:24,939 [PolarionDocIdCreator-0] INFO  com.polarion.subterra.index.impl.lucene.LuceneIndexPair - searcher manager created for index: BuildArtifact
2026-02-17 18:31:24,951 [PolarionDocIdCreator-0] INFO  com.polarion.subterra.index.impl.lucene.LuceneIndexPair - searcher manager created for index: Comment
2026-02-17 18:31:24,952 [PolarionDocIdCreator-0] INFO  com.polarion.subterra.index.impl.lucene.LuceneIndexPair - searcher manager created for index: Script
2026-02-17 18:31:24,955 [PolarionDocIdCreator-0] INFO  com.polarion.subterra.index.impl.lucene.LuceneIndexPair - searcher manager created for index: DocumentWorkflowSignature
2026-02-17 18:31:24,957 [PolarionDocIdCreator-0] INFO  com.polarion.subterra.index.impl.lucene.LuceneIndexPair - searcher manager created for index: WikiPageAttachment
2026-02-17 18:31:24,957 [PolarionDocIdCreator-0] INFO  com.polarion.subterra.index.impl.lucene.LuceneIndexPair - searcher manager created for index: TimePoint
2026-02-17 18:31:24,957 [PolarionDocIdCreator-0] INFO  com.polarion.subterra.index.impl.lucene.LuceneIndexPair - searcher manager created for index: Baseline
2026-02-17 18:31:24,959 [PolarionDocIdCreator-0] INFO  com.polarion.subterra.index.impl.lucene.LuceneIndexPair - searcher manager created for index: Plan
2026-02-17 18:31:24,963 [PolarionDocIdCreator-0] INFO  com.polarion.subterra.index.impl.lucene.LuceneIndexPair - searcher manager created for index: TestRunAttachment
2026-02-17 18:31:24,964 [PolarionDocIdCreator-0] INFO  com.polarion.subterra.index.impl.lucene.LuceneIndexPair - searcher manager created for index: WorkRecord
2026-02-17 18:31:24,964 [PolarionDocIdCreator-0] INFO  com.polarion.subterra.index.impl.lucene.LuceneIndexPair - searcher manager created for index: WorkItem-OutlineNumbers
2026-02-17 18:31:24,978 [PolarionDocIdCreator-0] INFO  com.polarion.subterra.index.impl.lucene.LuceneIndexPair - searcher manager created for index: Project
2026-02-17 18:31:24,981 [PolarionDocIdCreator-0] INFO  com.polarion.subterra.index.impl.lucene.LuceneIndexPair - searcher manager created for index: ModuleAttachment
2026-02-17 18:31:24,982 [PolarionDocIdCreator-0] INFO  com.polarion.subterra.index.impl.lucene.LuceneIndexPair - searcher manager created for index: TestRunComment
2026-02-17 18:31:24,986 [main | u:p] INFO  com.polarion.platform.persistence.internal.calcfields.DelegatingCalculatedFieldsListener - Calculated fields mode: async
2026-02-17 18:31:24,991 [PolarionDocIdCreator-0] INFO  com.polarion.subterra.index.impl.lucene.LuceneIndexPair - searcher manager created for index: Revision
2026-02-17 18:31:24,998 [main | u:p] INFO  com.polarion.platform.persistence.internal.pe.PersistenceEngineListener - Flushing took  [ TIME 0.582 s. ]
2026-02-17 18:31:24,998 [main | u:p] INFO  com.polarion.platform.startup - Data indexing ... took  [ TIME 0.59 s. ]
2026-02-17 18:31:24,998 [main | u:p] INFO  TXLOGGER - Summary for 'Data indexing': transactions: 28, PersistenceEngineListener: 0.582 s [100% doFinishStartup (1x)] (1x), Lucene: 0.123 s [57% commitAll (1x), 43% refresh (1x)] (2x), commit: 0.0698 s [100% Revision (1x)] (1x)
2026-02-17 18:31:25,007 [main | u:p] INFO  com.polarion.platform.internal.service.repository.ListenerManager - Starting the pulling job for repository: default
2026-02-17 18:31:25,007 [main | u:p] INFO  com.polarion.platform.persistence.internal.pe.LowLevelDataService - Persistence initialization finished [ TIME 1.55 s. ]
2026-02-17 18:31:25,007 [main | u:p] INFO  com.polarion.platform.startup - ------------------------------
2026-02-17 18:31:25,007 [main | u:p] INFO  com.polarion.platform.startup - Fields recalculation (Phase: 8/9)
2026-02-17 18:31:25,008 [main | u:p] INFO  com.polarion.platform.persistence.internal.calcfields.CalculatedFieldsStorage - Checking integrity of calculated fields storage /opt/polarion/data/workspace/polarion-data/calculated-fields
2026-02-17 18:31:25,011 [main | u:p] INFO  com.polarion.platform.startup - Fields recalculation ... took  [ TIME 0.01 s. ]
2026-02-17 18:31:25,011 [main | u:p] INFO  com.polarion.platform.startup - ------------------------------
2026-02-17 18:31:25,011 [main | u:p] INFO  com.polarion.platform.startup - Polarion startup (Phase: 9/9)
2026-02-17 18:31:25,045 [main | u:p] INFO  com.polarion.platform.jobs.internal.service.scheduler.JobSchedulerService - Updating local scheduler state: start
2026-02-17 18:31:25,066 [main | u:p | u:p] INFO  org.quartz.impl.StdSchedulerFactory - Using default implementation for ThreadExecutor
2026-02-17 18:31:25,093 [PolarionDocIdCreator-0] INFO  TXLOGGER - Tx fillBloomFilter [Revision]: finished. Total: 0.111 s, CPU [user: 0.09 s], Allocated memory: 13.7 MB
2026-02-17 18:31:25,098 [PolarionDocIdCreator-0] INFO  com.polarion.subterra.index.impl.lucene.LuceneIndexPair - searcher manager created for index: RichPage
2026-02-17 18:31:25,106 [PolarionDocIdCreator-0] INFO  com.polarion.subterra.index.impl.lucene.LuceneIndexPair - searcher manager created for index: Module
2026-02-17 18:31:25,108 [PolarionDocIdCreator-0] INFO  com.polarion.subterra.index.impl.lucene.LuceneIndexPair - searcher manager created for index: ProjectGroup
2026-02-17 18:31:25,108 [PolarionDocIdCreator-0] INFO  com.polarion.subterra.index.impl.lucene.baseline.PolarionDocIdCreator - Bloom filter loading for 31 indices took  [ TIME 0.368 s. ]
2026-02-17 18:31:25,115 [main | u:p | u:p] INFO  org.quartz.core.SchedulerSignalerImpl - Initialized Scheduler Signaller of type: class org.quartz.core.SchedulerSignalerImpl
2026-02-17 18:31:25,115 [main | u:p | u:p] INFO  org.quartz.core.QuartzScheduler - Quartz Scheduler v2.5.0 created.
2026-02-17 18:31:25,115 [main | u:p | u:p] INFO  org.quartz.simpl.RAMJobStore - RAMJobStore initialized.
2026-02-17 18:31:25,116 [main | u:p | u:p] INFO  org.quartz.core.QuartzScheduler - Scheduler meta-data: Quartz Scheduler (v2.5.0) 'DefaultQuartzScheduler' with instanceId 'NON_CLUSTERED'
  Scheduler class: 'org.quartz.core.QuartzScheduler' - running locally.
  NOT STARTED.
  Currently in standby mode.
  Number of jobs executed: 0
  Using thread pool 'org.quartz.simpl.SimpleThreadPool' - with 10 threads.
  Using job-store 'org.quartz.simpl.RAMJobStore' - which does not support persistence. and is not clustered.

2026-02-17 18:31:25,116 [main | u:p | u:p] INFO  org.quartz.impl.StdSchedulerFactory - Quartz scheduler 'DefaultQuartzScheduler' initialized from an externally provided properties instance.
2026-02-17 18:31:25,116 [main | u:p | u:p] INFO  org.quartz.impl.StdSchedulerFactory - Quartz scheduler version: 2.5.0
2026-02-17 18:31:25,116 [main | u:p | u:p] INFO  org.quartz.core.QuartzScheduler - Scheduler DefaultQuartzScheduler_$_NON_CLUSTERED shutting down.
2026-02-17 18:31:25,116 [main | u:p | u:p] INFO  org.quartz.core.QuartzScheduler - Scheduler DefaultQuartzScheduler_$_NON_CLUSTERED paused.
2026-02-17 18:31:25,116 [main | u:p | u:p] INFO  org.quartz.core.QuartzScheduler - Scheduler DefaultQuartzScheduler_$_NON_CLUSTERED shutdown complete.
2026-02-17 18:31:25,116 [main | u:p | u:p] INFO  org.quartz.impl.StdSchedulerFactory - Using default implementation for ThreadExecutor
2026-02-17 18:31:25,123 [main | u:p | u:p] INFO  org.quartz.core.SchedulerSignalerImpl - Initialized Scheduler Signaller of type: class org.quartz.core.SchedulerSignalerImpl
2026-02-17 18:31:25,123 [main | u:p | u:p] INFO  org.quartz.core.QuartzScheduler - Quartz Scheduler v2.5.0 created.
2026-02-17 18:31:25,123 [main | u:p | u:p] INFO  org.quartz.simpl.RAMJobStore - RAMJobStore initialized.
2026-02-17 18:31:25,123 [main | u:p | u:p] INFO  org.quartz.core.QuartzScheduler - Scheduler meta-data: Quartz Scheduler (v2.5.0) 'DefaultQuartzScheduler' with instanceId 'NON_CLUSTERED'
  Scheduler class: 'org.quartz.core.QuartzScheduler' - running locally.
  NOT STARTED.
  Currently in standby mode.
  Number of jobs executed: 0
  Using thread pool 'org.quartz.simpl.SimpleThreadPool' - with 10 threads.
  Using job-store 'org.quartz.simpl.RAMJobStore' - which does not support persistence. and is not clustered.

2026-02-17 18:31:25,123 [main | u:p | u:p] INFO  org.quartz.impl.StdSchedulerFactory - Quartz scheduler 'DefaultQuartzScheduler' initialized from an externally provided properties instance.
2026-02-17 18:31:25,124 [main | u:p | u:p] INFO  org.quartz.impl.StdSchedulerFactory - Quartz scheduler version: 2.5.0
2026-02-17 18:31:25,130 [main | u:p | u:p] INFO  com.polarion.platform.jobs.internal.service.scheduler.JobSchedulerService - 10 scheduled job(s) configured
2026-02-17 18:31:25,140 [main | u:p | u:p] INFO  org.quartz.core.QuartzScheduler - Scheduler DefaultQuartzScheduler_$_NON_CLUSTERED started.
2026-02-17 18:31:25,373 [main] INFO  com.polarion.psvn.launcher.internal.platform.PlatformService - Platform boot finished
2026-02-17 18:31:25,373 [main] INFO  com.polarion.psvn.launcher.internal.platform.PlatformService - Platform started
2026-02-17 18:31:25,387 [main] INFO  com.polarion.portal.tomcat.TomcatPlugin - Tomcat home directory was set to /opt/polarion/data/workspace/.metadata/.plugins/com.polarion.portal.tomcat
2026-02-17 18:31:25,396 [main] INFO  com.polarion.psvn.launcher.internal.tomcat.TomcatService - Starting Tomcat...
2026-02-17 18:31:25,497 [main] INFO  com.polarion.portal.tomcat.TomcatAppServer - TomcatAppServer.start(): added webapp 'WebappContribution[webappName: webui, contextRoot: webapp/webui, plugin: com.polarion.alm.ui, priority: -10]'; protocol: AJP/1.3, port: 8889
2026-02-17 18:31:25,498 [main] INFO  com.polarion.portal.tomcat.TomcatAppServer - TomcatAppServer.start(): added webapp 'WebappContribution[webappName: polarion, contextRoot: webapp/authapp, plugin: com.polarion.alm.ui, priority: 0]'; protocol: AJP/1.3, port: 8889
2026-02-17 18:31:25,498 [main] INFO  com.polarion.portal.tomcat.TomcatAppServer - TomcatAppServer.start(): added webapp 'WebappContribution[webappName: polarion/.well-known, contextRoot: webapp/well-known, plugin: com.polarion.platform, priority: 0]'; protocol: AJP/1.3, port: 8889
2026-02-17 18:31:25,499 [main] INFO  com.polarion.portal.tomcat.TomcatAppServer - TomcatAppServer.start(): added webapp 'WebappContribution[webappName: polarion/activate, contextRoot: webapp/activation, plugin: com.polarion.psvn.launcher, priority: 0]'; protocol: AJP/1.3, port: 8889
2026-02-17 18:31:25,500 [main] INFO  com.polarion.portal.tomcat.TomcatAppServer - TomcatAppServer.start(): added webapp 'WebappContribution[webappName: polarion/bir, contextRoot: webapp/bir, plugin: com.polarion.alm.ui, priority: 0]'; protocol: AJP/1.3, port: 8889
2026-02-17 18:31:25,501 [main] INFO  com.polarion.portal.tomcat.TomcatAppServer - TomcatAppServer.start(): added webapp 'WebappContribution[webappName: polarion/codemirror-modes, contextRoot: webapp/codemirror-modes, plugin: com.polarion.alm.ui, priority: 0]'; protocol: AJP/1.3, port: 8889
2026-02-17 18:31:25,501 [main] INFO  com.polarion.portal.tomcat.TomcatAppServer - TomcatAppServer.start(): added webapp 'WebappContribution[webappName: polarion/doorsconnector, contextRoot: webapp, plugin: com.polarion.synchronizer, priority: 0]'; protocol: AJP/1.3, port: 8889
2026-02-17 18:31:25,502 [main] INFO  com.polarion.portal.tomcat.TomcatAppServer - TomcatAppServer.start(): added webapp 'WebappContribution[webappName: polarion/export, contextRoot: webapp/export, plugin: com.polarion.alm.ui, priority: 0]'; protocol: AJP/1.3, port: 8889
2026-02-17 18:31:25,502 [main] INFO  com.polarion.portal.tomcat.TomcatAppServer - TomcatAppServer.start(): added webapp 'WebappContribution[webappName: polarion/gwt, contextRoot: war, plugin: com.polarion.alm.ui, priority: 0]'; protocol: AJP/1.3, port: 8889
2026-02-17 18:31:25,502 [main] INFO  com.polarion.portal.tomcat.TomcatAppServer - TomcatAppServer.start(): added webapp 'WebappContribution[webappName: polarion/icons, contextRoot: webapp/icons, plugin: com.polarion.alm.ui, priority: 0]'; protocol: AJP/1.3, port: 8889
2026-02-17 18:31:25,503 [main] INFO  com.polarion.portal.tomcat.TomcatAppServer - TomcatAppServer.start(): added webapp 'WebappContribution[webappName: polarion/internal-login, contextRoot: webapp/internal-login, plugin: com.polarion.alm.ui, priority: 0]'; protocol: AJP/1.3, port: 8889
2026-02-17 18:31:25,503 [main] INFO  com.polarion.portal.tomcat.TomcatAppServer - TomcatAppServer.start(): added webapp 'WebappContribution[webappName: polarion/internal/status, contextRoot: webapp, plugin: com.polarion.alm.tracker, priority: 0]'; protocol: AJP/1.3, port: 8889
2026-02-17 18:31:25,504 [main] INFO  com.polarion.portal.tomcat.TomcatAppServer - TomcatAppServer.start(): added webapp 'WebappContribution[webappName: polarion/localization, contextRoot: webapp/localization, plugin: com.polarion.alm.ui, priority: 0]'; protocol: AJP/1.3, port: 8889
2026-02-17 18:31:25,504 [main] INFO  com.polarion.portal.tomcat.TomcatAppServer - TomcatAppServer.start(): added webapp 'WebappContribution[webappName: polarion/module-attachment, contextRoot: webapp/attachments, plugin: com.polarion.alm.ui, priority: 0]'; protocol: AJP/1.3, port: 8889
2026-02-17 18:31:25,505 [main] INFO  com.polarion.portal.tomcat.TomcatAppServer - TomcatAppServer.start(): added webapp 'WebappContribution[webappName: polarion/modulehome, contextRoot: webapp/module-home, plugin: com.polarion.alm.ui, priority: 0]'; protocol: AJP/1.3, port: 8889
2026-02-17 18:31:25,505 [main] INFO  com.polarion.portal.tomcat.TomcatAppServer - TomcatAppServer.start(): added webapp 'WebappContribution[webappName: polarion/mxgraph, contextRoot: draw.io/war, plugin: com.polarion.alm.ui.diagrams.mxgraph, priority: 0]'; protocol: AJP/1.3, port: 8889
2026-02-17 18:31:25,505 [main] INFO  com.polarion.portal.tomcat.TomcatAppServer - TomcatAppServer.start(): added webapp 'WebappContribution[webappName: polarion/page-attachment, contextRoot: webapp/attachments, plugin: com.polarion.alm.ui, priority: 0]'; protocol: AJP/1.3, port: 8889
2026-02-17 18:31:25,505 [main] INFO  com.polarion.portal.tomcat.TomcatAppServer - TomcatAppServer.start(): added webapp 'WebappContribution[webappName: polarion/perf-testing, contextRoot: webapp/perf-testing, plugin: com.polarion.alm.ui, priority: 0]'; protocol: AJP/1.3, port: 8889
2026-02-17 18:31:25,506 [main] INFO  com.polarion.portal.tomcat.TomcatAppServer - TomcatAppServer.start(): added webapp 'WebappContribution[webappName: polarion/print, contextRoot: webapp/print, plugin: com.polarion.alm.ui, priority: 0]'; protocol: AJP/1.3, port: 8889
2026-02-17 18:31:25,506 [main] INFO  com.polarion.portal.tomcat.TomcatAppServer - TomcatAppServer.start(): added webapp 'WebappContribution[webappName: polarion/register, contextRoot: webapp/register, plugin: com.polarion.alm.ui, priority: 0]'; protocol: AJP/1.3, port: 8889
2026-02-17 18:31:25,506 [main] INFO  com.polarion.portal.tomcat.TomcatAppServer - TomcatAppServer.start(): added webapp 'WebappContribution[webappName: polarion/rest, contextRoot: webapp, plugin: com.siemens.polarion.rest, priority: 0]'; protocol: AJP/1.3, port: 8889
2026-02-17 18:31:25,506 [main] INFO  com.polarion.portal.tomcat.TomcatAppServer - TomcatAppServer.start(): added webapp 'WebappContribution[webappName: polarion/ria, contextRoot: webapp/ria, plugin: com.polarion.alm.ui, priority: 0]'; protocol: AJP/1.3, port: 8889
2026-02-17 18:31:25,507 [main] INFO  com.polarion.portal.tomcat.TomcatAppServer - TomcatAppServer.start(): added webapp 'WebappContribution[webappName: polarion/richpagehome, contextRoot: webapp/richpage-home, plugin: com.polarion.alm.ui, priority: 0]'; protocol: AJP/1.3, port: 8889
2026-02-17 18:31:25,509 [main] INFO  com.polarion.portal.tomcat.TomcatAppServer - TomcatAppServer.start(): added webapp 'WebappContribution[webappName: polarion/rt, contextRoot: src/main/webapp, plugin: com.siemens.polarion.rt, priority: 0]'; protocol: AJP/1.3, port: 8889
2026-02-17 18:31:25,510 [main] INFO  com.polarion.portal.tomcat.TomcatAppServer - TomcatAppServer.start(): added webapp 'WebappContribution[webappName: polarion/rt-connect, contextRoot: ws, plugin: com.siemens.polarion.rt.communication.polarion, priority: 0]'; protocol: AJP/1.3, port: 8889
2026-02-17 18:31:25,510 [main] INFO  com.polarion.portal.tomcat.TomcatAppServer - TomcatAppServer.start(): added webapp 'WebappContribution[webappName: polarion/scripting, contextRoot: webapp/scripting, plugin: com.polarion.scripting.servlet, priority: 0]'; protocol: AJP/1.3, port: 8889
2026-02-17 18:31:25,510 [main] INFO  com.polarion.portal.tomcat.TomcatAppServer - TomcatAppServer.start(): added webapp 'WebappContribution[webappName: polarion/sdk, contextRoot: webapp/sdk, plugin: com.polarion.alm.ui, priority: 0]'; protocol: AJP/1.3, port: 8889
2026-02-17 18:31:25,511 [main] INFO  com.polarion.portal.tomcat.TomcatAppServer - TomcatAppServer.start(): added webapp 'WebappContribution[webappName: polarion/svnwebclient, contextRoot: webapp, plugin: com.siemens.polarion.svnwebclient, priority: 0]'; protocol: AJP/1.3, port: 8889
2026-02-17 18:31:25,511 [main] INFO  com.polarion.portal.tomcat.TomcatAppServer - TomcatAppServer.start(): added webapp 'WebappContribution[webappName: polarion/swagger, contextRoot: webapp/swagger, plugin: com.siemens.polarion.rest, priority: 0]'; protocol: AJP/1.3, port: 8889
2026-02-17 18:31:25,511 [main] INFO  com.polarion.portal.tomcat.TomcatAppServer - TomcatAppServer.start(): added webapp 'WebappContribution[webappName: polarion/synchronizer, contextRoot: webapp, plugin: com.polarion.synchronizer.ui, priority: 0]'; protocol: AJP/1.3, port: 8889
2026-02-17 18:31:25,511 [main] INFO  com.polarion.portal.tomcat.TomcatAppServer - TomcatAppServer.start(): added webapp 'WebappContribution[webappName: polarion/teamcenter/login, contextRoot: webapp, plugin: com.siemens.polarion.teamcenter.authenticator, priority: 0]'; protocol: AJP/1.3, port: 8889
2026-02-17 18:31:25,515 [main] INFO  com.polarion.portal.tomcat.TomcatAppServer - TomcatAppServer.start(): added webapp 'WebappContribution[webappName: polarion/template-download, contextRoot: webapp/project-template, plugin: com.polarion.alm.ui, priority: 0]'; protocol: AJP/1.3, port: 8889
2026-02-17 18:31:25,515 [main] INFO  com.polarion.portal.tomcat.TomcatAppServer - TomcatAppServer.start(): added webapp 'WebappContribution[webappName: polarion/testrun-attachment, contextRoot: webapp/attachments, plugin: com.polarion.alm.ui, priority: 0]'; protocol: AJP/1.3, port: 8889
2026-02-17 18:31:25,515 [main] INFO  com.polarion.portal.tomcat.TomcatAppServer - TomcatAppServer.start(): added webapp 'WebappContribution[webappName: polarion/tour, contextRoot: webapp/tour, plugin: com.polarion.alm.ui, priority: 0]'; protocol: AJP/1.3, port: 8889
2026-02-17 18:31:25,517 [main] INFO  com.polarion.portal.tomcat.TomcatAppServer - TomcatAppServer.start(): added webapp 'WebappContribution[webappName: polarion/wi-attachment, contextRoot: webapp/attachments, plugin: com.polarion.alm.ui, priority: 0]'; protocol: AJP/1.3, port: 8889
2026-02-17 18:31:25,517 [main] INFO  com.polarion.portal.tomcat.TomcatAppServer - TomcatAppServer.start(): added webapp 'WebappContribution[webappName: polarion/wi-attachment-auth, contextRoot: webapp/wi-attachment-auth, plugin: com.polarion.alm.ui, priority: 0]'; protocol: AJP/1.3, port: 8889
2026-02-17 18:31:25,517 [main] INFO  com.polarion.portal.tomcat.TomcatAppServer - TomcatAppServer.start(): added webapp 'WebappContribution[webappName: polarion/widget-resource, contextRoot: webapp/widget-resource, plugin: com.polarion.alm.ui, priority: 0]'; protocol: AJP/1.3, port: 8889
2026-02-17 18:31:25,517 [main] INFO  com.polarion.portal.tomcat.TomcatAppServer - TomcatAppServer.start(): added webapp 'WebappContribution[webappName: polarion/wiki, contextRoot: src/main/webapp, plugin: com.polarion.alm.wiki, priority: 0]'; protocol: AJP/1.3, port: 8889
2026-02-17 18:31:25,518 [main] INFO  com.polarion.portal.tomcat.TomcatAppServer - TomcatAppServer.start(): added webapp 'WebappContribution[webappName: polarion/workreport, contextRoot: webapp/workreport, plugin: com.polarion.alm.ui, priority: 0]'; protocol: AJP/1.3, port: 8889
2026-02-17 18:31:25,518 [main] INFO  com.polarion.portal.tomcat.TomcatAppServer - TomcatAppServer.start(): added webapp 'WebappContribution[webappName: polarion/ws, contextRoot: ws, plugin: com.polarion.alm.ws, priority: 0]'; protocol: AJP/1.3, port: 8889
2026-02-17 18:31:25,518 [main] INFO  com.polarion.portal.tomcat.TomcatAppServer - TomcatAppServer.start(): added webapp 'WebappContribution[webappName: polarion/xunitimport, contextRoot: webapp/xunitimport, plugin: com.polarion.alm.ui, priority: 0]'; protocol: AJP/1.3, port: 8889
2026-02-17 18:31:25,518 [main] INFO  com.polarion.portal.tomcat.TomcatAppServer - TomcatAppServer.start(): added webapp 'WebappContribution[webappName: polarion/oslc, contextRoot: webapp, plugin: com.polarion.alm.oslc, priority: 1]'; protocol: AJP/1.3, port: 8889
2026-02-17 18:31:25,648 [main] INFO  org.apache.coyote.ajp.AjpNioProtocol - Initializing ProtocolHandler ["ajp-nio-127.0.0.1-8889"]
2026-02-17 18:31:25,667 [main] INFO  org.apache.catalina.core.StandardService - Starting service [Tomcat]
2026-02-17 18:31:25,668 [main] INFO  org.apache.catalina.core.StandardEngine - Starting Servlet engine: [Apache Tomcat/9.0.107]
2026-02-17 18:31:25,691 [Catalina-utility-2] INFO  org.apache.catalina.loader.WebappLoader - Unknown class loader [com.polarion.portal.tomcat.WebAppClassLoader@1d19a83d] of class [class com.polarion.portal.tomcat.WebAppClassLoader]
2026-02-17 18:31:25,691 [Catalina-utility-1] INFO  org.apache.catalina.loader.WebappLoader - Unknown class loader [com.polarion.portal.tomcat.WebAppClassLoader@64a3d839] of class [class com.polarion.portal.tomcat.WebAppClassLoader]
2026-02-17 18:31:25,709 [Catalina-utility-2] INFO  org.apache.catalina.startup.ContextConfig - No global web.xml found
2026-02-17 18:31:25,774 [Catalina-utility-1] INFO  org.apache.catalina.loader.WebappLoader - Unknown class loader [com.polarion.portal.tomcat.WebAppClassLoader@5ed921c9] of class [class com.polarion.portal.tomcat.WebAppClassLoader]
2026-02-17 18:31:25,777 [Catalina-utility-2] INFO  org.apache.catalina.loader.WebappLoader - Unknown class loader [com.polarion.portal.tomcat.WebAppClassLoader@7764db24] of class [class com.polarion.portal.tomcat.WebAppClassLoader]
2026-02-17 18:31:25,796 [Catalina-utility-1] INFO  org.apache.catalina.loader.WebappLoader - Unknown class loader [com.polarion.portal.tomcat.WebAppClassLoader@4d2d95e6] of class [class com.polarion.portal.tomcat.WebAppClassLoader]
2026-02-17 18:31:25,798 [Catalina-utility-2] INFO  org.apache.catalina.loader.WebappLoader - Unknown class loader [com.polarion.portal.tomcat.WebAppClassLoader@1e7a20d5] of class [class com.polarion.portal.tomcat.WebAppClassLoader]
2026-02-17 18:31:25,820 [Catalina-utility-2] INFO  org.apache.catalina.loader.WebappLoader - Unknown class loader [com.polarion.portal.tomcat.WebAppClassLoader@7aa91a69] of class [class com.polarion.portal.tomcat.WebAppClassLoader]
2026-02-17 18:31:25,820 [Catalina-utility-1] INFO  org.apache.catalina.loader.WebappLoader - Unknown class loader [com.polarion.portal.tomcat.WebAppClassLoader@4b4eac80] of class [class com.polarion.portal.tomcat.WebAppClassLoader]
2026-02-17 18:31:25,836 [Catalina-utility-1] INFO  org.apache.catalina.loader.WebappLoader - Unknown class loader [com.polarion.portal.tomcat.WebAppClassLoader@270a73ba] of class [class com.polarion.portal.tomcat.WebAppClassLoader]
2026-02-17 18:31:25,871 [Catalina-utility-2] INFO  org.apache.tomcat.dbcp.dbcp2.BasicDataSourceFactory - Name = XWikiDS Ignoring unknown property: value of "DB Connection" for "description" property
2026-02-17 18:31:26,023 [Catalina-utility-2] INFO  org.apache.jasper.servlet.TldScanner - At least one JAR was scanned for TLDs yet contained no TLDs. Enable debug logging for this logger for a complete list of JARs that were scanned but no TLDs were found in them. Skipping unneeded JARs during scanning can improve startup time and JSP compilation time.
2026-02-17 18:31:26,129 [Catalina-utility-2] INFO  org.apache.catalina.loader.WebappLoader - Unknown class loader [com.polarion.portal.tomcat.WebAppClassLoader@e2ff893] of class [class com.polarion.portal.tomcat.WebAppClassLoader]
2026-02-17 18:31:26,132 [Catalina-utility-2] WARN  org.apache.catalina.startup.ContextConfig - Security role name [user] used in an <auth-constraint> without being defined in a <security-role>
2026-02-17 18:31:26,144 [Catalina-utility-2] INFO  org.apache.catalina.loader.WebappLoader - Unknown class loader [com.polarion.portal.tomcat.WebAppClassLoader@2812c884] of class [class com.polarion.portal.tomcat.WebAppClassLoader]
2026-02-17 18:31:26,150 [Catalina-utility-2] INFO  org.apache.catalina.loader.WebappLoader - Unknown class loader [com.polarion.portal.tomcat.WebAppClassLoader@87420c0] of class [class com.polarion.portal.tomcat.WebAppClassLoader]
2026-02-17 18:31:26,165 [Catalina-utility-2] INFO  org.apache.catalina.loader.WebappLoader - Unknown class loader [com.polarion.portal.tomcat.WebAppClassLoader@42b59da6] of class [class com.polarion.portal.tomcat.WebAppClassLoader]
2026-02-17 18:31:26,182 [Catalina-utility-2] INFO  org.apache.catalina.loader.WebappLoader - Unknown class loader [com.polarion.portal.tomcat.WebAppClassLoader@5a37c1b5] of class [class com.polarion.portal.tomcat.WebAppClassLoader]
2026-02-17 18:31:26,196 [Catalina-utility-2] INFO  org.apache.catalina.loader.WebappLoader - Unknown class loader [com.polarion.portal.tomcat.WebAppClassLoader@b8be217] of class [class com.polarion.portal.tomcat.WebAppClassLoader]
2026-02-17 18:31:26,200 [Catalina-utility-2] WARN  org.apache.catalina.startup.ContextConfig - Security role name [user] used in an <auth-constraint> without being defined in a <security-role>
2026-02-17 18:31:26,208 [Catalina-utility-2] INFO  org.apache.catalina.loader.WebappLoader - Unknown class loader [com.polarion.portal.tomcat.WebAppClassLoader@3dd3f237] of class [class com.polarion.portal.tomcat.WebAppClassLoader]
2026-02-17 18:31:26,212 [Catalina-utility-2] INFO  org.apache.jasper.servlet.TldScanner - At least one JAR was scanned for TLDs yet contained no TLDs. Enable debug logging for this logger for a complete list of JARs that were scanned but no TLDs were found in them. Skipping unneeded JARs during scanning can improve startup time and JSP compilation time.
2026-02-17 18:31:26,298 [Catalina-utility-1] INFO  com.siemens.polarion.svnwebclient.commentscache.CommentsCache - Initializing comments cache. Id: https://debian12-nehbabsq-19041.polarion.net.plm.eds.com/repointernal, repository: https://debian12-nehbabsq-19041.polarion.net.plm.eds.com/repointernal/, url: https://debian12-nehbabsq-19041.polarion.net.plm.eds.com/repointernal/, cache directory: /opt/polarion/data/workspace/polarion-data/log-messages-cache, cache page size: 100
2026-02-17 18:31:26,409 [Catalina-utility-1] INFO  org.apache.catalina.loader.WebappLoader - Unknown class loader [com.polarion.portal.tomcat.WebAppClassLoader@2c9d3df] of class [class com.polarion.portal.tomcat.WebAppClassLoader]
2026-02-17 18:31:26,513 [Catalina-utility-1] INFO  org.apache.jasper.servlet.TldScanner - At least one JAR was scanned for TLDs yet contained no TLDs. Enable debug logging for this logger for a complete list of JARs that were scanned but no TLDs were found in them. Skipping unneeded JARs during scanning can improve startup time and JSP compilation time.
2026-02-17 18:31:26,532 [Catalina-utility-1] INFO  org.apache.catalina.loader.WebappLoader - Unknown class loader [com.polarion.portal.tomcat.WebAppClassLoader@30fe1b54] of class [class com.polarion.portal.tomcat.WebAppClassLoader]
2026-02-17 18:31:26,552 [Catalina-utility-1] INFO  org.apache.catalina.loader.WebappLoader - Unknown class loader [com.polarion.portal.tomcat.WebAppClassLoader@7b2637fa] of class [class com.polarion.portal.tomcat.WebAppClassLoader]
2026-02-17 18:31:26,584 [Catalina-utility-1] INFO  org.apache.catalina.loader.WebappLoader - Unknown class loader [com.polarion.portal.tomcat.WebAppClassLoader@b5ceafa] of class [class com.polarion.portal.tomcat.WebAppClassLoader]
2026-02-17 18:31:26,607 [Catalina-utility-1] INFO  org.apache.catalina.loader.WebappLoader - Unknown class loader [com.polarion.portal.tomcat.WebAppClassLoader@55f4d7be] of class [class com.polarion.portal.tomcat.WebAppClassLoader]
2026-02-17 18:31:26,615 [Catalina-utility-1] INFO  org.apache.catalina.loader.WebappLoader - Unknown class loader [com.polarion.portal.tomcat.WebAppClassLoader@cd90676] of class [class com.polarion.portal.tomcat.WebAppClassLoader]
2026-02-17 18:31:26,674 [Catalina-utility-1] INFO  com.polarion.portal.velocity.VelocityPathManager - VelocityTemplatesPath=/opt/polarion/polarion/plugins/com.polarion.alm.ui_3.26.6/webapp/authapp/, /opt/polarion/polarion/plugins/com.polarion.alm.ui_3.26.6/webapp/webui/, /opt/polarion/polarion/plugins/com.polarion.alm.wiki_3.26.6/src/main/webapp/, ., /opt/polarion/polarion/plugins/com.polarion.alm.ui_3.26.6/webapp/webui/
2026-02-17 18:31:26,913 [Catalina-utility-1] INFO  org.apache.catalina.loader.WebappLoader - Unknown class loader [com.polarion.portal.tomcat.WebAppClassLoader@1aa118f3] of class [class com.polarion.portal.tomcat.WebAppClassLoader]
2026-02-17 18:31:26,928 [Catalina-utility-1] INFO  org.apache.catalina.loader.WebappLoader - Unknown class loader [com.polarion.portal.tomcat.WebAppClassLoader@4bedcff1] of class [class com.polarion.portal.tomcat.WebAppClassLoader]
2026-02-17 18:31:26,934 [Catalina-utility-1] INFO  org.apache.catalina.loader.WebappLoader - Unknown class loader [com.polarion.portal.tomcat.WebAppClassLoader@29457ad2] of class [class com.polarion.portal.tomcat.WebAppClassLoader]
2026-02-17 18:31:26,949 [Catalina-utility-1] INFO  org.apache.catalina.loader.WebappLoader - Unknown class loader [com.polarion.portal.tomcat.WebAppClassLoader@777a2b88] of class [class com.polarion.portal.tomcat.WebAppClassLoader]
2026-02-17 18:31:26,960 [Catalina-utility-1] INFO  org.apache.catalina.loader.WebappLoader - Unknown class loader [com.polarion.portal.tomcat.WebAppClassLoader@6b6eaa73] of class [class com.polarion.portal.tomcat.WebAppClassLoader]
2026-02-17 18:31:26,965 [Catalina-utility-1] INFO  org.apache.catalina.loader.WebappLoader - Unknown class loader [com.polarion.portal.tomcat.WebAppClassLoader@270cf3eb] of class [class com.polarion.portal.tomcat.WebAppClassLoader]
2026-02-17 18:31:27,296 [Catalina-utility-2] INFO  org.apache.catalina.loader.WebappLoader - Unknown class loader [com.polarion.portal.tomcat.WebAppClassLoader@5c15a813] of class [class com.polarion.portal.tomcat.WebAppClassLoader]
2026-02-17 18:31:27,303 [Catalina-utility-2] INFO  org.apache.catalina.loader.WebappLoader - Unknown class loader [com.polarion.portal.tomcat.WebAppClassLoader@5770b59f] of class [class com.polarion.portal.tomcat.WebAppClassLoader]
2026-02-17 18:31:27,314 [Catalina-utility-2] INFO  org.apache.catalina.loader.WebappLoader - Unknown class loader [com.polarion.portal.tomcat.WebAppClassLoader@1d7c2e47] of class [class com.polarion.portal.tomcat.WebAppClassLoader]
2026-02-17 18:31:27,330 [Catalina-utility-2] INFO  org.apache.jasper.servlet.TldScanner - At least one JAR was scanned for TLDs yet contained no TLDs. Enable debug logging for this logger for a complete list of JARs that were scanned but no TLDs were found in them. Skipping unneeded JARs during scanning can improve startup time and JSP compilation time.
2026-02-17 18:31:27,339 [Catalina-utility-2] INFO  org.apache.catalina.loader.WebappLoader - Unknown class loader [com.polarion.portal.tomcat.WebAppClassLoader@6581cc72] of class [class com.polarion.portal.tomcat.WebAppClassLoader]
2026-02-17 18:31:27,347 [Catalina-utility-2] INFO  org.apache.catalina.loader.WebappLoader - Unknown class loader [com.polarion.portal.tomcat.WebAppClassLoader@6580f76c] of class [class com.polarion.portal.tomcat.WebAppClassLoader]
2026-02-17 18:31:27,354 [Catalina-utility-2] INFO  org.apache.catalina.loader.WebappLoader - Unknown class loader [com.polarion.portal.tomcat.WebAppClassLoader@6c8eab63] of class [class com.polarion.portal.tomcat.WebAppClassLoader]
2026-02-17 18:31:27,360 [Catalina-utility-2] INFO  org.apache.catalina.loader.WebappLoader - Unknown class loader [com.polarion.portal.tomcat.WebAppClassLoader@361c008] of class [class com.polarion.portal.tomcat.WebAppClassLoader]
2026-02-17 18:31:27,369 [Catalina-utility-2] INFO  org.apache.catalina.loader.WebappLoader - Unknown class loader [com.polarion.portal.tomcat.WebAppClassLoader@5dfb0e1e] of class [class com.polarion.portal.tomcat.WebAppClassLoader]
2026-02-17 18:31:27,379 [Catalina-utility-2] INFO  org.apache.catalina.loader.WebappLoader - Unknown class loader [com.polarion.portal.tomcat.WebAppClassLoader@7edf6563] of class [class com.polarion.portal.tomcat.WebAppClassLoader]
2026-02-17 18:31:27,399 [Catalina-utility-2] INFO  org.apache.catalina.loader.WebappLoader - Unknown class loader [com.polarion.portal.tomcat.WebAppClassLoader@66538929] of class [class com.polarion.portal.tomcat.WebAppClassLoader]
2026-02-17 18:31:27,408 [Catalina-utility-2] INFO  org.apache.catalina.loader.WebappLoader - Unknown class loader [com.polarion.portal.tomcat.WebAppClassLoader@78097df5] of class [class com.polarion.portal.tomcat.WebAppClassLoader]
2026-02-17 18:31:27,444 [Catalina-utility-2] INFO  org.apache.jasper.servlet.TldScanner - At least one JAR was scanned for TLDs yet contained no TLDs. Enable debug logging for this logger for a complete list of JARs that were scanned but no TLDs were found in them. Skipping unneeded JARs during scanning can improve startup time and JSP compilation time.
2026-02-17 18:31:27,455 [Catalina-utility-2] INFO  org.apache.catalina.loader.WebappLoader - Unknown class loader [com.polarion.portal.tomcat.WebAppClassLoader@5de13824] of class [class com.polarion.portal.tomcat.WebAppClassLoader]
2026-02-17 18:31:27,462 [Catalina-utility-2] INFO  org.apache.catalina.loader.WebappLoader - Unknown class loader [com.polarion.portal.tomcat.WebAppClassLoader@6ec2703e] of class [class com.polarion.portal.tomcat.WebAppClassLoader]
2026-02-17 18:31:27,467 [Catalina-utility-2] INFO  org.apache.catalina.loader.WebappLoader - Unknown class loader [com.polarion.portal.tomcat.WebAppClassLoader@7f0dcfe6] of class [class com.polarion.portal.tomcat.WebAppClassLoader]
2026-02-17 18:31:27,485 [Catalina-utility-1] INFO  com.siemens.polarion.rt.config.RtAppConfig - RT server config is created
2026-02-17 18:31:27,585 [Catalina-utility-1] INFO  com.zaxxer.hikari.HikariDataSource - HikariPool-1 - Starting...
2026-02-17 18:31:27,595 [Catalina-utility-1] INFO  com.zaxxer.hikari.pool.HikariPool - HikariPool-1 - Added connection org.postgresql.jdbc.PgConnection@69d7dac1
2026-02-17 18:31:27,595 [Catalina-utility-1] INFO  com.zaxxer.hikari.HikariDataSource - HikariPool-1 - Start completed.
2026-02-17 18:31:28,378 [Catalina-utility-1] INFO  com.siemens.polarion.rt.parsers.RtParserProviderImpl - Initialization of RT parsers...
2026-02-17 18:31:28,380 [Catalina-utility-1] INFO  com.siemens.polarion.rt.parsers.RtParserProviderImpl - Found parser com.siemens.polarion.rt.parsers.java (contributed by 'com.siemens.polarion.rt[108]')
2026-02-17 18:31:28,380 [Catalina-utility-1] INFO  com.siemens.polarion.rt.parsers.RtParserProviderImpl - Found parser com.siemens.polarion.rt.parsers.xml (contributed by 'com.siemens.polarion.rt[108]')
2026-02-17 18:31:28,381 [Catalina-utility-1] INFO  com.siemens.polarion.rt.parsers.RtParserProviderImpl - Found parser com.siemens.polarion.rt.parsers.c (contributed by 'com.siemens.polarion.rt.parsers.c[114]')
2026-02-17 18:31:28,653 [Catalina-utility-1] INFO  com.siemens.polarion.rt.collectors.RtCollectorProviderImpl - Initialization of RT collectors...
2026-02-17 18:31:28,653 [Catalina-utility-1] INFO  com.siemens.polarion.rt.collectors.RtCollectorProviderImpl - Found collector for subversion (contributed by 'com.siemens.polarion.rt[108]')
2026-02-17 18:31:28,654 [Catalina-utility-1] INFO  com.siemens.polarion.rt.collectors.RtCollectorProviderImpl - Found collector for git (contributed by 'com.siemens.polarion.rt.collectors.git[110]')
2026-02-17 18:31:28,712 [Catalina-utility-1] INFO  com.siemens.polarion.secrets.manager.impl.FileBackedSecretsManager - secrets-manager: Reading secret version null from path: rt.repo.encrypt.decrypt.key
2026-02-17 18:31:28,712 [Catalina-utility-1] INFO  com.siemens.polarion.secrets.manager.operations.impl.ReadFileBackedSecretOperation - secrets-manager: Reading secret with key : rt.repo.encrypt.decrypt.key and version : null
2026-02-17 18:31:28,733 [Catalina-utility-1] INFO  com.siemens.polarion.secrets.manager.impl.FileBackedSecretsManager - secrets-manager: Reading secret version null from path: rt.repo.encrypt.decrypt.key
2026-02-17 18:31:28,733 [Catalina-utility-1] INFO  com.siemens.polarion.secrets.manager.operations.impl.ReadFileBackedSecretOperation - secrets-manager: Reading secret with key : rt.repo.encrypt.decrypt.key and version : null
2026-02-17 18:31:28,755 [main] INFO  org.apache.coyote.ajp.AjpNioProtocol - Starting ProtocolHandler ["ajp-nio-127.0.0.1-8889"]
2026-02-17 18:31:28,774 [main] INFO  com.polarion.psvn.launcher.internal.tomcat.TomcatService - Tomcat is listening on port 8889 using AJP/1.3 protocol with 600000 timeout in millis
2026-02-17 18:31:28,793 [main | u:p] INFO  com.zaxxer.hikari.HikariDataSource - HikariPool Script Monitoring - Starting...
2026-02-17 18:31:28,797 [main | u:p] INFO  com.zaxxer.hikari.pool.HikariPool - HikariPool Script Monitoring - Added connection org.postgresql.jdbc.PgConnection@3a103112
2026-02-17 18:31:28,798 [main | u:p] INFO  com.zaxxer.hikari.HikariDataSource - HikariPool Script Monitoring - Start completed.
2026-02-17 18:31:28,909 [main | u:p] INFO  com.xpn.xwiki.XWiki - xwiki.cfg taken from /WEB-INF/xwiki.cfg because the XWikiConfig variable is not set in the context
2026-02-17 18:31:29,136 [main | u:p] INFO  com.siemens.polarion.rt.communication.connection.RtCommunicationStartup - Rt configuration local mediator is started
2026-02-17 18:31:29,370 [ajp-nio-127.0.0.1-8889-exec-1 | cID:AAAAAQ] INFO  com.siemens.polarion.rt.dataprovider.controller.RtDataProviderController - RT server is notified to update all configurations.
2026-02-17 18:31:29,392 [ajp-nio-127.0.0.1-8889-exec-1 | cID:AAAAAQ] INFO  com.siemens.polarion.secrets.manager.impl.FileBackedSecretsManager - secrets-manager: Reading secret version null from path: rt.repo.encrypt.decrypt.key
2026-02-17 18:31:29,393 [ajp-nio-127.0.0.1-8889-exec-1 | cID:AAAAAQ] INFO  com.siemens.polarion.secrets.manager.operations.impl.ReadFileBackedSecretOperation - secrets-manager: Reading secret with key : rt.repo.encrypt.decrypt.key and version : null
2026-02-17 18:31:29,394 [ajp-nio-127.0.0.1-8889-exec-1 | cID:AAAAAQ] INFO  com.siemens.polarion.secrets.manager.impl.FileBackedSecretsManager - secrets-manager: Reading secret version null from path: rt.repo.encrypt.decrypt.key
2026-02-17 18:31:29,394 [ajp-nio-127.0.0.1-8889-exec-1 | cID:AAAAAQ] INFO  com.siemens.polarion.secrets.manager.operations.impl.ReadFileBackedSecretOperation - secrets-manager: Reading secret with key : rt.repo.encrypt.decrypt.key and version : null
2026-02-17 18:31:29,424 [main | u:p] INFO  com.siemens.polarion.rt.communication.connection.RtNotifier - RT server was successfully notified of configuration change.
2026-02-17 18:31:29,425 [main | u:p] INFO  com.siemens.polarion.rt.communication.connection.RtCommunicationStartup - Rt notification service is started
2026-02-17 18:31:29,427 [ajp-nio-127.0.0.1-8889-exec-1 | cID:AAAAAQ] INFO  TXLOGGER - Summary for 'servlet /polarion/rt/configuration-change-all': Total: 0.133 s, CPU [user: 0.05 s, system: 0.00735 s], Allocated memory: 3.1 MB, transactions: 0
2026-02-17 18:31:29,458 [Thread-33] INFO  com.polarion.core.util.process.JavaRunner - Executing /usr/java/jdk-21/bin/java
  -- args [-jar, /opt/polarion/polarion/plugins/com.polarion.platform_3.26.6/services/notification-service/NotificationService.jar, --server.port=40608, --jwksUrl=https://debian12-nehbabsq-19041.polarion.net.plm.eds.com/polarion/.well-known/jwks.json]
  -- env null
  -- dir /tmp/polarionSpringServerSubprocess17200754257385868167.tmp
2026-02-17 18:31:29,488 [main | u:p] INFO  com.polarion.platform.monitoring - Next slow periodic actions will be executed on Wed Feb 18 01:00:29 CET 2026
2026-02-17 18:31:29,488 [main | u:p] INFO  com.polarion.platform.internal.startup.StartupService - Startup contributor class com.polarion.psvn.core.internal.analytics.AnalyticsServiceStartup successfully initialized
2026-02-17 18:31:29,488 [main | u:p] INFO  com.polarion.platform.internal.startup.StartupService - Startup contributor class com.polarion.psvn.core.internal.scripting.ScriptRunsCleanupService successfully initialized
2026-02-17 18:31:29,488 [main | u:p] INFO  com.polarion.platform.internal.startup.StartupService - Startup contributor class com.polarion.alm.server.util.ChartExporterStartup successfully initialized
2026-02-17 18:31:29,488 [main | u:p] INFO  com.polarion.platform.internal.startup.StartupService - Startup contributor class com.polarion.alm.wiki.WikiPlugin successfully initialized
2026-02-17 18:31:29,488 [main | u:p] INFO  com.polarion.platform.internal.startup.StartupService - Startup contributor class com.polarion.alm.qcentre.internal.QCentreStartup successfully initialized
2026-02-17 18:31:29,488 [main | u:p] INFO  com.polarion.platform.internal.startup.StartupService - Startup contributor class com.siemens.polarion.rt.communication.connection.RtCommunicationStartup successfully initialized
2026-02-17 18:31:29,488 [main | u:p] INFO  com.polarion.platform.internal.startup.StartupService - Startup contributor class com.polarion.platform.internal.startup.NotificationServerStartup successfully initialized
2026-02-17 18:31:29,488 [main | u:p] INFO  com.polarion.platform.internal.startup.StartupService - Startup contributor class com.polarion.subterra.index.impl.IndexingJobsStartup successfully initialized
2026-02-17 18:31:29,488 [main | u:p] INFO  com.polarion.platform.internal.startup.StartupService - Startup contributor class com.polarion.alm.ui.server.ServerStartup successfully initialized
2026-02-17 18:31:29,488 [main | u:p] INFO  com.polarion.platform.internal.startup.StartupService - Startup contributor class com.polarion.alm.server.util.FormulaServerStartup successfully initialized
2026-02-17 18:31:29,488 [main | u:p] INFO  com.polarion.platform.internal.startup.StartupService - Startup contributor class com.polarion.platform.monitoring.internal.MonitoringServiceStart successfully initialized
2026-02-17 18:31:29,491 [Thread-34] INFO  com.polarion.platform.jobs.info - Job "Attachment Indexer" has id 92cd524d-33ba-419d-ab10-941d92d03573
2026-02-17 18:31:29,492 [Thread-34] INFO  com.polarion.platform.jobs.info - State of job "Attachment Indexer" changed to UNSCHEDULED
2026-02-17 18:31:29,492 [Thread-34] INFO  com.polarion.platform.jobs.info - The working directory of the root job "Attachment Indexer" is 20260217-1831
2026-02-17 18:31:29,492 [Thread-34] INFO  com.polarion.platform.jobs.info - Job "Attachment Indexer" runs as user "polarion"
2026-02-17 18:31:29,493 [Thread-34 | u:p] INFO  com.polarion.platform.jobs.info - State of job "Attachment Indexer" changed to ACTIVATING
2026-02-17 18:31:29,494 [Thread-34 | u:p] INFO  com.polarion.platform.jobs.info - State of job "Attachment Indexer" changed to WAITING
2026-02-17 18:31:29,499 [main] INFO  com.polarion.platform.monitoring - Executing actions from stage POSTBOOT
2026-02-17 18:31:29,499 [main] INFO  com.polarion.platform.monitoring - Executing action 'polarion.info.cache.statistics'
2026-02-17 18:31:29,539 [main] INFO  com.polarion.platform.monitoring - polarion.info.cache.statistics (Statistics of caches) = Statistics of caches 
                              CACHE       HITS     MISSES  HIT_RATIO       GETS       PUTS    REMOVAL   EVICTION 
          attachments-content-cache          0          0          0%          0          0          0          0 
                     baseline-cache          0          0          0%          0          0          0          0 
                                 bq          0          0          0%          0          0          0          0 
                     dao-attachment          0          0          0%          0          0          0          0 
                        dao-comment          0          0          0%          0          0          0          0 
                         dao-global          0          4          0%          4          0          0          0 
                         dao-module          0          0          0%          0          0          0          0 
               dao-moduleattachment          0          0          0%          0          0          0          0 
                  dao-modulecomment          0          0          0%          0          0          0          0 
                           dao-plan          0          0          0%          0          0          0          0 
                        dao-project          0          0          0%          0          0          0          0 
                   dao-projectgroup          3          0        100%          3          0          0          0 
                       dao-richpage          0          0          0%          0          0          0          0 
             dao-richpageattachment          0          0          0%          0          0          0          0 
                        dao-testrun          0          0          0%          0          0          0          0 
              dao-testrunattachment          0          0          0%          0          0          0          0 
                           dao-user          0          0          0%          0          0          0          0 
                       dao-wikipage          0          0          0%          0          0          0          0 
             dao-wikipageattachment          0          0          0%          0          0          0          0 
                       dao-workitem          0          0          0%          0          0          0          0 
           derived-linked-revisions          0          0          0%          0          0          0          0 
              fileupload-meta-cache          0          0          0%          0          0          0          0 
                       formulas-svg          0          0          0%          0          0          0          0 
                     github-commits          0          0          0%          0          0          0          0 
                 historical-queries          0          0          0%          0          0          0          0 
           historical-queries-sizes          0          0          0%          0          0          0          0 
                      llm-responses          0          0          0%          0          0          0          0 
                  loading-baselines          0          0          0%          0          0          0          0 
             oslc-linked-item-cache          0          0          0%          0          0          0          0 
                    plan-statistics          0          0          0%          0          0          0          0 
                              CACHE       HITS     MISSES  HIT_RATIO       GETS       PUTS    REMOVAL   EVICTION 
                q-result-Attachment          0          0          0%          0          0          0          0 
                  q-result-Baseline          0          0          0%          0          0          0          0 
        q-result-BaselineCollection          0          0          0%          0          0          0          0 
                     q-result-Build          0          0          0%          0          0          0          0 
             q-result-BuildArtifact          0          0          0%          0          0          0          0 
                  q-result-Category          0          0          0%          0          0          0          0 
                   q-result-Comment          0          0          0%          0          0          0          0 
 q-result-DocumentWorkflowSignature          0          0          0%          0          0          0          0 
                    q-result-Module          0          0          0%          0          0          0          0 
          q-result-ModuleAttachment          0          0          0%          0          0          0          0 
             q-result-ModuleComment          0          0          0%          0          0          0          0 
                      q-result-Plan          0          0          0%          0          0          0          0 
                   q-result-Project          0          0          0%          0          0          0          0 
              q-result-ProjectGroup          0          0          0%          0          0          0          0 
                  q-result-Revision          0          0          0%          0          0          0          0 
                  q-result-RichPage          0          0          0%          0          0          0          0 
        q-result-RichPageAttachment          0          0          0%          0          0          0          0 
           q-result-RichPageComment          0          0          0%          0          0          0          0 
                    q-result-Script          0          0          0%          0          0          0          0 
                   q-result-TestRun          0          0          0%          0          0          0          0 
         q-result-TestRunAttachment          0          0          0%          0          0          0          0 
            q-result-TestRunComment          0          0          0%          0          0          0          0 
                 q-result-TimePoint          0          0          0%          0          0          0          0 
                      q-result-User          0          0          0%          0          0          0          0 
                 q-result-UserGroup          0          0          0%          0          0          0          0 
                 q-result-WatchList          0          0          0%          0          0          0          0 
                  q-result-WikiPage          0          0          0%          0          0          0          0 
        q-result-WikiPageAttachment          0          0          0%          0          0          0          0 
                  q-result-WorkItem          0          0          0%          0          0          0          0 
   q-result-WorkItem-OutlineNumbers          0          0          0%          0          0          0          0 
                q-result-WorkRecord          0          0          0%          0          0          0          0 
                        rmd-default         11          8         58%         19         17          0          0 
                        ss-combined          0          0          0%          0          0          0          0 
                         ss-context          0          0          0%          0          0          0          0 
           uris-to-project-id-cache          0          0          0%          0          0          0          0 
             user-assigned-projects          0          0          0%          0          0          0          0 
           user-restricted-projects          0          0          0%          0          0          0          0 
                          wiki-page          2          8         20%         10          9          1          0 
                   wiki-page-exists          0          0          0%          0          9          1          0 

 [Tue Feb 17 18:31:29 CET 2026]
2026-02-17 18:31:29,546 [Thread-34] INFO  com.polarion.platform.jobs.info - Job "DB History Creator" has id 7aaf5f46-f3bd-4d42-b5cf-c2c34a6fedc6
2026-02-17 18:31:29,546 [Thread-34] INFO  com.polarion.platform.jobs.info - State of job "DB History Creator" changed to UNSCHEDULED
2026-02-17 18:31:29,547 [Thread-34] INFO  com.polarion.platform.jobs.info - The working directory of the root job "DB History Creator" is 20260217-1831_0
2026-02-17 18:31:29,547 [Thread-34] INFO  com.polarion.platform.jobs.info - Job "DB History Creator" runs as user "polarion"
2026-02-17 18:31:29,547 [Thread-34 | u:p] INFO  com.polarion.platform.jobs.info - State of job "DB History Creator" changed to ACTIVATING
2026-02-17 18:31:29,548 [Thread-34 | u:p] INFO  com.polarion.platform.jobs.info - State of job "DB History Creator" changed to WAITING
2026-02-17 18:31:29,551 [Worker-0: Attachment Indexer | u:p] INFO  com.polarion.platform.jobs.info - State of job "Attachment Indexer" changed to RUNNING
2026-02-17 18:31:29,553 [main] INFO  com.polarion.platform.monitoring - Finished with actions from stage POSTBOOT: {OK=1}
2026-02-17 18:31:29,553 [main] INFO  com.polarion.platform.startup - Polarion startup ... took  [ TIME 4.54 s. ]
2026-02-17 18:31:29,554 [main] INFO  TXLOGGER - Summary for 'Polarion startup': transactions: 8, svn: 0.0464 s [80% info (118x), 13% getLatestRevision (10x)] (142x), RepositoryConfigService: 0.0166 s [100% getReadConfiguration (6x)] (6x), SRDB: 0.00983 s [98% execute (8x)] (10x), resolve: 0.00524 s [100% ProjectGroup (3x)] (3x), EHCache: 0.00469 s [99% GET (13x)] (33x), PullingJob: 0.00466 s [100% collectChanges (9x)] (9x), StripedGlobalHandler: 0.00462 s [99% get (12x)] (16x)
2026-02-17 18:31:29,554 [main] INFO  com.polarion.platform.startup - ****************************************************************
2026-02-17 18:31:29,554 [main] INFO  com.polarion.platform.startup -                  Polarion started:  [ TIME 30.7 s. ]
2026-02-17 18:31:29,554 [main] INFO  com.polarion.platform.startup - ****************************************************************
2026-02-17 18:31:29,567 [Worker-0: Attachment Indexer | u:p] INFO  com.polarion.platform.jobs.info - State of job "Attachment Indexer" changed to FINISHED
2026-02-17 18:31:29,568 [Worker-0: Attachment Indexer | u:p] INFO  com.polarion.platform.jobs.info - Status of job "Attachment Indexer" is OK
2026-02-17 18:31:29,569 [Worker-1: DB History Creator | u:p] INFO  com.polarion.platform.jobs.info - State of job "DB History Creator" changed to RUNNING
2026-02-17 18:31:29,588 [PreLoadDataService] INFO  com.polarion.psvn.launcher.internal.data.PreLoadDataService - Preloading data ...
2026-02-17 18:31:29,666 [Persistence Events Processing Thread | u:p] INFO  TXLOGGER - Summary: Total: 0.138 s, CPU [user: 0.02 s, system: 0.00653 s], Allocated memory: 4.3 MB, transactions: 0, persistence listener: 0.137 s [77% notificationsCreatingListener (1x), 16% indexRefreshPersistenceListener (1x)] (8x), processed revs: [95 (delay 349s)]
2026-02-17 18:31:29,752 [Notification-Worker-1 | u:p] INFO  TXLOGGER - Tx 671b2a0dfcc3e_0_671b2a0dfcc3e_0_: finished. Total: 0.101 s, CPU [user: 0.01 s, system: 0.00913 s], Allocated memory: 2.0 MB
2026-02-17 18:31:29,779 [PreLoadDataService | u:p] INFO  com.polarion.subterra.index.impl.lucene.LuceneIndexPair - searcher manager created for index: TimePoint
2026-02-17 18:31:29,807 [Notification-Worker-2 | u:p] INFO  com.polarion.subterra.index.impl.lucene.LuceneIndexPair - searcher manager created for index: WorkItem
2026-02-17 18:31:29,823 [DBHistoryCreator-2 | u:p] INFO  com.polarion.platform.sql.internal.util.TestRecordPersistor - Batch update of test record columns (test parameters, test step results, custom fields) completed successfully.
2026-02-17 18:31:29,833 [PreLoadDataService | u:p] INFO  com.polarion.subterra.index.impl.lucene.LuceneIndexPair - searcher manager created for index: Category
2026-02-17 18:31:29,894 [Worker-1: DB History Creator | u:p | job: polarion.jobs.db.history] INFO  com.polarion.subterra.index.impl.lucene.baseline.LuceneBaselineSnapshots - Baseline snapshots calculation completed in  [ TIME 0.0658 s. ]
2026-02-17 18:31:29,894 [Worker-1: DB History Creator | u:p | job: polarion.jobs.db.history] INFO  com.polarion.subterra.index.impl.lucene.baseline.LuceneBaselineSnapshots - -- [5] snapshots with revisions [1, 1, 1, 1, 1] where head is [95], map size [1] for 1 indexes 

2026-02-17 18:31:30,024 [Notification-Worker-2 | u:p] INFO  TXLOGGER - Tx 671b2a0e0ac43_0_671b2a0e0ac43_0_: finished. Total: 0.317 s, CPU [user: 0.07 s], Allocated memory: 5.3 MB, Lucene: 0.0463 s [93% search (1x)] (6x), ObjectMaps: 0.0243 s [100% getPrimaryObjectLocations (1x)] (1x)
2026-02-17 18:31:30,056 [Activities-Bulk-Publisher] INFO  com.polarion.subterra.index.impl.lucene.LuceneIndexManager - creating index writer for index: Activities
2026-02-17 18:31:30,084 [Worker-1: DB History Creator | u:p | job: polarion.jobs.db.history] INFO  com.polarion.subterra.index.impl.ObjectIndexBaselines - Preloading of baselines: 1, for prototypes: WorkItem; with days range: 180d, took  [ TIME 0.26 s. ] 
2026-02-17 18:31:30,088 [DBHistoryCreator-1 | u:p] INFO  TXLOGGER - Summary for 'worker thread': Total: 0.333 s, CPU [user: 0.01 s, system: 0.000341 s], Allocated memory: 888.3 kB, transactions: 1, Lucene: 0.038 s [100% refresh (1x)] (1x)
2026-02-17 18:31:30,088 [DBHistoryCreator-2 | u:p] INFO  TXLOGGER - Summary for 'worker thread': Total: 0.312 s, CPU [system: 0.0119 s], Allocated memory: 694.9 kB, transactions: 1, TRDSHISTORY: 0.0268 s [63% addBatch (2x), 23% executeBatch (1x)] (11x)
2026-02-17 18:31:30,089 [Worker-1: DB History Creator | u:p | job: polarion.jobs.db.history] INFO  TXLOGGER - Summary after DBHistoryCreator: transactions: 9, notification worker: 0.478 s [71% RevisionActivityCreator (2x), 25% NotificationsCreatingListener (1x)] (7x), persistence listener: 0.137 s [77% notificationsCreatingListener (1x), 16% indexRefreshPersistenceListener (1x)] (8x), Lucene: 0.0923 s [46% search (1x), 41% refresh (1x)] (8x), Incremental Baseline: 0.0661 s [100% WorkItem (1x)] (1x), resolve: 0.027 s [69% User (4x), 27% Revision (4x)] (10x), TRDSHISTORY: 0.0268 s [63% addBatch (2x), 23% executeBatch (1x)] (11x), ObjectMaps: 0.0251 s [97% getPrimaryObjectLocations (1x)] (3x)
2026-02-17 18:31:30,089 [Worker-1: DB History Creator | u:p] INFO  TXLOGGER - Summary for 'job: polarion.jobs.db.history': Total: 0.344 s, CPU [user: 0.04 s, system: 0.00312 s], Allocated memory: 3.0 MB, transactions: 1, Lucene: 0.0925 s [72% buildBaselineSnapshots (1x), 28% buildBaseline (1x)] (2x), svn: 0.0713 s [98% getDatedRevision (181x)] (183x)
2026-02-17 18:31:30,090 [Worker-1: DB History Creator | u:p] INFO  com.polarion.platform.jobs.info - State of job "DB History Creator" changed to FINISHED
2026-02-17 18:31:30,090 [Worker-1: DB History Creator | u:p] INFO  com.polarion.platform.jobs.info - Status of job "DB History Creator" is OK
2026-02-17 18:31:30,090 [PreLoadDataService | u:p] INFO  com.polarion.subterra.index.impl.lucene.baseline.LuceneBaselineSnapshots - Baseline snapshots calculation completed in  [ TIME 0.00528 s. ]
2026-02-17 18:31:30,090 [PreLoadDataService | u:p] INFO  com.polarion.subterra.index.impl.lucene.baseline.LuceneBaselineSnapshots - -- [5] snapshots with revisions [1, 1, 1, 1, 1] where head is [95], map size [1] for 1 indexes 

2026-02-17 18:31:30,191 [PreLoadDataService | u:p] INFO  com.polarion.subterra.index.impl.ObjectIndexBaselines - Preloading of baselines: 1, for prototypes: WorkItem; with days range: 180d, took  [ TIME 0.108 s. ] 
2026-02-17 18:31:30,192 [PreLoadDataService | u:p] INFO  TXLOGGER - Tx 671b2a0ded43d_0_671b2a0ded43d_0_: finished. Total: 0.603 s, CPU [user: 0.11 s, system: 0.00706 s], Allocated memory: 11.4 MB, svn: 0.121 s [70% getDatedRevision (181x), 17% getDir2 content (25x)] (210x), resolve: 0.116 s [100% Category (85x)] (85x), StripedGlobalHandler: 0.0801 s [100% get (89x)] (91x), EHCache: 0.0798 s [100% GET (89x)] (92x), Lucene: 0.0592 s [90% search (2x)] (14x), RepositoryConfigService: 0.043 s [100% getReadConfiguration (2x)] (2x), permissions: 0.032 s [100% readInstance (85x)] (85x)
2026-02-17 18:31:30,195 [Thread-29] INFO  class com.polarion.alm.server.util.ChartExporterStartup - Chart renderer says: Server started on 127.0.0.1:34567
2026-02-17 18:31:30,231 [PreLoadDataService | u:p] INFO  com.polarion.subterra.index.impl.lucene.LuceneIndexPair - searcher manager created for index: ProjectGroup
2026-02-17 18:31:30,315 [PreLoadDataService | u:p] INFO  com.polarion.subterra.index.impl.lucene.LuceneIndexPair - searcher manager created for index: Project
2026-02-17 18:31:30,356 [PreLoadDataService | u:p] INFO  com.polarion.subterra.index.impl.lucene.LuceneIndexPair - searcher manager created for index: User
2026-02-17 18:31:30,467 [PreLoadDataService | u:p] INFO  TXLOGGER - Tx 671b2a0ea5c47_0_671b2a0ea5c47_0_: finished. Total: 0.138 s, CPU [user: 0.04 s], Allocated memory: 3.7 MB, RepositoryConfigService: 0.0464 s [77% getReadUserConfiguration (4x), 23% getReadConfiguration (260x)] (264x), Lucene: 0.0279 s [100% search (1x)] (6x), svn: 0.0271 s [82% info (3x)] (6x), EHCache: 0.0198 s [100% GET (31x)] (32x)
2026-02-17 18:31:30,588 [PreLoadDataService | u:p] INFO  com.polarion.platform.persistence.internal.FactoriesProvider - Factory for unknown enumId (reqtype) created
2026-02-17 18:31:30,596 [PreLoadDataService | u:p] INFO  com.polarion.platform.persistence.internal.FactoriesProvider - Factory for unknown enumId (testtype) created
2026-02-17 18:31:30,603 [PreLoadDataService | u:p] INFO  TXLOGGER - Tx 671b2a0ecac49_0_671b2a0ecac49_0_: finished. Total: 0.128 s, CPU [user: 0.04 s, system: 0.00472 s], Allocated memory: 5.2 MB, RepositoryConfigService: 0.081 s [90% getReadConfiguration (69x)] (156x), svn: 0.0407 s [87% getFile content (24x)] (40x)
2026-02-17 18:31:30,868 [PreLoadDataService | u:p] INFO  com.polarion.platform.persistence.internal.FactoriesProvider - Factory for unknown enumId (subtype) created
2026-02-17 18:31:30,876 [PreLoadDataService | u:p] INFO  TXLOGGER - Tx 671b2a0f0b44c_0_671b2a0f0b44c_0_: finished. Total: 0.143 s, CPU [user: 0.05 s], Allocated memory: 9.9 MB, RepositoryConfigService: 0.0956 s [97% getReadConfiguration (171x)] (339x), svn: 0.0728 s [73% getFile content (44x), 27% getDir2 content (17x)] (62x)
2026-02-17 18:31:30,962 [PreLoadDataService | u:p] INFO  com.polarion.platform.persistence.internal.FactoriesProvider - Factory for unknown enumId (tshirt-sizes) created
2026-02-17 18:31:31,287 [PreLoadDataService | u:p] INFO  com.polarion.platform.persistence.internal.FactoriesProvider - Factory for unknown enumId (version) created
2026-02-17 18:31:31,297 [PreLoadDataService | u:p] INFO  TXLOGGER - Tx 671b2a0f78c51_0_671b2a0f78c51_0_: finished. Total: 0.126 s, CPU [user: 0.03 s, system: 0.00407 s], Allocated memory: 7.2 MB, RepositoryConfigService: 0.0976 s [95% getReadConfiguration (171x)] (342x), svn: 0.0557 s [62% getFile content (43x), 38% getDir2 content (17x)] (61x)
2026-02-17 18:31:31,378 [PreLoadDataService] INFO  com.polarion.psvn.launcher.internal.data.PreLoadDataService - Preloading data FINISHED took  [ TIME 1.79 s. ]
2026-02-17 18:31:31,380 [PreLoadDataService] INFO  TXLOGGER - Summary for 'PreloadDataService': Total: 1.79 s, CPU [user: 0.44 s, system: 0.0197 s], Allocated memory: 66.1 MB, transactions: 15, RepositoryConfigService: 0.722 s [88% getReadConfiguration (1168x)] (2153x), svn: 0.611 s [56% getFile content (245x), 24% getDir2 content (165x)] (609x), Lucene: 0.159 s [96% search (5x)] (32x), resolve: 0.127 s [91% Category (85x)] (104x), EHCache: 0.102 s [100% GET (131x)] (138x), StripedGlobalHandler: 0.0931 s [97% get (1169x)] (1184x)
2026-02-17 18:31:31,380 [PreLoadDataService] INFO  TXLOGGER - Summary after preload: transactions: 17, RepositoryConfigService: 0.722 s [88% getReadConfiguration (1168x)] (2153x), svn: 0.683 s [50% getFile content (245x), 23% getDatedRevision (362x), 21% getDir2 content (165x)] (794x), Lucene: 0.252 s [60% search (5x), 29% buildBaselineSnapshots (2x)] (35x), resolve: 0.128 s [91% Category (85x)] (105x), EHCache: 0.102 s [100% GET (138x)] (147x), StripedGlobalHandler: 0.0932 s [97% get (1170x)] (1185x)
2026-02-17 18:31:31,394 [Thread-39] INFO  class com.polarion.alm.server.util.FormulaServerStartup - Formula renderer says: Server started on 127.0.0.1:34568
2026-02-17 18:31:31,598 [Thread-37] INFO  NotificationService - 
2026-02-17 18:31:31,598 [Thread-37] INFO  NotificationService -   .   ____          _            __ _ _
2026-02-17 18:31:31,598 [Thread-37] INFO  NotificationService -  /\\ / ___'_ __ _ _(_)_ __  __ _ \ \ \ \
2026-02-17 18:31:31,598 [Thread-37] INFO  NotificationService - ( ( )\___ | '_ | '_| | '_ \/ _` | \ \ \ \
2026-02-17 18:31:31,598 [Thread-37] INFO  NotificationService -  \\/  ___)| |_)| | | | | || (_| |  ) ) ) )
2026-02-17 18:31:31,598 [Thread-37] INFO  NotificationService -   '  |____| .__|_| |_|_| |_\__, | / / / /
2026-02-17 18:31:31,598 [Thread-37] INFO  NotificationService -  =========|_|==============|___/=/_/_/_/
2026-02-17 18:31:31,600 [Thread-37] INFO  NotificationService -  :: Spring Boot ::                (v3.2.5)
2026-02-17 18:31:31,600 [Thread-37] INFO  NotificationService - 
2026-02-17 18:31:31,699 [Thread-37] INFO  NotificationService - [main] INFO  c.s.polarion.service.notification.Application - Starting Application vDPP-1189260-SNAPSHOT using Java 21.0.8 with PID 50120 (/opt/polarion/polarion/plugins/com.polarion.platform_3.26.6/services/notification-service/NotificationService.jar started by polarion in /tmp/polarionSpringServerSubprocess17200754257385868167.tmp)
2026-02-17 18:31:31,700 [Thread-37] INFO  NotificationService - [main] INFO  c.s.polarion.service.notification.Application - No active profile set, falling back to 1 default profile: "default"
2026-02-17 18:31:32,496 [Thread-37] INFO  NotificationService - [main] INFO  o.s.boot.web.embedded.tomcat.TomcatWebServer - Tomcat initialized with port 40608 (http)
2026-02-17 18:31:32,505 [Thread-37] INFO  NotificationService - [main] INFO  org.apache.coyote.http11.Http11NioProtocol - Initializing ProtocolHandler ["http-nio-40608"]
2026-02-17 18:31:32,506 [Thread-37] INFO  NotificationService - [main] INFO  org.apache.catalina.core.StandardService - Starting service [Tomcat]
2026-02-17 18:31:32,506 [Thread-37] INFO  NotificationService - [main] INFO  org.apache.catalina.core.StandardEngine - Starting Servlet engine: [Apache Tomcat/10.1.43]
2026-02-17 18:31:32,532 [Thread-37] INFO  NotificationService - [main] INFO  o.a.c.core.ContainerBase.[Tomcat].[localhost].[/] - Initializing Spring embedded WebApplicationContext
2026-02-17 18:31:32,533 [Thread-37] INFO  NotificationService - [main] INFO  o.s.b.w.s.c.ServletWebServerApplicationContext - Root WebApplicationContext: initialization completed in 730 ms
2026-02-17 18:31:32,546 [Thread-37] INFO  NotificationService - [main] INFO  o.a.c.core.ContainerBase.[Tomcat].[localhost].[/] - Initializing AtmosphereFramework
2026-02-17 18:31:32,814 [Thread-37] INFO  NotificationService - [main] INFO  org.apache.coyote.http11.Http11NioProtocol - Starting ProtocolHandler ["http-nio-40608"]
2026-02-17 18:31:32,850 [Thread-37] INFO  NotificationService - [main] INFO  org.atmosphere.cpr.AtmosphereFramework - Atmosphere is using org.atmosphere.cpr.DefaultAnnotationProcessor for processing annotation
2026-02-17 18:31:32,850 [Thread-37] INFO  NotificationService - [main] INFO  org.atmosphere.cpr.DefaultAnnotationProcessor - AnnotationProcessor class org.atmosphere.cpr.DefaultAnnotationProcessor$BytecodeBasedAnnotationProcessor being used
2026-02-17 18:31:32,868 [Thread-37] INFO  NotificationService - [main] INFO  org.atmosphere.cpr.AnnotationHandler - Found Annotation in class com.siemens.polarion.service.notification.NotificationService being scanned: interface org.atmosphere.config.service.ManagedService
2026-02-17 18:31:32,871 [Thread-37] INFO  NotificationService - [main] INFO  org.atmosphere.annotation.AnnotationUtil - Adding class org.atmosphere.interceptor.AtmosphereResourceLifecycleInterceptor
2026-02-17 18:31:32,873 [Thread-37] INFO  NotificationService - [main] INFO  org.atmosphere.annotation.AnnotationUtil - Adding class org.atmosphere.client.TrackMessageSizeInterceptor
2026-02-17 18:31:32,873 [Thread-37] INFO  NotificationService - [main] INFO  org.atmosphere.annotation.AnnotationUtil - Adding class org.atmosphere.interceptor.SuspendTrackerInterceptor
2026-02-17 18:31:32,873 [Thread-37] INFO  NotificationService - [main] INFO  org.atmosphere.annotation.AnnotationUtil - Adding class org.atmosphere.config.managed.ManagedServiceInterceptor
2026-02-17 18:31:32,882 [Thread-37] INFO  NotificationService - [main] INFO  org.atmosphere.annotation.AnnotationUtil - Adding class com.siemens.polarion.service.notification.JwtVerificationInterceptor
2026-02-17 18:31:32,886 [Thread-37] INFO  NotificationService - [main] INFO  org.atmosphere.util.ForkJoinPool - Using ForkJoinPool  java.util.concurrent.ForkJoinPool. Set the org.atmosphere.cpr.broadcaster.maxAsyncWriteThreads to -1 to fully use its power.
2026-02-17 18:31:32,896 [Thread-37] INFO  NotificationService - [main] INFO  org.atmosphere.cpr.AtmosphereFramework - Installed AtmosphereHandler org.atmosphere.config.managed.ManagedAtmosphereHandler mapped to context-path /notification and Broadcaster Class org.atmosphere.cpr.DefaultBroadcaster
2026-02-17 18:31:32,896 [Thread-37] INFO  NotificationService - [main] INFO  org.atmosphere.cpr.AtmosphereFramework - Installed AtmosphereInterceptor [Atmosphere LifeCycle,  Track Message Size Interceptor using |, UUID Tracking Interceptor, @ManagedService Interceptor, @Service Event Listeners, com.siemens.polarion.service.notification.JwtVerificationInterceptor] mapped to AtmosphereHandler org.atmosphere.config.managed.ManagedAtmosphereHandler
2026-02-17 18:31:32,920 [Thread-37] INFO  NotificationService - [main] INFO  org.atmosphere.cpr.AtmosphereFramework - Auto detecting WebSocketHandler in /WEB-INF/classes/
2026-02-17 18:31:32,922 [Thread-37] INFO  NotificationService - [main] INFO  org.atmosphere.cpr.AtmosphereFramework - Installed WebSocketProtocol org.atmosphere.websocket.protocol.SimpleHttpProtocol 
2026-02-17 18:31:32,924 [Thread-37] INFO  NotificationService - [main] INFO  org.atmosphere.container.JSR356AsyncSupport - JSR 356 Mapping path /notification
2026-02-17 18:31:32,930 [Thread-37] INFO  NotificationService - [main] INFO  org.atmosphere.cpr.AtmosphereFramework - Installing Default AtmosphereInterceptors
2026-02-17 18:31:32,931 [Thread-37] INFO  NotificationService - [main] INFO  org.atmosphere.cpr.AtmosphereFramework - 	org.atmosphere.interceptor.CorsInterceptor : CORS Interceptor Support
2026-02-17 18:31:32,931 [Thread-37] INFO  NotificationService - [main] INFO  org.atmosphere.cpr.AtmosphereFramework - 	org.atmosphere.interceptor.CacheHeadersInterceptor : Default Response's Headers Interceptor
2026-02-17 18:31:32,931 [Thread-37] INFO  NotificationService - [main] INFO  org.atmosphere.cpr.AtmosphereFramework - 	org.atmosphere.interceptor.PaddingAtmosphereInterceptor : Browser Padding Interceptor Support
2026-02-17 18:31:32,931 [Thread-37] INFO  NotificationService - [main] INFO  org.atmosphere.cpr.AtmosphereFramework - 	org.atmosphere.interceptor.AndroidAtmosphereInterceptor : Android Interceptor Support
2026-02-17 18:31:32,932 [Thread-37] INFO  NotificationService - [main] INFO  org.atmosphere.cpr.AtmosphereFramework - 	org.atmosphere.interceptor.HeartbeatInterceptor : Heartbeat Interceptor Support
2026-02-17 18:31:32,933 [Thread-37] INFO  NotificationService - [main] INFO  org.atmosphere.cpr.AtmosphereFramework - 	org.atmosphere.interceptor.SSEAtmosphereInterceptor : SSE Interceptor Support
2026-02-17 18:31:32,933 [Thread-37] INFO  NotificationService - [main] INFO  org.atmosphere.cpr.AtmosphereFramework - 	org.atmosphere.interceptor.JSONPAtmosphereInterceptor : JSONP Interceptor Support
2026-02-17 18:31:32,934 [Thread-37] INFO  NotificationService - [main] INFO  org.atmosphere.cpr.AtmosphereFramework - 	org.atmosphere.interceptor.JavaScriptProtocol : Atmosphere JavaScript Protocol
2026-02-17 18:31:32,934 [Thread-37] INFO  NotificationService - [main] INFO  org.atmosphere.cpr.AtmosphereFramework - 	org.atmosphere.interceptor.WebSocketMessageSuspendInterceptor : org.atmosphere.interceptor.WebSocketMessageSuspendInterceptor
2026-02-17 18:31:32,934 [Thread-37] INFO  NotificationService - [main] INFO  org.atmosphere.cpr.AtmosphereFramework - 	org.atmosphere.interceptor.OnDisconnectInterceptor : Browser disconnection detection
2026-02-17 18:31:32,934 [Thread-37] INFO  NotificationService - [main] INFO  org.atmosphere.cpr.AtmosphereFramework - 	org.atmosphere.interceptor.IdleResourceInterceptor : org.atmosphere.interceptor.IdleResourceInterceptor
2026-02-17 18:31:32,934 [Thread-37] INFO  NotificationService - [main] INFO  org.atmosphere.cpr.AtmosphereFramework - Set org.atmosphere.cpr.AtmosphereInterceptor.disableDefaults to disable them.
2026-02-17 18:31:32,934 [Thread-37] INFO  NotificationService - [main] INFO  org.atmosphere.cpr.AtmosphereFramework - Installed AtmosphereInterceptor CORS Interceptor Support with priority FIRST_BEFORE_DEFAULT 
2026-02-17 18:31:32,936 [Thread-37] INFO  NotificationService - [main] INFO  org.atmosphere.cpr.AtmosphereFramework - Installed AtmosphereInterceptor Default Response's Headers Interceptor with priority AFTER_DEFAULT 
2026-02-17 18:31:32,936 [Thread-37] INFO  NotificationService - [main] INFO  org.atmosphere.cpr.AtmosphereFramework - Installed AtmosphereInterceptor Browser Padding Interceptor Support with priority AFTER_DEFAULT 
2026-02-17 18:31:32,936 [Thread-37] INFO  NotificationService - [main] INFO  org.atmosphere.cpr.AtmosphereFramework - Installed AtmosphereInterceptor Android Interceptor Support with priority AFTER_DEFAULT 
2026-02-17 18:31:32,937 [Thread-37] INFO  NotificationService - [main] INFO  org.atmosphere.interceptor.HeartbeatInterceptor - HeartbeatInterceptor configured with padding value 'X', client frequency 30 seconds and server frequency 120 seconds
2026-02-17 18:31:32,937 [Thread-37] INFO  NotificationService - [main] INFO  org.atmosphere.cpr.AtmosphereFramework - Installed AtmosphereInterceptor Heartbeat Interceptor Support with priority AFTER_DEFAULT 
2026-02-17 18:31:32,937 [Thread-37] INFO  NotificationService - [main] INFO  org.atmosphere.cpr.AtmosphereFramework - Installed AtmosphereInterceptor SSE Interceptor Support with priority AFTER_DEFAULT 
2026-02-17 18:31:32,937 [Thread-37] INFO  NotificationService - [main] INFO  org.atmosphere.cpr.AtmosphereFramework - Installed AtmosphereInterceptor JSONP Interceptor Support with priority AFTER_DEFAULT 
2026-02-17 18:31:32,937 [Thread-37] INFO  NotificationService - [main] INFO  org.atmosphere.cpr.AtmosphereFramework - Installed AtmosphereInterceptor Atmosphere JavaScript Protocol with priority AFTER_DEFAULT 
2026-02-17 18:31:32,937 [Thread-37] INFO  NotificationService - [main] INFO  org.atmosphere.cpr.AtmosphereFramework - Installed AtmosphereInterceptor org.atmosphere.interceptor.WebSocketMessageSuspendInterceptor with priority AFTER_DEFAULT 
2026-02-17 18:31:32,937 [Thread-37] INFO  NotificationService - [main] INFO  org.atmosphere.cpr.AtmosphereFramework - Installed AtmosphereInterceptor Browser disconnection detection with priority AFTER_DEFAULT 
2026-02-17 18:31:32,937 [Thread-37] INFO  NotificationService - [main] INFO  org.atmosphere.cpr.AtmosphereFramework - Installed AtmosphereInterceptor org.atmosphere.interceptor.IdleResourceInterceptor with priority BEFORE_DEFAULT 
2026-02-17 18:31:32,937 [Thread-37] INFO  NotificationService - [main] INFO  org.atmosphere.cpr.AtmosphereFramework - Using EndpointMapper class org.atmosphere.util.DefaultEndpointMapper
2026-02-17 18:31:32,937 [Thread-37] INFO  NotificationService - [main] INFO  org.atmosphere.cpr.AtmosphereFramework - Using BroadcasterCache: org.atmosphere.cache.UUIDBroadcasterCache
2026-02-17 18:31:32,937 [Thread-37] INFO  NotificationService - [main] INFO  org.atmosphere.cpr.AtmosphereFramework - Default Broadcaster Class: org.atmosphere.cpr.DefaultBroadcaster
2026-02-17 18:31:32,937 [Thread-37] INFO  NotificationService - [main] INFO  org.atmosphere.cpr.AtmosphereFramework - Broadcaster Shared List Resources: false
2026-02-17 18:31:32,937 [Thread-37] INFO  NotificationService - [main] INFO  org.atmosphere.cpr.AtmosphereFramework - Broadcaster Polling Wait Time 100
2026-02-17 18:31:32,937 [Thread-37] INFO  NotificationService - [main] INFO  org.atmosphere.cpr.AtmosphereFramework - Shared ExecutorService supported: true
2026-02-17 18:31:32,937 [Thread-37] INFO  NotificationService - [main] INFO  org.atmosphere.cpr.AtmosphereFramework - Messaging ExecutorService Pool Size unavailable - Not instance of ThreadPoolExecutor
2026-02-17 18:31:32,937 [Thread-37] INFO  NotificationService - [main] INFO  org.atmosphere.cpr.AtmosphereFramework - Async I/O Thread Pool Size: 200
2026-02-17 18:31:32,937 [Thread-37] INFO  NotificationService - [main] INFO  org.atmosphere.cpr.AtmosphereFramework - Using BroadcasterFactory: org.atmosphere.cpr.DefaultBroadcasterFactory
2026-02-17 18:31:32,937 [Thread-37] INFO  NotificationService - [main] INFO  org.atmosphere.cpr.AtmosphereFramework - Using AtmosphereResurceFactory: org.atmosphere.cpr.DefaultAtmosphereResourceFactory
2026-02-17 18:31:32,937 [Thread-37] INFO  NotificationService - [main] INFO  org.atmosphere.cpr.AtmosphereFramework - Using WebSocketProcessor: org.atmosphere.websocket.DefaultWebSocketProcessor
2026-02-17 18:31:32,938 [Thread-37] INFO  NotificationService - [main] INFO  org.atmosphere.cpr.AtmosphereFramework - Invoke AtmosphereInterceptor on WebSocket message true
2026-02-17 18:31:32,938 [Thread-37] INFO  NotificationService - [main] INFO  org.atmosphere.cpr.AtmosphereFramework - HttpSession supported: false
2026-02-17 18:31:32,938 [Thread-37] INFO  NotificationService - [main] INFO  org.atmosphere.cpr.AtmosphereFramework - Atmosphere is using Spring Web ObjectFactory for dependency injection and object creation
2026-02-17 18:31:32,939 [Thread-37] INFO  NotificationService - [main] INFO  org.atmosphere.cpr.AtmosphereFramework - Atmosphere is using async support: org.atmosphere.container.JSR356AsyncSupport running under container: Apache Tomcat/10.1.43 using jakarta.servlet/3.0 and jsr356/WebSocket API
2026-02-17 18:31:32,941 [Thread-37] INFO  NotificationService - [main] INFO  org.atmosphere.cpr.AtmosphereFramework - Atmosphere Framework 3.0.1 started.
2026-02-17 18:31:32,941 [Thread-37] INFO  NotificationService - [main] INFO  org.atmosphere.cpr.AtmosphereFramework - 
2026-02-17 18:31:32,941 [Thread-37] INFO  NotificationService - 
2026-02-17 18:31:32,941 [Thread-37] INFO  NotificationService - 	For Atmosphere Framework Commercial Support, visit 
2026-02-17 18:31:32,941 [Thread-37] INFO  NotificationService - 	http://www.async-io.org/ or send an email to support@async-io.org
2026-02-17 18:31:32,941 [Thread-37] INFO  NotificationService - 
2026-02-17 18:31:32,943 [Thread-37] INFO  NotificationService - [main] INFO  o.s.boot.web.embedded.tomcat.TomcatWebServer - Tomcat started on port 40608 (http) with context path ''
2026-02-17 18:31:32,957 [Thread-37] INFO  NotificationService - [main] INFO  c.s.polarion.service.notification.Application - Started Application in 2.084 seconds (process running for 3.488)
2026-02-17 18:31:33,030 [Thread-37] INFO  NotificationService - [Thread-1] INFO  org.atmosphere.cpr.AtmosphereFramework - Latest version of Atmosphere's JavaScript Client 3.1.4
2026-02-17 18:31:39,577 [Thread-33] INFO  NotificationService - Notification service was started successfully.
2026-02-17 18:32:23,714 [ajp-nio-127.0.0.1-8889-exec-3 | cID:AAAAAg] INFO  TXLOGGER - Summary for 'servlet /polarion/gwt/com.polarion.UI/PortalDataService': Total: 0.362 s, CPU [user: 0.25 s, system: 0.0192 s], Allocated memory: 25.4 MB, transactions: 0, PolarionAuthenticator: 0.361 s [100% authenticate (1x)] (1x)
2026-02-17 18:32:30,317 [ajp-nio-127.0.0.1-8889-exec-9 | cID:AAAACQ] INFO  com.polarion.platform.realm.PolarionRealm - authenticate:admin
2026-02-17 18:32:30,337 [ajp-nio-127.0.0.1-8889-exec-9 | cID:AAAACQ | u:p] INFO  (SECURITY) com.polarion.platform.internal.security.auth.LoginFlowUserPassword - [AUTH-0001] - User 'admin' authenticated. Source: portal/UNSET.
2026-02-17 18:32:30,345 [ajp-nio-127.0.0.1-8889-exec-9 | cID:AAAACQ | u:p] INFO  (SECURITY) com.polarion.platform.internal.security.auth.LoginFlowUserPassword - [AUTH-0001] - User 'admin' logged in. Source: portal/UNSET.
2026-02-17 18:32:30,348 [ajp-nio-127.0.0.1-8889-exec-9 | cID:AAAACQ] INFO  PolarionLicensing - STATS:concurrentALMUser,current:1,peak:1,limit:120000
2026-02-17 18:32:30,663 [ajp-nio-127.0.0.1-8889-exec-9 | cID:AAAACQ] INFO  PolarionLicensing - User 'admin' logged in with concurrent ALM
2026-02-17 18:32:30,667 [ajp-nio-127.0.0.1-8889-exec-9 | cID:AAAACQ] INFO  TXLOGGER - Summary for 'servlet /polarion/internal-login/j_security_check': Total: 0.351 s, CPU [user: 0.04 s, system: 0.00561 s], Allocated memory: 3.1 MB, transactions: 3, PolarionAuthenticator: 0.35 s [100% authenticate (1x)] (1x), SaltLicense: 0.315 s [100% userLoggedIn (1x)] (1x)
2026-02-17 18:32:32,283 [ajp-nio-127.0.0.1-8889-exec-4 | cID:AAAADQ | u:admin] INFO  TXLOGGER - Tx 671b2a4affc56_0_671b2a4affc56_0_: finished. Total: 0.156 s, CPU [user: 0.1 s, system: 0.0159 s], Allocated memory: 11.7 MB, svn: 0.0327 s [94% info (35x)] (47x), RepositoryConfigService: 0.0271 s [96% getReadConfiguration (29x)] (57x), UICustomizationDataProvider: 0.0168 s [100% getUserDataValue (1x)] (1x)
2026-02-17 18:32:32,309 [ajp-nio-127.0.0.1-8889-exec-4 | cID:AAAADQ] INFO  TXLOGGER - Summary for 'servlet /polarion/gwt/com.polarion.UI/PortalDataService': Total: 0.188 s, CPU [user: 0.13 s, system: 0.0111 s], Allocated memory: 14.6 MB, transactions: 1, PortalDataService: 0.157 s [100% requestPortalSite (1x)] (1x), svn: 0.0327 s [94% info (35x)] (47x), RPC: 0.0285 s [77% encodeResponse (1x), 19% decodeRequest (1x)] (4x), RepositoryConfigService: 0.0271 s [96% getReadConfiguration (30x)] (58x), UICustomizationDataProvider: 0.0168 s [100% getUserDataValue (1x)] (1x)
2026-02-17 18:32:32,888 [ajp-nio-127.0.0.1-8889-exec-2 | cID:AAAADg | u:admin | i:drivepilot/_default/Home | sql: SELECT w.c_pagename, w.c_spaceid, w.c_title, w.c_parentspaceid, p.c_id FROM wikipage w, project p WHERE w.fk_uri_project = p.c_uri AND w.c_id='Home' AND p.c_id=?] INFO  com.zaxxer.hikari.HikariDataSource - HikariPool - pg polarion - Starting...
2026-02-17 18:32:32,892 [ajp-nio-127.0.0.1-8889-exec-2 | cID:AAAADg | u:admin | i:drivepilot/_default/Home | sql: SELECT w.c_pagename, w.c_spaceid, w.c_title, w.c_parentspaceid, p.c_id FROM wikipage w, project p WHERE w.fk_uri_project = p.c_uri AND w.c_id='Home' AND p.c_id=?] INFO  com.zaxxer.hikari.pool.HikariPool - HikariPool - pg polarion - Added connection org.postgresql.jdbc.PgConnection@6f28c46c
2026-02-17 18:32:32,892 [ajp-nio-127.0.0.1-8889-exec-2 | cID:AAAADg | u:admin | i:drivepilot/_default/Home | sql: SELECT w.c_pagename, w.c_spaceid, w.c_title, w.c_parentspaceid, p.c_id FROM wikipage w, project p WHERE w.fk_uri_project = p.c_uri AND w.c_id='Home' AND p.c_id=?] INFO  com.zaxxer.hikari.HikariDataSource - HikariPool - pg polarion - Start completed.
2026-02-17 18:32:32,925 [ajp-nio-127.0.0.1-8889-exec-2 | cID:AAAADg | u:admin | i:drivepilot/_default/Home] INFO  com.polarion.alm.ai.internal.LlmRegistry - Registered LLM provider with id 'azure': com.polarion.alm.ai.internal.azure.AzureLlmProvider
2026-02-17 18:32:32,926 [ajp-nio-127.0.0.1-8889-exec-2 | cID:AAAADg | u:admin | i:drivepilot/_default/Home] INFO  com.polarion.alm.ai.internal.LlmRegistry - Reconfiguring LLM registry...
2026-02-17 18:32:32,927 [ajp-nio-127.0.0.1-8889-exec-2 | cID:AAAADg | u:admin | i:drivepilot/_default/Home] INFO  com.polarion.alm.ai.internal.LlmRegistry - Reconfigured LLM registry with available models: []
2026-02-17 18:32:32,944 [ajp-nio-127.0.0.1-8889-exec-2 | cID:AAAADg | u:admin | i:drivepilot/_default/Home] INFO  com.polarion.alm.tracker.internal.LicenseLimitsUpdater - Current license type: ALM. License limited prototypes: false. 
2026-02-17 18:32:33,245 [ajp-nio-127.0.0.1-8889-exec-2 | cID:AAAADg | u:admin | i:drivepilot/_default/Home] INFO  TXLOGGER - Tx 671b2a4bb9057_0_671b2a4bb9057_0_: finished. Total: 0.377 s, CPU [user: 0.26 s, system: 0.024 s], Allocated memory: 25.1 MB
2026-02-17 18:32:33,282 [ajp-nio-127.0.0.1-8889-exec-2 | cID:AAAADg | u:admin] INFO  RPC - "0.648","Load Rich Page for preview","drivepilot/_default/Home (null, 1)"
2026-02-17 18:32:33,283 [ajp-nio-127.0.0.1-8889-exec-2 | cID:AAAADg] INFO  TXLOGGER - Summary for 'servlet /polarion/gwt/com.polarion.UI/UniversalService': Total: 0.651 s, CPU [user: 0.5 s, system: 0.0474 s], Allocated memory: 53.5 MB, transactions: 1, RpeModel: 0.378 s [100% initialize (1x)] (1x), RPC: 0.269 s [86% decodeRequest (1x)] (4x)
2026-02-17 18:32:33,711 [ajp-nio-127.0.0.1-8889-exec-4 | cID:AAAAFw | u:admin] INFO  RPC - "0.067","Render Widget for preview","drivepilot/_default/Home (null, 1)/com.polarion.scriptInline/polarion_client5_iw_1"
2026-02-17 18:32:33,715 [ajp-nio-127.0.0.1-8889-exec-10 | cID:AAAAFA | u:admin] INFO  RPC - "0.082","Render Widget for preview","drivepilot/_default/Home (null, 1)/com.polarion.scriptBlock/polarion_client11"
2026-02-17 18:32:33,716 [ajp-nio-127.0.0.1-8889-exec-3 | cID:AAAAFg | u:admin] INFO  RPC - "0.077","Render Widget for preview","drivepilot/_default/Home (null, 1)/com.polarion.scriptInline/polarion_client16_iw_1"
2026-02-17 18:32:33,722 [ajp-nio-127.0.0.1-8889-exec-1 | cID:AAAAFQ | u:admin] INFO  RPC - "0.088","Render Widget for preview","drivepilot/_default/Home (null, 1)/com.polarion.scriptBlock/polarion_client10"
2026-02-17 18:32:33,761 [ajp-nio-127.0.0.1-8889-exec-2 | cID:AAAAGA | u:admin] INFO  RPC - "0.018","Render Widget for preview","drivepilot/_default/Home (null, 1)/com.polarion.scriptInline/polarion_client9_iw_1"
2026-02-17 18:32:33,785 [ajp-nio-127.0.0.1-8889-exec-6 | cID:AAAAGQ | u:admin | i:drivepilot/_default/Home e:polarion_client1] INFO  com.polarion.subterra.index.impl.lucene.LuceneIndexPair - searcher manager created for index: Activities
2026-02-17 18:32:33,997 [ajp-nio-127.0.0.1-8889-exec-6 | cID:AAAAGQ | u:admin | i:drivepilot/_default/Home e:polarion_client1] INFO  TXLOGGER - Tx 671b2a4c98461_0_671b2a4c98461_0_: finished. Total: 0.236 s, CPU [user: 0.13 s, system: 0.00709 s], Allocated memory: 13.6 MB, GC: 0.052 s [100% G1 Young Generation (1x)] (1x), Lucene: 0.0475 s [95% search (1x)] (5x)
2026-02-17 18:32:33,999 [ajp-nio-127.0.0.1-8889-exec-6 | cID:AAAAGQ | u:admin] INFO  RPC - "0.240","Render Widget for preview","drivepilot/_default/Home (null, 1)/com.polarion.activityStream/polarion_client1"
2026-02-17 18:32:33,999 [ajp-nio-127.0.0.1-8889-exec-6 | cID:AAAAGQ] INFO  TXLOGGER - Summary for 'servlet /polarion/gwt/com.polarion.UI/UniversalService': Total: 0.241 s, CPU [user: 0.14 s, system: 0.00213 s], Allocated memory: 15.7 MB, transactions: 1, RenderingRequest: 0.236 s [100% initialize (1x)] (1x), GC: 0.052 s [100% G1 Young Generation (1x)] (1x), Lucene: 0.0475 s [95% search (1x)] (5x)
2026-02-17 18:32:38,026 [ajp-nio-127.0.0.1-8889-exec-9 | cID:AAAAHQ | u:admin | GET:/polarion/wiki/bin/view/project/drivepilot/page/?service=Overview | wiki: view https://debian12-nehbabsq-19041.polarion.net.plm.eds.com/polarion/wiki/bin/view/project/drivepilot/page/] INFO  com.xpn.xwiki.XWiki - Initializing URLFactory Service...
2026-02-17 18:32:38,091 [ajp-nio-127.0.0.1-8889-exec-9 | cID:AAAAHQ | u:admin | GET:/polarion/wiki/bin/view/project/drivepilot/page/?service=Overview | wiki: view https://debian12-nehbabsq-19041.polarion.net.plm.eds.com/polarion/wiki/bin/view/project/drivepilot/page/] INFO  com.xpn.xwiki.XWiki - Initializing RightService...
2026-02-17 18:32:38,455 [ajp-nio-127.0.0.1-8889-exec-9 | cID:AAAAHQ | u:admin | GET:/polarion/wiki/bin/view/project/drivepilot/page/?service=Overview | wiki: view https://debian12-nehbabsq-19041.polarion.net.plm.eds.com/polarion/wiki/bin/view/project/drivepilot/page/] INFO  com.polarion.subterra.index.impl.lucene.LuceneIndexPair - searcher manager created for index: WikiPage
2026-02-17 18:32:38,571 [ajp-nio-127.0.0.1-8889-exec-9 | cID:AAAAHQ | u:admin | GET:/polarion/wiki/bin/view/project/drivepilot/page/?service=Overview | wiki: view https://debian12-nehbabsq-19041.polarion.net.plm.eds.com/polarion/wiki/bin/view/project/drivepilot/page/] INFO  com.polarion.subterra.index.impl.lucene.LuceneIndexPair - searcher manager created for index: Module
2026-02-17 18:32:38,644 [ajp-nio-127.0.0.1-8889-exec-9 | cID:AAAAHQ | u:admin | GET:/polarion/wiki/bin/view/project/drivepilot/page/?service=Overview | wiki: view https://debian12-nehbabsq-19041.polarion.net.plm.eds.com/polarion/wiki/bin/view/project/drivepilot/page/] INFO  TXLOGGER - Tx 671b2a5136c68_0_671b2a5136c68_0_: finished. Total: 0.152 s, CPU [user: 0.09 s, system: 0.00892 s], Allocated memory: 10.1 MB, Lucene: 0.0165 s [96% search (2x)] (12x), resolve: 0.0153 s [90% Module (9x)] (23x)
2026-02-17 18:32:38,658 [ajp-nio-127.0.0.1-8889-exec-9 | cID:AAAAHQ | u:admin | GET:/polarion/wiki/bin/view/project/drivepilot/page/?service=Overview] INFO  RPC - "0.647","Load Wiki Page","/Panels/WikiOverview (null)"
2026-02-17 18:32:38,658 [ajp-nio-127.0.0.1-8889-exec-9 | cID:AAAAHQ] INFO  TXLOGGER - Summary for 'servlet /polarion/wiki/bin/view/project/drivepilot/page/': Total: 0.712 s, CPU [user: 0.29 s, system: 0.0458 s], Allocated memory: 73.5 MB, transactions: 5, Velocity: 0.487 s [100% evaluate in Wiki (1x)] (1x), GC: 0.068 s [56% G1 Young Generation (1x), 44% G1 Concurrent GC (2x)] (3x), space-permissions: 0.0416 s [97% modifyInstance (16x)] (43x)
2026-02-17 18:32:41,927 [ajp-nio-127.0.0.1-8889-exec-2 | cID:AAAAQQ | u:admin] INFO  com.polarion.subterra.index.impl.lucene.LuceneIndexPair - searcher manager created for index: Plan
2026-02-17 18:32:42,156 [ajp-nio-127.0.0.1-8889-exec-8 | cID:AAAAQA | u:admin] INFO  com.polarion.platform.persistence.internal.FactoriesProvider - Factory for unknown enumId (oslc-link-role) created
2026-02-17 18:32:42,175 [ajp-nio-127.0.0.1-8889-exec-8 | cID:AAAAQA | u:admin | u:p] INFO  com.siemens.polarion.secrets.manager.impl.FileBackedSecretsManager - secrets-manager: Reading secret version null from path: oslc.encrypt.decrypt.key
2026-02-17 18:32:42,175 [ajp-nio-127.0.0.1-8889-exec-8 | cID:AAAAQA | u:admin | u:p] INFO  com.siemens.polarion.secrets.manager.operations.impl.ReadFileBackedSecretOperation - secrets-manager: Reading secret with key : oslc.encrypt.decrypt.key and version : null
2026-02-17 18:32:42,233 [ajp-nio-127.0.0.1-8889-exec-8 | cID:AAAAQA | u:admin] INFO  TXLOGGER - Tx 671b2a5489c7e_0_671b2a5489c7e_0_: finished. Total: 0.337 s, CPU [user: 0.15 s, system: 0.0119 s], Allocated memory: 18.0 MB, RepositoryConfigService: 0.118 s [87% getReadConfiguration (202x)] (298x), svn: 0.0402 s [86% info (66x)] (84x)
2026-02-17 18:32:42,287 [ajp-nio-127.0.0.1-8889-exec-8 | cID:AAAAQA | u:admin] INFO  RPC - "0.405","Load Work Item for preview","drivepilot/DP-477 (null, 1)"
2026-02-17 18:32:42,288 [ajp-nio-127.0.0.1-8889-exec-8 | cID:AAAAQA] INFO  TXLOGGER - Summary for 'servlet /polarion/gwt/com.polarion.UI/UniversalService': Total: 0.405 s, CPU [user: 0.17 s, system: 0.0228 s], Allocated memory: 31.4 MB, transactions: 1, LoadWorkItemRequest: 0.338 s [100% initialize (1x)] (1x), RepositoryConfigService: 0.118 s [87% getReadConfiguration (203x)] (299x), RPC: 0.0655 s [66% encodeResponse (1x), 18% decodeRequest (1x)] (4x), svn: 0.0402 s [86% info (66x)] (84x)
2026-02-17 18:32:42,318 [ajp-nio-127.0.0.1-8889-exec-2 | cID:AAAAQQ | u:admin] INFO  TXLOGGER - Tx 671b2a548787c_0_671b2a548787c_0_: finished. Total: 0.427 s, CPU [user: 0.21 s], Allocated memory: 25.3 MB, RepositoryConfigService: 0.05 s [84% getReadConfiguration (1201x)] (1461x), svn: 0.0365 s [90% info (59x)] (68x)
2026-02-17 18:32:42,347 [ajp-nio-127.0.0.1-8889-exec-2 | cID:AAAAQQ] INFO  TXLOGGER - Summary for 'servlet /polarion/gwt/com.polarion.UI/UniversalService': Total: 0.464 s, CPU [user: 0.22 s, system: 0.0169 s], Allocated memory: 30.8 MB, transactions: 1, LoadInstancesWithEditorsRequest: 0.432 s [100% initialize (1x)] (1x), RepositoryConfigService: 0.05 s [84% getReadConfiguration (1202x)] (1462x), svn: 0.0365 s [90% info (59x)] (68x), RPC: 0.0302 s [89% encodeResponse (1x)] (4x)
2026-02-17 18:32:42,524 [ajp-nio-127.0.0.1-8889-exec-6 | cID:AAAARA | u:admin] INFO  TXLOGGER - Tx 671b2a5507881_0_671b2a5507881_0_: finished. Total: 0.126 s, CPU [user: 0.09 s], Allocated memory: 16.8 MB
2026-02-17 18:32:42,531 [ajp-nio-127.0.0.1-8889-exec-6 | cID:AAAARA] INFO  TXLOGGER - Summary for 'servlet /polarion/gwt/com.polarion.UI/UniversalService': Total: 0.135 s, CPU [user: 0.09 s, system: 0.00159 s], Allocated memory: 18.6 MB, transactions: 1, LoadInstancesWithEditorsRequest: 0.126 s [100% initialize (1x)] (1x)
2026-02-17 18:32:43,153 [ajp-nio-127.0.0.1-8889-exec-4 | cID:AAAARg | u:admin] INFO  RPC - "0.097","Load Work Item for editing","drivepilot/DP-477 (null, 1)"
2026-02-17 18:32:48,953 [ajp-nio-127.0.0.1-8889-exec-3 | cID:AAAAUQ | u:admin] INFO  RPC - "0.033","Load Query Builder","drivepilot"
2026-02-17 18:32:49,288 [ajp-nio-127.0.0.1-8889-exec-2 | cID:AAAAVA | u:admin] INFO  TXLOGGER - Tx 671b2a5ba4c91_0_671b2a5ba4c91_0_: finished. Total: 0.117 s, CPU [user: 0.08 s, system: 0.00606 s], Allocated memory: 20.1 MB
2026-02-17 18:32:49,298 [ajp-nio-127.0.0.1-8889-exec-2 | cID:AAAAVA] INFO  TXLOGGER - Summary for 'servlet /polarion/gwt/com.polarion.UI/UniversalService': Total: 0.131 s, CPU [user: 0.1 s], Allocated memory: 21.9 MB, transactions: 1, LoadInstancesWithEditorsRequest: 0.117 s [100% initialize (1x)] (1x), RPC: 0.011 s [82% encodeResponse (1x)] (4x)
2026-02-17 18:32:50,580 [ajp-nio-127.0.0.1-8889-exec-5 | cID:AAAAVw | u:admin] INFO  TXLOGGER - Tx 671b2a5d03494_0_671b2a5d03494_0_: finished. Total: 0.00716 s, CPU [system: 0.00504 s], Allocated memory: 693.2 kB, WeakPObjectList: [secondGetHits: 8 ]
2026-02-17 18:32:50,581 [ajp-nio-127.0.0.1-8889-exec-5 | cID:AAAAVw] INFO  TXLOGGER - Summary for 'servlet /polarion/gwt/com.polarion.UI/WorkItemDataService': Total: 0.00991 s, CPU [user: 0.01 s], Allocated memory: 1.1 MB, transactions: 1, WeakPObjectList: [secondGetHits: 8 ]
2026-02-17 18:32:51,241 [ajp-nio-127.0.0.1-8889-exec-8 | cID:AAAAYA | u:admin] INFO  TXLOGGER - Tx 671b2a5da989d_0_671b2a5da989d_0_: finished. Total: 0.00312 s, CPU [system: 0.00318 s], Allocated memory: 429.8 kB, WeakPObjectList: [secondGetHits: 8 ]
2026-02-17 18:32:51,242 [ajp-nio-127.0.0.1-8889-exec-8 | cID:AAAAYA] INFO  TXLOGGER - Summary for 'servlet /polarion/gwt/com.polarion.UI/WorkItemDataService': Total: 0.0063 s, CPU [user: 0.01 s], Allocated memory: 772.8 kB, transactions: 1, WeakPObjectList: [secondGetHits: 8 ]
2026-02-17 18:32:52,925 [ajp-nio-127.0.0.1-8889-exec-3 | cID:AAAAZQ | u:admin] INFO  TXLOGGER - Tx 671b2a5f2d4a2_0_671b2a5f2d4a2_0_: finished. Total: 0.135 s, CPU [user: 0.07 s, system: 0.0132 s], Allocated memory: 10.0 MB, RepositoryConfigService: 0.0119 s [67% getReadConfiguration (226x), 33% getExistingPrefixes (83x)] (326x)
2026-02-17 18:32:52,938 [ajp-nio-127.0.0.1-8889-exec-3 | cID:AAAAZQ | u:admin] INFO  RPC - "0.150","Load Work Item for preview","drivepilot/DP-309 (null, 1)"
2026-02-17 18:32:52,939 [ajp-nio-127.0.0.1-8889-exec-3 | cID:AAAAZQ] INFO  TXLOGGER - Summary for 'servlet /polarion/gwt/com.polarion.UI/UniversalService': Total: 0.151 s, CPU [user: 0.09 s, system: 0.00759 s], Allocated memory: 16.5 MB, transactions: 1, LoadWorkItemRequest: 0.135 s [100% initialize (1x)] (1x), RPC: 0.014 s [72% encodeResponse (1x), 25% writeResponse (1x)] (4x), RepositoryConfigService: 0.0119 s [67% getReadConfiguration (227x), 33% getExistingPrefixes (83x)] (327x)
2026-02-17 18:32:53,932 [ajp-nio-127.0.0.1-8889-exec-2 | cID:AAAAaA | u:admin] INFO  RPC - "0.072","Load Work Item for editing","drivepilot/DP-309 (null, 1)"
2026-02-17 18:33:00,734 [ajp-nio-127.0.0.1-8889-exec-5 | cID:AAAAaw | u:admin] INFO  com.polarion.subterra.index.impl.lucene.LuceneIndexPair - searcher manager created for index: Revision
2026-02-17 18:36:29,181 [Thread-28] INFO  class com.polarion.alm.server.util.ChartExporterStartup - Chart renderer was started successfully.
2026-02-17 18:36:29,615 [Thread-35] INFO  class com.polarion.alm.server.util.FormulaServerStartup - Formula renderer was started successfully.
