2026-06-24 14:34:08,209 [Notification-Worker-1 | u:p] ERROR com.polarion.alm.ui.server.activity.BuildActivityCreator - Error while creating activity
com.polarion.platform.persistence.UnresolvableObjectException: uri: subterra:data-service:objects:/default/elibrary${Project}elibrary
	at com.polarion.platform.persistence.lowlevel.LowLevelPObject.checkResolved(LowLevelPObject.java:383) ~[platform-persistence.jar:?]
	at com.polarion.platform.persistence.spi.PObject.getValue(PObject.java:285) ~[platform-persistence.jar:?]
	at com.polarion.alm.projects.internal.model.Project.getName(Project.java:91) ~[projects.jar:?]
	at com.polarion.alm.ui.server.activity.BuildActivitySource.getBuildTitle(BuildActivitySource.java:259) ~[ui.jar:?]
	at com.polarion.alm.ui.server.activity.BuildActivitySource.renderBuild(BuildActivitySource.java:206) ~[ui.jar:?]
	at com.polarion.alm.ui.server.activity.BuildActivitySource.createActivity(BuildActivitySource.java:191) ~[ui.jar:?]
	at com.polarion.alm.ui.server.activity.BuildActivitySource.process(BuildActivitySource.java:181) ~[ui.jar:?]
	at com.polarion.alm.ui.server.activity.BuildActivityCreator.handleEventObjects(BuildActivityCreator.java:102) ~[ui.jar:?]
	at com.polarion.alm.ui.server.activity.BuildActivityCreator.handleEventInternal(BuildActivityCreator.java:73) ~[ui.jar:?]
	at com.polarion.alm.ui.server.activity.ActivityPersistenceListener.lambda$0(ActivityPersistenceListener.java:40) ~[ui.jar:?]
	at com.polarion.platform.persistence.internal.notifications.NotificationWorkers.execute(NotificationWorkers.java:67) ~[platform-persistence.jar:?]
	at com.polarion.platform.persistence.internal.notifications.NotificationWorkers$1.call(NotificationWorkers.java:53) ~[platform-persistence.jar:?]
	at com.polarion.platform.persistence.internal.notifications.NotificationWorkers$1.call(NotificationWorkers.java:1) ~[platform-persistence.jar:?]
	at com.polarion.core.util.threads.ParallelWorkers.lambda$0(ParallelWorkers.java:78) ~[util.jar:?]
	at java.util.concurrent.FutureTask.run(FutureTask.java:317) ~[?:?]
	at java.util.concurrent.ThreadPoolExecutor.runWorker(ThreadPoolExecutor.java:1144) ~[?:?]
	at java.util.concurrent.ThreadPoolExecutor$Worker.run(ThreadPoolExecutor.java:642) ~[?:?]
	at com.polarion.platform.internal.security.DoAsUserThreadFactory$1.run(DoAsUserThreadFactory.java:82) ~[platform.jar:?]
	at com.polarion.platform.internal.security.DoAsUserThreadFactory$1.run(DoAsUserThreadFactory.java:1) ~[platform.jar:?]
	at java.security.AccessController.doPrivileged(AccessController.java:400) ~[?:?]
	at javax.security.auth.Subject.doAs(Subject.java:453) ~[?:?]
	at com.polarion.platform.internal.security.SubjectNDC.doAs(SubjectNDC.java:59) ~[platform.jar:?]
	at com.polarion.platform.internal.security.SecurityService.doAsUser(SecurityService.java:429) ~[platform.jar:?]
	at com.polarion.platform.internal.security.SecurityService.doAsSystemUser(SecurityService.java:417) ~[platform.jar:?]
	at $ISecurityService_19ef99f6992.doAsSystemUser($ISecurityService_19ef99f6992.java) ~[?:?]
	at com.polarion.platform.internal.security.DoAsUserThreadFactory.lambda$0(DoAsUserThreadFactory.java:86) ~[platform.jar:?]
	at java.lang.Thread.run(Thread.java:1583) ~[?:?]
2026-06-24 14:34:08,188 [Notification-Worker-2 | u:p] ERROR com.polarion.alm.ui.server.activity.BuildActivityCreator - Error while creating activity
com.polarion.platform.persistence.UnresolvableObjectException: uri: subterra:data-service:objects:/default/elibrary${Project}elibrary
	at com.polarion.platform.persistence.lowlevel.LowLevelPObject.checkResolved(LowLevelPObject.java:383) ~[platform-persistence.jar:?]
	at com.polarion.platform.persistence.spi.PObject.getValue(PObject.java:285) ~[platform-persistence.jar:?]
	at com.polarion.alm.projects.internal.model.Project.getName(Project.java:91) ~[projects.jar:?]
	at com.polarion.alm.ui.server.activity.BuildActivitySource.getBuildTitle(BuildActivitySource.java:259) ~[ui.jar:?]
	at com.polarion.alm.ui.server.activity.BuildActivitySource.renderBuild(BuildActivitySource.java:206) ~[ui.jar:?]
	at com.polarion.alm.ui.server.activity.BuildActivitySource.createActivity(BuildActivitySource.java:191) ~[ui.jar:?]
	at com.polarion.alm.ui.server.activity.BuildActivitySource.process(BuildActivitySource.java:181) ~[ui.jar:?]
	at com.polarion.alm.ui.server.activity.BuildActivityCreator.handleEventObjects(BuildActivityCreator.java:102) ~[ui.jar:?]
	at com.polarion.alm.ui.server.activity.BuildActivityCreator.handleEventInternal(BuildActivityCreator.java:73) ~[ui.jar:?]
	at com.polarion.alm.ui.server.activity.ActivityPersistenceListener.lambda$0(ActivityPersistenceListener.java:40) ~[ui.jar:?]
	at com.polarion.platform.persistence.internal.notifications.NotificationWorkers.execute(NotificationWorkers.java:67) ~[platform-persistence.jar:?]
	at com.polarion.platform.persistence.internal.notifications.NotificationWorkers$1.call(NotificationWorkers.java:53) ~[platform-persistence.jar:?]
	at com.polarion.platform.persistence.internal.notifications.NotificationWorkers$1.call(NotificationWorkers.java:1) ~[platform-persistence.jar:?]
	at com.polarion.core.util.threads.ParallelWorkers.lambda$0(ParallelWorkers.java:78) ~[util.jar:?]
	at java.util.concurrent.FutureTask.run(FutureTask.java:317) ~[?:?]
	at java.util.concurrent.ThreadPoolExecutor.runWorker(ThreadPoolExecutor.java:1144) ~[?:?]
	at java.util.concurrent.ThreadPoolExecutor$Worker.run(ThreadPoolExecutor.java:642) ~[?:?]
	at com.polarion.platform.internal.security.DoAsUserThreadFactory$1.run(DoAsUserThreadFactory.java:82) ~[platform.jar:?]
	at com.polarion.platform.internal.security.DoAsUserThreadFactory$1.run(DoAsUserThreadFactory.java:1) ~[platform.jar:?]
	at java.security.AccessController.doPrivileged(AccessController.java:400) ~[?:?]
	at javax.security.auth.Subject.doAs(Subject.java:453) ~[?:?]
	at com.polarion.platform.internal.security.SubjectNDC.doAs(SubjectNDC.java:59) ~[platform.jar:?]
	at com.polarion.platform.internal.security.SecurityService.doAsUser(SecurityService.java:429) ~[platform.jar:?]
	at com.polarion.platform.internal.security.SecurityService.doAsSystemUser(SecurityService.java:417) ~[platform.jar:?]
	at $ISecurityService_19ef99f6992.doAsSystemUser($ISecurityService_19ef99f6992.java) ~[?:?]
	at com.polarion.platform.internal.security.DoAsUserThreadFactory.lambda$0(DoAsUserThreadFactory.java:86) ~[platform.jar:?]
	at java.lang.Thread.run(Thread.java:1583) ~[?:?]
